<html>
<body>
<pre>
<h1>礦ision Build Log</h1>
<h2>Tool Versions:</h2>
IDE-Version: μVision V5.25.3.0
Copyright (C) 2018 ARM Ltd and ARM Germany GmbH. All rights reserved.
License Information: 11 Microsoft, Microsoft, LIC=X1ENN-Y4MUA-KRRXM-XU45X-X1RV0-GIPN9
 
Tool Versions:
Toolchain:       MDK-ARM Professional  Version: 5.14.0.0
Toolchain Path:  D:\KEIL5\ARM\ARMCC\Bin
C Compiler:      Armcc.exe V5.05 update 1 (build 106)
Assembler:       Armasm.exe V5.05 update 1 (build 106)
Linker/Locator:  ArmLink.exe V5.05 update 1 (build 106)
Library Manager: ArmAr.exe V5.05 update 1 (build 106)
Hex Converter:   FromElf.exe V5.05 update 1 (build 106)
CPU DLL:         SARMCM3.DLL V5.14.0.0
Dialog DLL:      DCM.DLL V1.13.1.0
Target DLL:      CMSIS_AGDI.dll V1.21.0.0
Dialog DLL:      TCM.DLL V1.14.4.0
 
<h2>Project:</h2>
G:\需要替换\4--实验程序\4-实验程序\扩展实验\RFID-RC522门禁控制系统\RFID-RC522门禁控制系统程序\Template.uvprojx
Project File Date:  05/16/2019

<h2>Output:</h2>
*** Using Compiler 'V5.05 update 1 (build 106)', folder: 'D:\KEIL5\ARM\ARMCC\Bin'
Rebuild target 'Target 1'
compiling main.c...
compiling stm32f10x_it.c...
assembling startup_stm32f10x_hd.s...
compiling stm32f10x_gpio.c...
compiling stm32f10x_rcc.c...
compiling misc.c...
compiling stm32f10x_exti.c...
compiling stm32f10x_tim.c...
compiling stm32f10x_usart.c...
compiling stm32f10x_iwdg.c...
compiling stm32f10x_wwdg.c...
compiling stm32f10x_bkp.c...
compiling stm32f10x_pwr.c...
compiling stm32f10x_adc.c...
compiling stm32f10x_dac.c...
compiling stm32f10x_dma.c...
compiling stm32f10x_rtc.c...
compiling stm32f10x_can.c...
compiling stm32f10x_fsmc.c...
compiling stm32f10x_spi.c...
compiling system_stm32f10x.c...
compiling core_cm3.c...
compiling led.c...
compiling tftlcd.c...
APP\tftlcd\tftlcd.c(619): warning:  #177-D: variable "i" was declared but never referenced
        u16 i;
APP\tftlcd\tftlcd.c(2498): warning:  #111-D: statement is unreachable
        return r;                                               
APP\tftlcd\tftlcd.c(2372): warning:  #177-D: variable "r1" was declared but never referenced
        u16 r1,r2,r3;
APP\tftlcd\tftlcd.c(2372): warning:  #177-D: variable "r2" was declared but never referenced
        u16 r1,r2,r3;
APP\tftlcd\tftlcd.c(2372): warning:  #177-D: variable "r3" was declared but never referenced
        u16 r1,r2,r3;
APP\tftlcd\tftlcd.c: 5 warnings, 0 errors
compiling RC522.c...
APP\RC522\RC522.c(56): warning:  #68-D: integer conversion resulted in a change of sign
     {   status = MI_ERR;  
APP\RC522\RC522.c(93): warning:  #68-D: integer conversion resulted in a change of sign
           {   status = MI_ERR;    }
APP\RC522\RC522.c(129): warning:  #68-D: integer conversion resulted in a change of sign
      {   status = MI_ERR;    }
APP\RC522\RC522.c(161): warning:  #68-D: integer conversion resulted in a change of sign
      {   status = MI_ERR;   }
APP\RC522\RC522.c(190): warning:  #68-D: integer conversion resulted in a change of sign
      {   status = MI_ERR;   }
APP\RC522\RC522.c(214): warning:  #68-D: integer conversion resulted in a change of sign
      {   status = MI_ERR;   }
APP\RC522\RC522.c(225): warning:  #68-D: integer conversion resulted in a change of sign
          {   status = MI_ERR;   }
APP\RC522\RC522.c(253): warning:  #68-D: integer conversion resulted in a change of sign
      {   status = MI_ERR;   }
APP\RC522\RC522.c(263): warning:  #514-D: pointless comparison of unsigned integer with a negative constant
          if (status != MI_ERR)
APP\RC522\RC522.c(276): warning:  #68-D: integer conversion resulted in a change of sign
          {   status = MI_ERR;   }
APP\RC522\RC522.c(300): warning:  #68-D: integer conversion resulted in a change of sign
      {   status = MI_ERR;   }
APP\RC522\RC522.c(311): warning:  #514-D: pointless comparison of unsigned integer with a negative constant
          if (status != MI_ERR)
APP\RC522\RC522.c(316): warning:  #68-D: integer conversion resulted in a change of sign
      {    return MI_ERR;   }
APP\RC522\RC522.c(326): warning:  #68-D: integer conversion resulted in a change of sign
      {   status = MI_ERR;   }
APP\RC522\RC522.c(338): warning:  #550-D: variable "status" was set but never used
      char status;
APP\RC522\RC522.c(516): warning:  #68-D: integer conversion resulted in a change of sign
      char status = MI_ERR;
APP\RC522\RC522.c(564): warning:  #68-D: integer conversion resulted in a change of sign
               {   status = MI_NOTAGERR;   }
APP\RC522\RC522.c(582): warning:  #68-D: integer conversion resulted in a change of sign
           {   status = MI_ERR;   }
APP\RC522\RC522.c: 18 warnings, 0 errors
compiling time.c...
compiling system.c...
compiling SysTick.c...
compiling usart.c...
linking...
Program Size: Code=8508 RO-data=7480 RW-data=68 ZI-data=1044  
FromELF: creating hex file...
".\Obj\Template.axf" - 0 Error(s), 23 Warning(s).

<h2>Software Packages used:</h2>

Package Vendor: Keil
                http://www.keil.com/pack/Keil.STM32F1xx_DFP.1.0.5.pack
                Keil.STM32F1xx_DFP.1.0.5
                STMicroelectronics STM32F1 Series Device Support, Drivers and Examples

<h2>Collection of Component include folders:</h2>
  .\RTE\_Target_1
  D:\KEIL5\ARM\PACK\Keil\STM32F1xx_DFP\1.0.5\Device\Include

<h2>Collection of Component Files used:</h2>
Build Time Elapsed:  00:00:25
</pre>
</body>
</html>
