Component: ARM Compiler 5.05 update 1 (build 106) Tool: armlink [4d0efa]

==============================================================================

Section Cross References

    main.o(.text) refers to systick.o(.text) for SysTick_Init
    main.o(.text) refers to misc.o(.text) for NVIC_PriorityGroupConfig
    main.o(.text) refers to led.o(.text) for LED_Init
    main.o(.text) refers to usart.o(.text) for USART1_Init
    main.o(.text) refers to tftlcd.o(.text) for TFTLCD_Init
    main.o(.text) refers to touch.o(.text) for TOUCH_Init
    main.o(.text) refers to sram.o(.text) for FSMC_SRAM_Init
    main.o(.text) refers to malloc.o(.text) for my_mem_init
    startup_stm32f10x_hd.o(STACK) refers (Special) to heapauxi.o(.text) for __use_two_region_memory
    startup_stm32f10x_hd.o(HEAP) refers (Special) to heapauxi.o(.text) for __use_two_region_memory
    startup_stm32f10x_hd.o(RESET) refers (Special) to heapauxi.o(.text) for __use_two_region_memory
    startup_stm32f10x_hd.o(RESET) refers to startup_stm32f10x_hd.o(STACK) for __initial_sp
    startup_stm32f10x_hd.o(RESET) refers to startup_stm32f10x_hd.o(.text) for Reset_Handler
    startup_stm32f10x_hd.o(RESET) refers to stm32f10x_it.o(.text) for NMI_Handler
    startup_stm32f10x_hd.o(RESET) refers to time.o(.text) for TIM3_IRQHandler
    startup_stm32f10x_hd.o(RESET) refers to usart.o(.text) for USART1_IRQHandler
    startup_stm32f10x_hd.o(.text) refers (Special) to heapauxi.o(.text) for __use_two_region_memory
    startup_stm32f10x_hd.o(.text) refers to system_stm32f10x.o(.text) for SystemInit
    startup_stm32f10x_hd.o(.text) refers to __main.o(!!!main) for __main
    startup_stm32f10x_hd.o(.text) refers to startup_stm32f10x_hd.o(HEAP) for Heap_Mem
    startup_stm32f10x_hd.o(.text) refers to startup_stm32f10x_hd.o(STACK) for Stack_Mem
    system_stm32f10x.o(.text) refers to system_stm32f10x.o(.data) for SystemCoreClock
    stm32f10x_gpio.o(.text) refers to stm32f10x_rcc.o(.text) for RCC_APB2PeriphResetCmd
    stm32f10x_rcc.o(.text) refers to stm32f10x_rcc.o(.data) for APBAHBPrescTable
    stm32f10x_usart.o(.text) refers to stm32f10x_rcc.o(.text) for RCC_APB2PeriphResetCmd
    stm32f10x_spi.o(.text) refers to stm32f10x_rcc.o(.text) for RCC_APB2PeriphResetCmd
    stm32f10x_tim.o(.text) refers to stm32f10x_rcc.o(.text) for RCC_APB2PeriphResetCmd
    24cxx.o(.text) refers to iic.o(.text) for IIC_Init
    24cxx.o(.text) refers to systick.o(.text) for delay_ms
    flash.o(.text) refers to _printf_percent.o(.ARM.Collect$$_printf_percent$$00000000) for _printf_percent
    flash.o(.text) refers to _printf_x.o(.ARM.Collect$$_printf_percent$$0000000C) for _printf_x
    flash.o(.text) refers to _printf_hex_int.o(.text) for _printf_longlong_hex
    flash.o(.text) refers to spi.o(.text) for SPI2_ReadWriteByte
    flash.o(.text) refers to stm32f10x_rcc.o(.text) for RCC_APB2PeriphClockCmd
    flash.o(.text) refers to stm32f10x_gpio.o(.text) for GPIO_Init
    flash.o(.text) refers to noretval__2printf.o(.text) for __2printf
    flash.o(.text) refers to systick.o(.text) for delay_us
    flash.o(.text) refers to flash.o(.data) for EN25QXX_TYPE
    flash.o(.text) refers to flash.o(.bss) for EN25QXX_BUFFER
    iic.o(.text) refers to stm32f10x_rcc.o(.text) for RCC_APB2PeriphClockCmd
    iic.o(.text) refers to stm32f10x_gpio.o(.text) for GPIO_Init
    iic.o(.text) refers to systick.o(.text) for delay_us
    led.o(.text) refers to stm32f10x_rcc.o(.text) for RCC_APB2PeriphClockCmd
    led.o(.text) refers to stm32f10x_gpio.o(.text) for GPIO_Init
    spi.o(.text) refers to stm32f10x_spi.o(.text) for SPI_I2S_GetFlagStatus
    spi.o(.text) refers to stm32f10x_rcc.o(.text) for RCC_APB2PeriphClockCmd
    spi.o(.text) refers to stm32f10x_gpio.o(.text) for GPIO_Init
    sram.o(.text) refers to stm32f10x_rcc.o(.text) for RCC_APB2PeriphClockCmd
    sram.o(.text) refers to stm32f10x_gpio.o(.text) for GPIO_Init
    sram.o(.text) refers to stm32f10x_fsmc.o(.text) for FSMC_NORSRAMInit
    tftlcd.o(.text) refers to _printf_percent.o(.ARM.Collect$$_printf_percent$$00000000) for _printf_percent
    tftlcd.o(.text) refers to _printf_x.o(.ARM.Collect$$_printf_percent$$0000000C) for _printf_x
    tftlcd.o(.text) refers to _printf_hex_int.o(.text) for _printf_longlong_hex
    tftlcd.o(.text) refers to stm32f10x_rcc.o(.text) for RCC_APB2PeriphClockCmd
    tftlcd.o(.text) refers to stm32f10x_gpio.o(.text) for GPIO_Init
    tftlcd.o(.text) refers to stm32f10x_fsmc.o(.text) for FSMC_NORSRAMInit
    tftlcd.o(.text) refers to systick.o(.text) for delay_ms
    tftlcd.o(.text) refers to noretval__2printf.o(.text) for __2printf
    tftlcd.o(.text) refers to tftlcd.o(.data) for tftlcd_data
    tftlcd.o(.text) refers to tftlcd.o(.constdata) for ascii_1206
    time.o(.text) refers to stm32f10x_rcc.o(.text) for RCC_APB1PeriphClockCmd
    time.o(.text) refers to stm32f10x_tim.o(.text) for TIM_TimeBaseInit
    time.o(.text) refers to misc.o(.text) for NVIC_Init
[...]
    ../clib/angel/sysapp.c                   0x00000000   Number         0  sys_command.o ABSOLUTE
    ../clib/angel/sysapp.c                   0x00000000   Number         0  sys_wrch.o ABSOLUTE
    ../clib/armsys.c                         0x00000000   Number         0  argv_veneer.o ABSOLUTE
    ../clib/armsys.c                         0x00000000   Number         0  argv_veneer.o ABSOLUTE
    ../clib/armsys.c                         0x00000000   Number         0  _get_argv_nomalloc.o ABSOLUTE
    ../clib/armsys.c                         0x00000000   Number         0  no_argv.o ABSOLUTE
    ../clib/heapalloc.c                      0x00000000   Number         0  hrguard.o ABSOLUTE
    ../clib/heapaux.c                        0x00000000   Number         0  heapauxi.o ABSOLUTE
    ../clib/libinit.s                        0x00000000   Number         0  libshutdown2.o ABSOLUTE
    ../clib/libinit.s                        0x00000000   Number         0  libinit2.o ABSOLUTE
    ../clib/libinit.s                        0x00000000   Number         0  libinit.o ABSOLUTE
    ../clib/libinit.s                        0x00000000   Number         0  libshutdown.o ABSOLUTE
    ../clib/printf.c                         0x00000000   Number         0  __printf_flags.o ABSOLUTE
    ../clib/printf.c                         0x00000000   Number         0  __printf_ss.o ABSOLUTE
    ../clib/printf.c                         0x00000000   Number         0  __printf.o ABSOLUTE
    ../clib/printf.c                         0x00000000   Number         0  __printf_flags_ss.o ABSOLUTE
    ../clib/printf.c                         0x00000000   Number         0  __printf_flags_wp.o ABSOLUTE
    ../clib/printf.c                         0x00000000   Number         0  __printf_ss_wp.o ABSOLUTE
    ../clib/printf.c                         0x00000000   Number         0  __printf_flags_ss_wp.o ABSOLUTE
    ../clib/printf.c                         0x00000000   Number         0  __2printf.o ABSOLUTE
    ../clib/printf.c                         0x00000000   Number         0  __printf_wp.o ABSOLUTE
    ../clib/printf.c                         0x00000000   Number         0  _printf_char_file.o ABSOLUTE
    ../clib/printf.c                         0x00000000   Number         0  _printf_intcommon.o ABSOLUTE
    ../clib/printf.c                         0x00000000   Number         0  __printf_nopercent.o ABSOLUTE
    ../clib/printf.c                         0x00000000   Number         0  noretval__2printf.o ABSOLUTE
    ../clib/printf.c                         0x00000000   Number         0  _printf_hex_ll.o ABSOLUTE
    ../clib/printf.c                         0x00000000   Number         0  _printf_hex_int.o ABSOLUTE
    ../clib/printf.c                         0x00000000   Number         0  _printf_char_common.o ABSOLUTE
    ../clib/printf.c                         0x00000000   Number         0  _printf_hex_int_ll.o ABSOLUTE
    ../clib/printf.c                         0x00000000   Number         0  _printf_hex_ptr.o ABSOLUTE
    ../clib/printf.c                         0x00000000   Number         0  _printf_hex_int_ptr.o ABSOLUTE
    ../clib/printf.c                         0x00000000   Number         0  _printf_hex_ll_ptr.o ABSOLUTE
    ../clib/printf.c                         0x00000000   Number         0  _printf_hex_int_ll_ptr.o ABSOLUTE
    ../clib/printf_percent.s                 0x00000000   Number         0  _printf_percent.o ABSOLUTE
    ../clib/printf_percent.s                 0x00000000   Number         0  _printf_x.o ABSOLUTE
    ../clib/printf_percent.s                 0x00000000   Number         0  _printf_percent_end.o ABSOLUTE
    ../clib/signal.c                         0x00000000   Number         0  defsig_exit.o ABSOLUTE
    ../clib/signal.c                         0x00000000   Number         0  defsig_cppl_inner.o ABSOLUTE
    ../clib/signal.c                         0x00000000   Number         0  defsig_rtred_inner.o ABSOLUTE
    ../clib/signal.c                         0x00000000   Number         0  defsig_fpe_inner.o ABSOLUTE
    ../clib/signal.c                         0x00000000   Number         0  defsig_other.o ABSOLUTE
    ../clib/signal.c                         0x00000000   Number         0  defsig_segv_inner.o ABSOLUTE
    ../clib/signal.c                         0x00000000   Number         0  defsig_rtmem_inner.o ABSOLUTE
    ../clib/signal.c                         0x00000000   Number         0  defsig_stak_inner.o ABSOLUTE
    ../clib/signal.c                         0x00000000   Number         0  defsig_abrt_inner.o ABSOLUTE
    ../clib/signal.c                         0x00000000   Number         0  defsig_pvfn_inner.o ABSOLUTE
    ../clib/signal.c                         0x00000000   Number         0  defsig_rtmem_formal.o ABSOLUTE
    ../clib/signal.c                         0x00000000   Number         0  __raise.o ABSOLUTE
    ../clib/signal.c                         0x00000000   Number         0  defsig_rtmem_outer.o ABSOLUTE
    ../clib/signal.c                         0x00000000   Number         0  defsig_general.o ABSOLUTE
    ../clib/signal.s                         0x00000000   Number         0  defsig.o ABSOLUTE
    ../clib/stdio.c                          0x00000000   Number         0  ferror_locked.o ABSOLUTE
    ../clib/stdio.c                          0x00000000   Number         0  ferror.o ABSOLUTE
    ../clib/stdlib.c                         0x00000000   Number         0  exit.o ABSOLUTE
    ../fplib/faddsub.s                       0x00000000   Number         0  faddsub_clz.o ABSOLUTE
    ../fplib/fdiv.s                          0x00000000   Number         0  fdiv.o ABSOLUTE
    ../fplib/ffix.s                          0x00000000   Number         0  ffix.o ABSOLUTE
    ../fplib/ffixu.s                         0x00000000   Number         0  ffixu.o ABSOLUTE
    ../fplib/fflt.s                          0x00000000   Number         0  fflt_clz.o ABSOLUTE
    ../fplib/fmul.s                          0x00000000   Number         0  fmul.o ABSOLUTE
    ../fplib/fnaninf.s                       0x00000000   Number         0  fnaninf.o ABSOLUTE
    ../fplib/fpinit.s                        0x00000000   Number         0  fpinit.o ABSOLUTE
    ../fplib/fretinf.s                       0x00000000   Number         0  fretinf.o ABSOLUTE
    ../fplib/usenofp.s                       0x00000000   Number         0  usenofp.o ABSOLUTE
    APP\24Cxx\24cxx.c                        0x00000000   Number         0  24cxx.o ABSOLUTE
    APP\flash\flash.c                        0x00000000   Number         0  flash.o ABSOLUTE
    APP\iic\iic.c                            0x00000000   Number         0  iic.o ABSOLUTE
    APP\key\key.c                            0x00000000   Number         0  key.o ABSOLUTE
    APP\led\led.c                            0x00000000   Number         0  led.o ABSOLUTE
    APP\spi\spi.c                            0x00000000   Number         0  spi.o ABSOLUTE
    APP\sram\sram.c                          0x00000000   Number         0  sram.o ABSOLUTE
    APP\tftlcd\tftlcd.c                      0x00000000   Number         0  tftlcd.o ABSOLUTE
    APP\time\time.c                          0x00000000   Number         0  time.o ABSOLUTE
    APP\touch\touch.c                        0x00000000   Number         0  touch.o ABSOLUTE
    Libraries\CMSIS\CM3\CoreSupport\core_cm3.c 0x00000000   Number         0  core_cm3.o ABSOLUTE
    Libraries\CMSIS\CM3\DeviceSupport\ST\STM32F10x\startup\arm\startup_stm32f10x_hd.s 0x00000000   Number         0  startup_stm32f10x_hd.o ABSOLUTE
    Libraries\CMSIS\CM3\DeviceSupport\ST\STM32F10x\system_stm32f10x.c 0x00000000   Number         0  system_stm32f10x.o ABSOLUTE
    Libraries\STM32F10x_StdPeriph_Driver\src\misc.c 0x00000000   Number         0  misc.o ABSOLUTE
    Libraries\STM32F10x_StdPeriph_Driver\src\stm32f10x_fsmc.c 0x00000000   Number         0  stm32f10x_fsmc.o ABSOLUTE
    Libraries\STM32F10x_StdPeriph_Driver\src\stm32f10x_gpio.c 0x00000000   Number         0  stm32f10x_gpio.o ABSOLUTE
    Libraries\STM32F10x_StdPeriph_Driver\src\stm32f10x_rcc.c 0x00000000   Number         0  stm32f10x_rcc.o ABSOLUTE
    Libraries\STM32F10x_StdPeriph_Driver\src\stm32f10x_spi.c 0x00000000   Number         0  stm32f10x_spi.o ABSOLUTE
    Libraries\STM32F10x_StdPeriph_Driver\src\stm32f10x_tim.c 0x00000000   Number         0  stm32f10x_tim.o ABSOLUTE
    Libraries\STM32F10x_StdPeriph_Driver\src\stm32f10x_usart.c 0x00000000   Number         0  stm32f10x_usart.o ABSOLUTE
    Libraries\\CMSIS\\CM3\\CoreSupport\\core_cm3.c 0x00000000   Number         0  core_cm3.o ABSOLUTE
    Malloc\malloc.c                          0x00000000   Number         0  malloc.o ABSOLUTE
    Public\SysTick.c                         0x00000000   Number         0  systick.o ABSOLUTE
    Public\system.c                          0x00000000   Number         0  system.o ABSOLUTE
    Public\usart.c                           0x00000000   Number         0  usart.o ABSOLUTE
    User\main.c                              0x00000000   Number         0  main.o ABSOLUTE
    User\stm32f10x_it.c                      0x00000000   Number         0  stm32f10x_it.o ABSOLUTE
    dc.s                                     0x00000000   Number         0  dc.o ABSOLUTE
    RESET                                    0x08000000   Section      304  startup_stm32f10x_hd.o(RESET)
    !!!main                                  0x08000130   Section        8  __main.o(!!!main)
    !!!scatter                               0x08000138   Section       52  __scatter.o(!!!scatter)
    !!handler_copy                           0x0800016c   Section       26  __scatter_copy.o(!!handler_copy)
    !!handler_zi                             0x08000188   Section       28  __scatter_zi.o(!!handler_zi)
    .ARM.Collect$$_printf_percent$$00000000  0x080001a4   Section        0  _printf_percent.o(.ARM.Collect$$_printf_percent$$00000000)
    .ARM.Collect$$_printf_percent$$0000000C  0x080001a4   Section        6  _printf_x.o(.ARM.Collect$$_printf_percent$$0000000C)
    .ARM.Collect$$_printf_percent$$00000017  0x080001aa   Section        4  _printf_percent_end.o(.ARM.Collect$$_printf_percent$$00000017)
    .ARM.Collect$$libinit$$00000000          0x080001ae   Section        2  libinit.o(.ARM.Collect$$libinit$$00000000)
    .ARM.Collect$$libinit$$00000002          0x080001b0   Section        0  libinit2.o(.ARM.Collect$$libinit$$00000002)
    .ARM.Collect$$libinit$$00000004          0x080001b0   Section        0  libinit2.o(.ARM.Collect$$libinit$$00000004)
    .ARM.Collect$$libinit$$0000000A          0x080001b0   Section        0  libinit2.o(.ARM.Collect$$libinit$$0000000A)
    .ARM.Collect$$libinit$$0000000C          0x080001b0   Section        0  libinit2.o(.ARM.Collect$$libinit$$0000000C)
    .ARM.Collect$$libinit$$0000000E          0x080001b0   Section        0  libinit2.o(.ARM.Collect$$libinit$$0000000E)
    .ARM.Collect$$libinit$$00000011          0x080001b0   Section        0  libinit2.o(.ARM.Collect$$libinit$$00000011)
    .ARM.Collect$$libinit$$00000013          0x080001b0   Section        0  libinit2.o(.ARM.Collect$$libinit$$00000013)
    .ARM.Collect$$libinit$$00000015          0x080001b0   Section        0  libinit2.o(.ARM.Collect$$libinit$$00000015)
    .ARM.Collect$$libinit$$00000017          0x080001b0   Section        0  libinit2.o(.ARM.Collect$$libinit$$00000017)
    .ARM.Collect$$libinit$$00000019          0x080001b0   Section        0  libinit2.o(.ARM.Collect$$libinit$$00000019)
    .ARM.Collect$$libinit$$0000001B          0x080001b0   Section        0  libinit2.o(.ARM.Collect$$libinit$$0000001B)
    .ARM.Collect$$libinit$$0000001D          0x080001b0   Section        0  libinit2.o(.ARM.Collect$$libinit$$0000001D)
    .ARM.Collect$$libinit$$0000001F          0x080001b0   Section        0  libinit2.o(.ARM.Collect$$libinit$$0000001F)
    .ARM.Collect$$libinit$$00000021          0x080001b0   Section        0  libinit2.o(.ARM.Collect$$libinit$$00000021)
    .ARM.Collect$$libinit$$00000023          0x080001b0   Section        0  libinit2.o(.ARM.Collect$$libinit$$00000023)
    .ARM.Collect$$libinit$$00000025          0x080001b0   Section        0  libinit2.o(.ARM.Collect$$libinit$$00000025)
    .ARM.Collect$$libinit$$0000002C          0x080001b0   Section        0  libinit2.o(.ARM.Collect$$libinit$$0000002C)
    .ARM.Collect$$libinit$$0000002E          0x080001b0   Section        0  libinit2.o(.ARM.Collect$$libinit$$0000002E)
    .ARM.Collect$$libinit$$00000030          0x080001b0   Section        0  libinit2.o(.ARM.Collect$$libinit$$00000030)
    .ARM.Collect$$libinit$$00000032          0x080001b0   Section        0  libinit2.o(.ARM.Collect$$libinit$$00000032)
    .ARM.Collect$$libinit$$00000033          0x080001b0   Section        2  libinit2.o(.ARM.Collect$$libinit$$00000033)
    .ARM.Collect$$libshutdown$$00000000      0x080001b2   Section        2  libshutdown.o(.ARM.Collect$$libshutdown$$00000000)
    .ARM.Collect$$libshutdown$$00000003      0x080001b4   Section        0  libshutdown2.o(.ARM.Collect$$libshutdown$$00000003)
    .ARM.Collect$$libshutdown$$00000006      0x080001b4   Section        0  libshutdown2.o(.ARM.Collect$$libshutdown$$00000006)
    .ARM.Collect$$libshutdown$$00000009      0x080001b4   Section        0  libshutdown2.o(.ARM.Collect$$libshutdown$$00000009)
    .ARM.Collect$$libshutdown$$0000000B      0x080001b4   Section        0  libshutdown2.o(.ARM.Collect$$libshutdown$$0000000B)
    .ARM.Collect$$libshutdown$$0000000E      0x080001b4   Section        0  libshutdown2.o(.ARM.Collect$$libshutdown$$0000000E)
    .ARM.Collect$$libshutdown$$0000000F      0x080001b4   Section        2  libshutdown2.o(.ARM.Collect$$libshutdown$$0000000F)
    .ARM.Collect$$rtentry$$00000000          0x080001b6   Section        0  __rtentry.o(.ARM.Collect$$rtentry$$00000000)
    .ARM.Collect$$rtentry$$00000002          0x080001b6   Section        0  __rtentry2.o(.ARM.Collect$$rtentry$$00000002)
    .ARM.Collect$$rtentry$$00000004          0x080001b6   Section        6  __rtentry4.o(.ARM.Collect$$rtentry$$00000004)
    .ARM.Collect$$rtentry$$00000009          0x080001bc   Section        0  __rtentry2.o(.ARM.Collect$$rtentry$$00000009)
    .ARM.Collect$$rtentry$$0000000A          0x080001bc   Section        4  __rtentry2.o(.ARM.Collect$$rtentry$$0000000A)
    .ARM.Collect$$rtentry$$0000000C          0x080001c0   Section        0  __rtentry2.o(.ARM.Collect$$rtentry$$0000000C)
    .ARM.Collect$$rtentry$$0000000D          0x080001c0   Section        8  __rtentry2.o(.ARM.Collect$$rtentry$$0000000D)
    .ARM.Collect$$rtexit$$00000000           0x080001c8   Section        2  rtexit.o(.ARM.Collect$$rtexit$$00000000)
    .ARM.Collect$$rtexit$$00000002           0x080001ca   Section        0  rtexit2.o(.ARM.Collect$$rtexit$$00000002)
    .ARM.Collect$$rtexit$$00000003           0x080001ca   Section        4  rtexit2.o(.ARM.Collect$$rtexit$$00000003)
    .ARM.Collect$$rtexit$$00000004           0x080001ce   Section        6  rtexit2.o(.ARM.Collect$$rtexit$$00000004)
    .text                                    0x080001d4   Section        0  main.o(.text)
    .text                                    0x08000264   Section        0  stm32f10x_it.o(.text)
    .text                                    0x08000284   Section       64  startup_stm32f10x_hd.o(.text)
    .text                                    0x080002c4   Section        0  system_stm32f10x.o(.text)
    SetSysClockTo72                          0x080002c5   Thumb Code   214  system_stm32f10x.o(.text)
    SetSysClock                              0x0800039b   Thumb Code     8  system_stm32f10x.o(.text)
    .text                                    0x080004a4   Section        0  misc.o(.text)
    .text                                    0x08000580   Section        0  stm32f10x_gpio.o(.text)
    .text                                    0x080008dc   Section        0  stm32f10x_rcc.o(.text)
    .text                                    0x08000c80   Section        0  stm32f10x_usart.o(.text)
    .text                                    0x08001088   Section        0  stm32f10x_fsmc.o(.text)
    .text                                    0x08001694   Section        0  stm32f10x_spi.o(.text)
    .text                                    0x080019a0   Section        0  stm32f10x_tim.o(.text)
    TI4_Config                               0x08001e47   Thumb Code   130  stm32f10x_tim.o(.text)
    TI3_Config                               0x08001edb   Thumb Code   122  stm32f10x_tim.o(.text)
    TI2_Config                               0x08001f6f   Thumb Code   130  stm32f10x_tim.o(.text)
    TI1_Config                               0x08002003   Thumb Code   108  stm32f10x_tim.o(.text)
    .text                                    0x080027ba   Section        0  24cxx.o(.text)
    .text                                    0x08002934   Section        0  iic.o(.text)
    .text                                    0x08002b6c   Section        0  led.o(.text)
    .text                                    0x08002ba0   Section        0  spi.o(.text)
    .text                                    0x08002d60   Section        0  sram.o(.text)
    .text                                    0x08002e80   Section        0  tftlcd.o(.text)
    .text                                    0x08003b90   Section        0  time.o(.text)
    .text                                    0x08003d04   Section        0  touch.o(.text)
    .text                                    0x080041a8   Section        0  systick.o(.text)
    .text                                    0x08004274   Section        0  usart.o(.text)
    .text                                    0x08004370   Section        0  malloc.o(.text)
    .text                                    0x0800459c   Section        0  noretval__2printf.o(.text)
    .text                                    0x080045b4   Section        0  __printf.o(.text)
    .text                                    0x0800461c   Section        0  _printf_hex_int.o(.text)
    .text                                    0x08004674   Section        0  heapauxi.o(.text)
    .text                                    0x0800467a   Section        0  _printf_intcommon.o(.text)
    .text                                    0x0800472c   Section        0  _printf_char_file.o(.text)
    .text                                    0x08004750   Section        0  _printf_char_common.o(.text)
    _printf_input_char                       0x08004751   Thumb Code    10  _printf_char_common.o(.text)
    .text                                    0x08004780   Section        0  ferror.o(.text)
    .text                                    0x08004788   Section       74  sys_stackheap_outer.o(.text)
    .text                                    0x080047d2   Section        0  exit.o(.text)
    .text                                    0x080047e0   Section        8  libspace.o(.text)
    x$fpl$fadd                               0x080047e8   Section      196  faddsub_clz.o(x$fpl$fadd)
    _fadd1                                   0x080047f7   Thumb Code     0  faddsub_clz.o(x$fpl$fadd)
    x$fpl$fdiv                               0x080048ac   Section      388  fdiv.o(x$fpl$fdiv)
    _fdiv1                                   0x080048ad   Thumb Code     0  fdiv.o(x$fpl$fdiv)
    x$fpl$ffix                               0x08004a30   Section       54  ffix.o(x$fpl$ffix)
    x$fpl$ffixu                              0x08004a68   Section       62  ffixu.o(x$fpl$ffixu)
    x$fpl$fflt                               0x08004aa8   Section       48  fflt_clz.o(x$fpl$fflt)
    x$fpl$ffltu                              0x08004ad8   Section       38  fflt_clz.o(x$fpl$ffltu)
    x$fpl$fmul                               0x08004b00   Section      258  fmul.o(x$fpl$fmul)
    x$fpl$fnaninf                            0x08004c02   Section      140  fnaninf.o(x$fpl$fnaninf)
    x$fpl$fretinf                            0x08004c8e   Section       10  fretinf.o(x$fpl$fretinf)
    x$fpl$fsub                               0x08004c98   Section      234  faddsub_clz.o(x$fpl$fsub)
    _fsub1                                   0x08004ca7   Thumb Code     0  faddsub_clz.o(x$fpl$fsub)
    .constdata                               0x08004d82   Section     7142  tftlcd.o(.constdata)
    x$fpl$usenofp                            0x08004d82   Section        0  usenofp.o(x$fpl$usenofp)
    .constdata                               0x08006968   Section       24  malloc.o(.constdata)
    .constdata                               0x08006980   Section       40  _printf_hex_int.o(.constdata)
    uc_hextab                                0x08006980   Data          20  _printf_hex_int.o(.constdata)
    lc_hextab                                0x08006994   Data          20  _printf_hex_int.o(.constdata)
    .data                                    0x20000000   Section       20  system_stm32f10x.o(.data)
    .data                                    0x20000014   Section       20  stm32f10x_rcc.o(.data)
    APBAHBPrescTable                         0x20000014   Data          16  stm32f10x_rcc.o(.data)
    ADCPrescTable                            0x20000024   Data           4  stm32f10x_rcc.o(.data)
    .data                                    0x20000028   Section       12  tftlcd.o(.data)
    .data                                    0x20000034   Section        8  touch.o(.data)
    .data                                    0x2000003c   Section        4  systick.o(.data)
    fac_us                                   0x2000003c   Data           1  systick.o(.data)
    fac_ms                                   0x2000003e   Data           2  systick.o(.data)
    .data                                    0x20000040   Section        4  usart.o(.data)
    .data                                    0x20000044   Section       28  malloc.o(.data)
    .bss                                     0x20000060   Section       16  touch.o(.bss)
    TouchAdj                                 0x20000060   Data          16  touch.o(.bss)
    .bss                                     0x20000080   Section    10880  malloc.o(.bss)
    .bss                                     0x20002b00   Section       96  libspace.o(.bss)
    HEAP                                     0x20002b60   Section      512  startup_stm32f10x_hd.o(HEAP)
    Heap_Mem                                 0x20002b60   Data         512  startup_stm32f10x_hd.o(HEAP)
    STACK                                    0x20002d60   Section     2048  startup_stm32f10x_hd.o(STACK)
    Stack_Mem                                0x20002d60   Data        2048  startup_stm32f10x_hd.o(STACK)
    __initial_sp                             0x20003560   Data           0  startup_stm32f10x_hd.o(STACK)
    .ARM.__AT_0x68000000                     0x68000000   Section    819200  malloc.o(.ARM.__AT_0x68000000)
    .ARM.__AT_0x680C8000                     0x680c8000   Section    51200  malloc.o(.ARM.__AT_0x680C8000)

    Global Symbols

    Symbol Name                              Value     Ov Type        Size  Object(Section)

    BuildAttributes$$THM_ISAv4$P$D$K$B$S$PE$A:L22UL41UL21$X:L11$S22US41US21$IEEE1$IW$USESV6$~STKCKD$USESV7$~SHL$OSPACE$ROPI$EBA8$UX$STANDARDLIB$REQ8$PRES8$EABIv2 0x00000000   Number         0  anon$$obj.o ABSOLUTE
    __ARM_use_no_argv                        0x00000000   Number         0  main.o ABSOLUTE
    __ARM_exceptions_init                     - Undefined Weak Reference
    __alloca_initialize                       - Undefined Weak Reference
    __arm_preinit_                            - Undefined Weak Reference
    __cpp_initialize__aeabi_                  - Undefined Weak Reference
    __cxa_finalize                            - Undefined Weak Reference
    __rt_locale                               - Undefined Weak Reference
    __sigvec_lookup                           - Undefined Weak Reference
    _atexit_init                              - Undefined Weak Reference
    _call_atexit_fns                          - Undefined Weak Reference
    _clock_init                               - Undefined Weak Reference
    _fp_trap_init                             - Undefined Weak Reference
    _fp_trap_shutdown                         - Undefined Weak Reference
    _get_lc_collate                           - Undefined Weak Reference
    _get_lc_ctype                             - Undefined Weak Reference
    _get_lc_monetary                          - Undefined Weak Reference
    _get_lc_numeric                           - Undefined Weak Reference
    _get_lc_time                              - Undefined Weak Reference
    _getenv_init                              - Undefined Weak Reference
    _handle_redirection                       - Undefined Weak Reference
    _init_alloc                               - Undefined Weak Reference
    _init_user_alloc                          - Undefined Weak Reference
    _initio                                   - Undefined Weak Reference
    _mutex_acquire                            - Undefined Weak Reference
    _mutex_release                            - Undefined Weak Reference
    _printf_post_padding                      - Undefined Weak Reference
    _printf_pre_padding                       - Undefined Weak Reference
    _printf_truncate_unsigned                 - Undefined Weak Reference
    _rand_init                                - Undefined Weak Reference
    _signal_finish                            - Undefined Weak Reference
    _signal_init                              - Undefined Weak Reference
    _terminate_alloc                          - Undefined Weak Reference
    _terminate_user_alloc                     - Undefined Weak Reference
    _terminateio                              - Undefined Weak Reference
    __Vectors_Size                           0x00000130   Number         0  startup_stm32f10x_hd.o ABSOLUTE
    __Vectors                                0x08000000   Data           4  startup_stm32f10x_hd.o(RESET)
    __Vectors_End                            0x08000130   Data           0  startup_stm32f10x_hd.o(RESET)
    __main                                   0x08000131   Thumb Code     8  __main.o(!!!main)
    __scatterload                            0x08000139   Thumb Code     0  __scatter.o(!!!scatter)
    __scatterload_rt2                        0x08000139   Thumb Code    44  __scatter.o(!!!scatter)
    __scatterload_rt2_thumb_only             0x08000139   Thumb Code     0  __scatter.o(!!!scatter)
    __scatterload_null                       0x08000147   Thumb Code     0  __scatter.o(!!!scatter)
    __scatterload_copy                       0x0800016d   Thumb Code    26  __scatter_copy.o(!!handler_copy)
    __scatterload_zeroinit                   0x08000189   Thumb Code    28  __scatter_zi.o(!!handler_zi)
    _printf_percent                          0x080001a5   Thumb Code     0  _printf_percent.o(.ARM.Collect$$_printf_percent$$00000000)
    _printf_x                                0x080001a5   Thumb Code     0  _printf_x.o(.ARM.Collect$$_printf_percent$$0000000C)
    _printf_percent_end                      0x080001ab   Thumb Code     0  _printf_percent_end.o(.ARM.Collect$$_printf_percent$$00000017)
    __rt_lib_init                            0x080001af   Thumb Code     0  libinit.o(.ARM.Collect$$libinit$$00000000)
    __rt_lib_init_alloca_1                   0x080001b1   Thumb Code     0  libinit2.o(.ARM.Collect$$libinit$$0000002E)
    __rt_lib_init_argv_1                     0x080001b1   Thumb Code     0  libinit2.o(.ARM.Collect$$libinit$$0000002C)
    __rt_lib_init_atexit_1                   0x080001b1   Thumb Code     0  libinit2.o(.ARM.Collect$$libinit$$0000001B)
    __rt_lib_init_clock_1                    0x080001b1   Thumb Code     0  libinit2.o(.ARM.Collect$$libinit$$00000021)
    __rt_lib_init_cpp_1                      0x080001b1   Thumb Code     0  libinit2.o(.ARM.Collect$$libinit$$00000032)
    __rt_lib_init_exceptions_1               0x080001b1   Thumb Code     0  libinit2.o(.ARM.Collect$$libinit$$00000030)
    __rt_lib_init_fp_1                       0x080001b1   Thumb Code     0  libinit2.o(.ARM.Collect$$libinit$$00000002)
    __rt_lib_init_fp_trap_1                  0x080001b1   Thumb Code     0  libinit2.o(.ARM.Collect$$libinit$$0000001F)
    __rt_lib_init_getenv_1                   0x080001b1   Thumb Code     0  libinit2.o(.ARM.Collect$$libinit$$00000023)
    __rt_lib_init_heap_1                     0x080001b1   Thumb Code     0  libinit2.o(.ARM.Collect$$libinit$$0000000A)
    __rt_lib_init_lc_collate_1               0x080001b1   Thumb Code     0  libinit2.o(.ARM.Collect$$libinit$$00000011)
    __rt_lib_init_lc_ctype_1                 0x080001b1   Thumb Code     0  libinit2.o(.ARM.Collect$$libinit$$00000013)
    __rt_lib_init_lc_monetary_1              0x080001b1   Thumb Code     0  libinit2.o(.ARM.Collect$$libinit$$00000015)
    __rt_lib_init_lc_numeric_1               0x080001b1   Thumb Code     0  libinit2.o(.ARM.Collect$$libinit$$00000017)
    __rt_lib_init_lc_time_1                  0x080001b1   Thumb Code     0  libinit2.o(.ARM.Collect$$libinit$$00000019)
    __rt_lib_init_preinit_1                  0x080001b1   Thumb Code     0  libinit2.o(.ARM.Collect$$libinit$$00000004)
    __rt_lib_init_rand_1                     0x080001b1   Thumb Code     0  libinit2.o(.ARM.Collect$$libinit$$0000000E)
    __rt_lib_init_return                     0x080001b1   Thumb Code     0  libinit2.o(.ARM.Collect$$libinit$$00000033)
    __rt_lib_init_signal_1                   0x080001b1   Thumb Code     0  libinit2.o(.ARM.Collect$$libinit$$0000001D)
    __rt_lib_init_stdio_1                    0x080001b1   Thumb Code     0  libinit2.o(.ARM.Collect$$libinit$$00000025)
    __rt_lib_init_user_alloc_1               0x080001b1   Thumb Code     0  libinit2.o(.ARM.Collect$$libinit$$0000000C)
    __rt_lib_shutdown                        0x080001b3   Thumb Code     0  libshutdown.o(.ARM.Collect$$libshutdown$$00000000)
    __rt_lib_shutdown_fp_trap_1              0x080001b5   Thumb Code     0  libshutdown2.o(.ARM.Collect$$libshutdown$$00000006)
    __rt_lib_shutdown_heap_1                 0x080001b5   Thumb Code     0  libshutdown2.o(.ARM.Collect$$libshutdown$$0000000E)
    __rt_lib_shutdown_return                 0x080001b5   Thumb Code     0  libshutdown2.o(.ARM.Collect$$libshutdown$$0000000F)
    __rt_lib_shutdown_signal_1               0x080001b5   Thumb Code     0  libshutdown2.o(.ARM.Collect$$libshutdown$$00000009)
    __rt_lib_shutdown_stdio_1                0x080001b5   Thumb Code     0  libshutdown2.o(.ARM.Collect$$libshutdown$$00000003)
    __rt_lib_shutdown_user_alloc_1           0x080001b5   Thumb Code     0  libshutdown2.o(.ARM.Collect$$libshutdown$$0000000B)
    __rt_entry                               0x080001b7   Thumb Code     0  __rtentry.o(.ARM.Collect$$rtentry$$00000000)
    __rt_entry_presh_1                       0x080001b7   Thumb Code     0  __rtentry2.o(.ARM.Collect$$rtentry$$00000002)
    __rt_entry_sh                            0x080001b7   Thumb Code     0  __rtentry4.o(.ARM.Collect$$rtentry$$00000004)
    __rt_entry_li                            0x080001bd   Thumb Code     0  __rtentry2.o(.ARM.Collect$$rtentry$$0000000A)
    __rt_entry_postsh_1                      0x080001bd   Thumb Code     0  __rtentry2.o(.ARM.Collect$$rtentry$$00000009)
    __rt_entry_main                          0x080001c1   Thumb Code     0  __rtentry2.o(.ARM.Collect$$rtentry$$0000000D)
    __rt_entry_postli_1                      0x080001c1   Thumb Code     0  __rtentry2.o(.ARM.Collect$$rtentry$$0000000C)
    __rt_exit                                0x080001c9   Thumb Code     0  rtexit.o(.ARM.Collect$$rtexit$$00000000)
    __rt_exit_ls                             0x080001cb   Thumb Code     0  rtexit2.o(.ARM.Collect$$rtexit$$00000003)
    __rt_exit_prels_1                        0x080001cb   Thumb Code     0  rtexit2.o(.ARM.Collect$$rtexit$$00000002)
    __rt_exit_exit                           0x080001cf   Thumb Code     0  rtexit2.o(.ARM.Collect$$rtexit$$00000004)
    main                                     0x080001d5   Thumb Code   114  main.o(.text)
    NMI_Handler                              0x08000265   Thumb Code     2  stm32f10x_it.o(.text)
    HardFault_Handler                        0x08000267   Thumb Code     4  stm32f10x_it.o(.text)
    MemManage_Handler                        0x0800026b   Thumb Code     4  stm32f10x_it.o(.text)
    BusFault_Handler                         0x0800026f   Thumb Code     4  stm32f10x_it.o(.text)
    UsageFault_Handler                       0x08000273   Thumb Code     4  stm32f10x_it.o(.text)
    SVC_Handler                              0x08000277   Thumb Code     2  stm32f10x_it.o(.text)
    DebugMon_Handler                         0x08000279   Thumb Code     2  stm32f10x_it.o(.text)
    EXTI9_5_IRQHandler                       0x0800027b   Thumb Code     2  stm32f10x_it.o(.text)
    EXTI1_IRQHandler                         0x0800027d   Thumb Code     2  stm32f10x_it.o(.text)
    EXTI2_IRQHandler                         0x0800027f   Thumb Code     2  stm32f10x_it.o(.text)
    EXTI3_IRQHandler                         0x08000281   Thumb Code     2  stm32f10x_it.o(.text)
    Reset_Handler                            0x08000285   Thumb Code     8  startup_stm32f10x_hd.o(.text)
    PendSV_Handler                           0x0800029b   Thumb Code     2  startup_stm32f10x_hd.o(.text)
    SysTick_Handler                          0x0800029d   Thumb Code     2  startup_stm32f10x_hd.o(.text)
    ADC1_2_IRQHandler                        0x0800029f   Thumb Code     0  startup_stm32f10x_hd.o(.text)
    ADC3_IRQHandler                          0x0800029f   Thumb Code     0  startup_stm32f10x_hd.o(.text)
    CAN1_RX1_IRQHandler                      0x0800029f   Thumb Code     0  startup_stm32f10x_hd.o(.text)
    CAN1_SCE_IRQHandler                      0x0800029f   Thumb Code     0  startup_stm32f10x_hd.o(.text)
    DMA1_Channel1_IRQHandler                 0x0800029f   Thumb Code     0  startup_stm32f10x_hd.o(.text)
    DMA1_Channel2_IRQHandler                 0x0800029f   Thumb Code     0  startup_stm32f10x_hd.o(.text)
    DMA1_Channel3_IRQHandler                 0x0800029f   Thumb Code     0  startup_stm32f10x_hd.o(.text)
    DMA1_Channel4_IRQHandler                 0x0800029f   Thumb Code     0  startup_stm32f10x_hd.o(.text)
    DMA1_Channel5_IRQHandler                 0x0800029f   Thumb Code     0  startup_stm32f10x_hd.o(.text)
    DMA1_Channel6_IRQHandler                 0x0800029f   Thumb Code     0  startup_stm32f10x_hd.o(.text)
    DMA1_Channel7_IRQHandler                 0x0800029f   Thumb Code     0  startup_stm32f10x_hd.o(.text)
    DMA2_Channel1_IRQHandler                 0x0800029f   Thumb Code     0  startup_stm32f10x_hd.o(.text)
    DMA2_Channel2_IRQHandler                 0x0800029f   Thumb Code     0  startup_stm32f10x_hd.o(.text)
    DMA2_Channel3_IRQHandler                 0x0800029f   Thumb Code     0  startup_stm32f10x_hd.o(.text)
    DMA2_Channel4_5_IRQHandler               0x0800029f   Thumb Code     0  startup_stm32f10x_hd.o(.text)
    EXTI0_IRQHandler                         0x0800029f   Thumb Code     0  startup_stm32f10x_hd.o(.text)
    EXTI15_10_IRQHandler                     0x0800029f   Thumb Code     0  startup_stm32f10x_hd.o(.text)
    EXTI4_IRQHandler                         0x0800029f   Thumb Code     0  startup_stm32f10x_hd.o(.text)
    FLASH_IRQHandler                         0x0800029f   Thumb Code     0  startup_stm32f10x_hd.o(.text)
    FSMC_IRQHandler                          0x0800029f   Thumb Code     0  startup_stm32f10x_hd.o(.text)
    I2C1_ER_IRQHandler                       0x0800029f   Thumb Code     0  startup_stm32f10x_hd.o(.text)
    I2C1_EV_IRQHandler                       0x0800029f   Thumb Code     0  startup_stm32f10x_hd.o(.text)
    I2C2_ER_IRQHandler                       0x0800029f   Thumb Code     0  startup_stm32f10x_hd.o(.text)
    I2C2_EV_IRQHandler                       0x0800029f   Thumb Code     0  startup_stm32f10x_hd.o(.text)
    PVD_IRQHandler                           0x0800029f   Thumb Code     0  startup_stm32f10x_hd.o(.text)
    RCC_IRQHandler                           0x0800029f   Thumb Code     0  startup_stm32f10x_hd.o(.text)
    RTCAlarm_IRQHandler                      0x0800029f   Thumb Code     0  startup_stm32f10x_hd.o(.text)
    RTC_IRQHandler                           0x0800029f   Thumb Code     0  startup_stm32f10x_hd.o(.text)
    SDIO_IRQHandler                          0x0800029f   Thumb Code     0  startup_stm32f10x_hd.o(.text)
    SPI1_IRQHandler                          0x0800029f   Thumb Code     0  startup_stm32f10x_hd.o(.text)
    SPI2_IRQHandler                          0x0800029f   Thumb Code     0  startup_stm32f10x_hd.o(.text)
    SPI3_IRQHandler                          0x0800029f   Thumb Code     0  startup_stm32f10x_hd.o(.text)
    TAMPER_IRQHandler                        0x0800029f   Thumb Code     0  startup_stm32f10x_hd.o(.text)
    TIM1_BRK_IRQHandler                      0x0800029f   Thumb Code     0  startup_stm32f10x_hd.o(.text)
    TIM1_CC_IRQHandler                       0x0800029f   Thumb Code     0  startup_stm32f10x_hd.o(.text)
    TIM1_TRG_COM_IRQHandler                  0x0800029f   Thumb Code     0  startup_stm32f10x_hd.o(.text)
    TIM1_UP_IRQHandler                       0x0800029f   Thumb Code     0  startup_stm32f10x_hd.o(.text)
    TIM2_IRQHandler                          0x0800029f   Thumb Code     0  startup_stm32f10x_hd.o(.text)
    TIM5_IRQHandler                          0x0800029f   Thumb Code     0  startup_stm32f10x_hd.o(.text)
    TIM7_IRQHandler                          0x0800029f   Thumb Code     0  startup_stm32f10x_hd.o(.text)
    TIM8_BRK_IRQHandler                      0x0800029f   Thumb Code     0  startup_stm32f10x_hd.o(.text)
    TIM8_CC_IRQHandler                       0x0800029f   Thumb Code     0  startup_stm32f10x_hd.o(.text)
    TIM8_TRG_COM_IRQHandler                  0x0800029f   Thumb Code     0  startup_stm32f10x_hd.o(.text)
    TIM8_UP_IRQHandler                       0x0800029f   Thumb Code     0  startup_stm32f10x_hd.o(.text)
    UART4_IRQHandler                         0x0800029f   Thumb Code     0  startup_stm32f10x_hd.o(.text)
    UART5_IRQHandler                         0x0800029f   Thumb Code     0  startup_stm32f10x_hd.o(.text)
    USART2_IRQHandler                        0x0800029f   Thumb Code     0  startup_stm32f10x_hd.o(.text)
    USART3_IRQHandler                        0x0800029f   Thumb Code     0  startup_stm32f10x_hd.o(.text)
    USBWakeUp_IRQHandler                     0x0800029f   Thumb Code     0  startup_stm32f10x_hd.o(.text)
    USB_HP_CAN1_TX_IRQHandler                0x0800029f   Thumb Code     0  startup_stm32f10x_hd.o(.text)
    USB_LP_CAN1_RX0_IRQHandler               0x0800029f   Thumb Code     0  startup_stm32f10x_hd.o(.text)
    WWDG_IRQHandler                          0x0800029f   Thumb Code     0  startup_stm32f10x_hd.o(.text)
    __user_initial_stackheap                 0x080002a1   Thumb Code     0  startup_stm32f10x_hd.o(.text)
    SystemInit                               0x080003a3   Thumb Code    78  system_stm32f10x.o(.text)
    SystemCoreClockUpdate                    0x080003f1   Thumb Code   142  system_stm32f10x.o(.text)
    NVIC_PriorityGroupConfig                 0x080004a5   Thumb Code    10  misc.o(.text)
    NVIC_Init                                0x080004af   Thumb Code   100  misc.o(.text)
    NVIC_SetVectorTable                      0x08000513   Thumb Code    14  misc.o(.text)
    NVIC_SystemLPConfig                      0x08000521   Thumb Code    34  misc.o(.text)
    SysTick_CLKSourceConfig                  0x08000543   Thumb Code    40  misc.o(.text)
    GPIO_DeInit                              0x08000581   Thumb Code   172  stm32f10x_gpio.o(.text)
    GPIO_AFIODeInit                          0x0800062d   Thumb Code    20  stm32f10x_gpio.o(.text)
    GPIO_Init                                0x08000641   Thumb Code   278  stm32f10x_gpio.o(.text)
    GPIO_StructInit                          0x08000757   Thumb Code    16  stm32f10x_gpio.o(.text)
    GPIO_ReadInputDataBit                    0x08000767   Thumb Code    18  stm32f10x_gpio.o(.text)
    GPIO_ReadInputData                       0x08000779   Thumb Code     8  stm32f10x_gpio.o(.text)
    GPIO_ReadOutputDataBit                   0x08000781   Thumb Code    18  stm32f10x_gpio.o(.text)
    GPIO_ReadOutputData                      0x08000793   Thumb Code     8  stm32f10x_gpio.o(.text)
    GPIO_SetBits                             0x0800079b   Thumb Code     4  stm32f10x_gpio.o(.text)
    GPIO_ResetBits                           0x0800079f   Thumb Code     4  stm32f10x_gpio.o(.text)
    GPIO_WriteBit                            0x080007a3   Thumb Code    10  stm32f10x_gpio.o(.text)
    GPIO_Write                               0x080007ad   Thumb Code     4  stm32f10x_gpio.o(.text)
    GPIO_PinLockConfig                       0x080007b1   Thumb Code    18  stm32f10x_gpio.o(.text)
    GPIO_EventOutputConfig                   0x080007c3   Thumb Code    26  stm32f10x_gpio.o(.text)
    GPIO_EventOutputCmd                      0x080007dd   Thumb Code     6  stm32f10x_gpio.o(.text)
    GPIO_PinRemapConfig                      0x080007e3   Thumb Code   138  stm32f10x_gpio.o(.text)
    GPIO_EXTILineConfig                      0x0800086d   Thumb Code    66  stm32f10x_gpio.o(.text)
    GPIO_ETH_MediaInterfaceConfig            0x080008af   Thumb Code     8  stm32f10x_gpio.o(.text)
    RCC_DeInit                               0x080008dd   Thumb Code    64  stm32f10x_rcc.o(.text)
    RCC_HSEConfig                            0x0800091d   Thumb Code    70  stm32f10x_rcc.o(.text)
    RCC_GetFlagStatus                        0x08000963   Thumb Code    56  stm32f10x_rcc.o(.text)
    RCC_WaitForHSEStartUp                    0x0800099b   Thumb Code    56  stm32f10x_rcc.o(.text)
    RCC_AdjustHSICalibrationValue            0x080009d3   Thumb Code    20  stm32f10x_rcc.o(.text)
    RCC_HSICmd                               0x080009e7   Thumb Code     6  stm32f10x_rcc.o(.text)
    RCC_PLLConfig                            0x080009ed   Thumb Code    24  stm32f10x_rcc.o(.text)
    RCC_PLLCmd                               0x08000a05   Thumb Code     6  stm32f10x_rcc.o(.text)
    RCC_SYSCLKConfig                         0x08000a0b   Thumb Code    18  stm32f10x_rcc.o(.text)
    RCC_GetSYSCLKSource                      0x08000a1d   Thumb Code    10  stm32f10x_rcc.o(.text)
    RCC_HCLKConfig                           0x08000a27   Thumb Code    18  stm32f10x_rcc.o(.text)
    RCC_PCLK1Config                          0x08000a39   Thumb Code    18  stm32f10x_rcc.o(.text)
    RCC_PCLK2Config                          0x08000a4b   Thumb Code    20  stm32f10x_rcc.o(.text)
    RCC_ITConfig                             0x08000a5f   Thumb Code    26  stm32f10x_rcc.o(.text)
    RCC_USBCLKConfig                         0x08000a79   Thumb Code     8  stm32f10x_rcc.o(.text)
    RCC_ADCCLKConfig                         0x08000a81   Thumb Code    18  stm32f10x_rcc.o(.text)
    RCC_LSEConfig                            0x08000a93   Thumb Code    50  stm32f10x_rcc.o(.text)
    RCC_LSICmd                               0x08000ac5   Thumb Code     6  stm32f10x_rcc.o(.text)
    RCC_RTCCLKConfig                         0x08000acb   Thumb Code    12  stm32f10x_rcc.o(.text)
    RCC_RTCCLKCmd                            0x08000ad7   Thumb Code     8  stm32f10x_rcc.o(.text)
    RCC_GetClocksFreq                        0x08000adf   Thumb Code   192  stm32f10x_rcc.o(.text)
    RCC_AHBPeriphClockCmd                    0x08000b9f   Thumb Code    26  stm32f10x_rcc.o(.text)
    RCC_APB2PeriphClockCmd                   0x08000bb9   Thumb Code    26  stm32f10x_rcc.o(.text)
    RCC_APB1PeriphClockCmd                   0x08000bd3   Thumb Code    26  stm32f10x_rcc.o(.text)
    RCC_APB2PeriphResetCmd                   0x08000bed   Thumb Code    26  stm32f10x_rcc.o(.text)
    RCC_APB1PeriphResetCmd                   0x08000c07   Thumb Code    26  stm32f10x_rcc.o(.text)
    RCC_BackupResetCmd                       0x08000c21   Thumb Code     8  stm32f10x_rcc.o(.text)
    RCC_ClockSecuritySystemCmd               0x08000c29   Thumb Code     6  stm32f10x_rcc.o(.text)
    RCC_MCOConfig                            0x08000c2f   Thumb Code     6  stm32f10x_rcc.o(.text)
    RCC_ClearFlag                            0x08000c35   Thumb Code    14  stm32f10x_rcc.o(.text)
    RCC_GetITStatus                          0x08000c43   Thumb Code    20  stm32f10x_rcc.o(.text)
    RCC_ClearITPendingBit                    0x08000c57   Thumb Code     6  stm32f10x_rcc.o(.text)
    USART_DeInit                             0x08000c81   Thumb Code   134  stm32f10x_usart.o(.text)
    USART_Init                               0x08000d07   Thumb Code   210  stm32f10x_usart.o(.text)
    USART_StructInit                         0x08000dd9   Thumb Code    24  stm32f10x_usart.o(.text)
    USART_ClockInit                          0x08000df1   Thumb Code    34  stm32f10x_usart.o(.text)
    USART_ClockStructInit                    0x08000e13   Thumb Code    12  stm32f10x_usart.o(.text)
    USART_Cmd                                0x08000e1f   Thumb Code    24  stm32f10x_usart.o(.text)
    USART_ITConfig                           0x08000e37   Thumb Code    74  stm32f10x_usart.o(.text)
    USART_DMACmd                             0x08000e81   Thumb Code    18  stm32f10x_usart.o(.text)
    USART_SetAddress                         0x08000e93   Thumb Code    18  stm32f10x_usart.o(.text)
    USART_WakeUpConfig                       0x08000ea5   Thumb Code    18  stm32f10x_usart.o(.text)
    USART_ReceiverWakeUpCmd                  0x08000eb7   Thumb Code    24  stm32f10x_usart.o(.text)
    USART_LINBreakDetectLengthConfig         0x08000ecf   Thumb Code    18  stm32f10x_usart.o(.text)
    USART_LINCmd                             0x08000ee1   Thumb Code    24  stm32f10x_usart.o(.text)
    USART_SendData                           0x08000ef9   Thumb Code     8  stm32f10x_usart.o(.text)
    USART_ReceiveData                        0x08000f01   Thumb Code    10  stm32f10x_usart.o(.text)
    USART_SendBreak                          0x08000f0b   Thumb Code    10  stm32f10x_usart.o(.text)
    USART_SetGuardTime                       0x08000f15   Thumb Code    16  stm32f10x_usart.o(.text)
    USART_SetPrescaler                       0x08000f25   Thumb Code    16  stm32f10x_usart.o(.text)
    USART_SmartCardCmd                       0x08000f35   Thumb Code    24  stm32f10x_usart.o(.text)
    USART_SmartCardNACKCmd                   0x08000f4d   Thumb Code    24  stm32f10x_usart.o(.text)
    USART_HalfDuplexCmd                      0x08000f65   Thumb Code    24  stm32f10x_usart.o(.text)
    USART_OverSampling8Cmd                   0x08000f7d   Thumb Code    22  stm32f10x_usart.o(.text)
    USART_OneBitMethodCmd                    0x08000f93   Thumb Code    24  stm32f10x_usart.o(.text)
    USART_IrDAConfig                         0x08000fab   Thumb Code    18  stm32f10x_usart.o(.text)
    USART_IrDACmd                            0x08000fbd   Thumb Code    24  stm32f10x_usart.o(.text)
    USART_GetFlagStatus                      0x08000fd5   Thumb Code    26  stm32f10x_usart.o(.text)
    USART_ClearFlag                          0x08000fef   Thumb Code    18  stm32f10x_usart.o(.text)
    USART_GetITStatus                        0x08001001   Thumb Code    84  stm32f10x_usart.o(.text)
    USART_ClearITPendingBit                  0x08001055   Thumb Code    52  stm32f10x_usart.o(.text)
    FSMC_NORSRAMDeInit                       0x08001089   Thumb Code    54  stm32f10x_fsmc.o(.text)
    FSMC_NANDDeInit                          0x080010bf   Thumb Code    62  stm32f10x_fsmc.o(.text)
    FSMC_PCCARDDeInit                        0x080010fd   Thumb Code    36  stm32f10x_fsmc.o(.text)
    FSMC_NORSRAMInit                         0x08001121   Thumb Code   230  stm32f10x_fsmc.o(.text)
    FSMC_NANDInit                            0x08001207   Thumb Code   132  stm32f10x_fsmc.o(.text)
    FSMC_PCCARDInit                          0x0800128b   Thumb Code   130  stm32f10x_fsmc.o(.text)
    FSMC_NORSRAMStructInit                   0x0800130d   Thumb Code   114  stm32f10x_fsmc.o(.text)
    FSMC_NANDStructInit                      0x0800137f   Thumb Code    54  stm32f10x_fsmc.o(.text)
    FSMC_PCCARDStructInit                    0x080013b5   Thumb Code    60  stm32f10x_fsmc.o(.text)
    FSMC_NORSRAMCmd                          0x080013f1   Thumb Code    46  stm32f10x_fsmc.o(.text)
    FSMC_NANDCmd                             0x0800141f   Thumb Code    86  stm32f10x_fsmc.o(.text)
    FSMC_PCCARDCmd                           0x08001475   Thumb Code    44  stm32f10x_fsmc.o(.text)
    FSMC_NANDECCCmd                          0x080014a1   Thumb Code    90  stm32f10x_fsmc.o(.text)
    FSMC_GetECC                              0x080014fb   Thumb Code    24  stm32f10x_fsmc.o(.text)
    FSMC_ITConfig                            0x08001513   Thumb Code   128  stm32f10x_fsmc.o(.text)
    FSMC_GetFlagStatus                       0x08001593   Thumb Code    54  stm32f10x_fsmc.o(.text)
    FSMC_ClearFlag                           0x080015c9   Thumb Code    62  stm32f10x_fsmc.o(.text)
    FSMC_GetITStatus                         0x08001607   Thumb Code    64  stm32f10x_fsmc.o(.text)
    FSMC_ClearITPendingBit                   0x08001647   Thumb Code    68  stm32f10x_fsmc.o(.text)
    SPI_I2S_DeInit                           0x08001695   Thumb Code    76  stm32f10x_spi.o(.text)
    SPI_Init                                 0x080016e1   Thumb Code    60  stm32f10x_spi.o(.text)
    I2S_Init                                 0x0800171d   Thumb Code   226  stm32f10x_spi.o(.text)
    SPI_StructInit                           0x080017ff   Thumb Code    24  stm32f10x_spi.o(.text)
    I2S_StructInit                           0x08001817   Thumb Code    20  stm32f10x_spi.o(.text)
    SPI_Cmd                                  0x0800182b   Thumb Code    24  stm32f10x_spi.o(.text)
    I2S_Cmd                                  0x08001843   Thumb Code    24  stm32f10x_spi.o(.text)
    SPI_I2S_ITConfig                         0x0800185b   Thumb Code    32  stm32f10x_spi.o(.text)
    SPI_I2S_DMACmd                           0x0800187b   Thumb Code    18  stm32f10x_spi.o(.text)
    SPI_I2S_SendData                         0x0800188d   Thumb Code     4  stm32f10x_spi.o(.text)
    SPI_I2S_ReceiveData                      0x08001891   Thumb Code     6  stm32f10x_spi.o(.text)
    SPI_NSSInternalSoftwareConfig            0x08001897   Thumb Code    30  stm32f10x_spi.o(.text)
    SPI_SSOutputCmd                          0x080018b5   Thumb Code    24  stm32f10x_spi.o(.text)
    SPI_DataSizeConfig                       0x080018cd   Thumb Code    18  stm32f10x_spi.o(.text)
    SPI_TransmitCRC                          0x080018df   Thumb Code    10  stm32f10x_spi.o(.text)
    SPI_CalculateCRC                         0x080018e9   Thumb Code    24  stm32f10x_spi.o(.text)
    SPI_GetCRC                               0x08001901   Thumb Code    16  stm32f10x_spi.o(.text)
    SPI_GetCRCPolynomial                     0x08001911   Thumb Code     6  stm32f10x_spi.o(.text)
    SPI_BiDirectionalLineConfig              0x08001917   Thumb Code    28  stm32f10x_spi.o(.text)
    SPI_I2S_GetFlagStatus                    0x08001933   Thumb Code    18  stm32f10x_spi.o(.text)
    SPI_I2S_ClearFlag                        0x08001945   Thumb Code     6  stm32f10x_spi.o(.text)
    SPI_I2S_GetITStatus                      0x0800194b   Thumb Code    52  stm32f10x_spi.o(.text)
    SPI_I2S_ClearITPendingBit                0x0800197f   Thumb Code    20  stm32f10x_spi.o(.text)
    TIM_DeInit                               0x080019a1   Thumb Code   424  stm32f10x_tim.o(.text)
    TIM_TimeBaseInit                         0x08001b49   Thumb Code   122  stm32f10x_tim.o(.text)
    TIM_OC1Init                              0x08001bc3   Thumb Code   132  stm32f10x_tim.o(.text)
    TIM_OC2Init                              0x08001c47   Thumb Code   154  stm32f10x_tim.o(.text)
    TIM_OC3Init                              0x08001ce1   Thumb Code   150  stm32f10x_tim.o(.text)
    TIM_OC4Init                              0x08001d77   Thumb Code   182  stm32f10x_tim.o(.text)
    TIM_SetIC4Prescaler                      0x08001e2d   Thumb Code    26  stm32f10x_tim.o(.text)
    TIM_SetIC3Prescaler                      0x08001ec9   Thumb Code    18  stm32f10x_tim.o(.text)
    TIM_SetIC2Prescaler                      0x08001f55   Thumb Code    26  stm32f10x_tim.o(.text)
    TIM_SetIC1Prescaler                      0x08001ff1   Thumb Code    18  stm32f10x_tim.o(.text)
    TIM_ICInit                               0x0800206f   Thumb Code   150  stm32f10x_tim.o(.text)
    TIM_PWMIConfig                           0x08002105   Thumb Code   124  stm32f10x_tim.o(.text)
    TIM_BDTRConfig                           0x08002181   Thumb Code    32  stm32f10x_tim.o(.text)
    TIM_TimeBaseStructInit                   0x080021a1   Thumb Code    18  stm32f10x_tim.o(.text)
    TIM_OCStructInit                         0x080021b3   Thumb Code    20  stm32f10x_tim.o(.text)
    TIM_ICStructInit                         0x080021c7   Thumb Code    18  stm32f10x_tim.o(.text)
    TIM_BDTRStructInit                       0x080021d9   Thumb Code    40  stm32f10x_tim.o(.text)
    TIM_Cmd                                  0x08002201   Thumb Code    24  stm32f10x_tim.o(.text)
    TIM_CtrlPWMOutputs                       0x08002219   Thumb Code    30  stm32f10x_tim.o(.text)
    TIM_ITConfig                             0x08002237   Thumb Code    18  stm32f10x_tim.o(.text)
    TIM_GenerateEvent                        0x08002249   Thumb Code     4  stm32f10x_tim.o(.text)
    TIM_DMAConfig                            0x0800224d   Thumb Code    10  stm32f10x_tim.o(.text)
    TIM_DMACmd                               0x08002257   Thumb Code    18  stm32f10x_tim.o(.text)
    TIM_InternalClockConfig                  0x08002269   Thumb Code    12  stm32f10x_tim.o(.text)
    TIM_SelectInputTrigger                   0x08002275   Thumb Code    18  stm32f10x_tim.o(.text)
    TIM_ITRxExternalClockConfig              0x08002287   Thumb Code    24  stm32f10x_tim.o(.text)
    TIM_TIxExternalClockConfig               0x0800229f   Thumb Code    62  stm32f10x_tim.o(.text)
    TIM_ETRConfig                            0x080022dd   Thumb Code    28  stm32f10x_tim.o(.text)
    TIM_ETRClockMode1Config                  0x080022f9   Thumb Code    54  stm32f10x_tim.o(.text)
    TIM_ETRClockMode2Config                  0x0800232f   Thumb Code    32  stm32f10x_tim.o(.text)
    TIM_PrescalerConfig                      0x0800234f   Thumb Code     6  stm32f10x_tim.o(.text)
    TIM_CounterModeConfig                    0x08002355   Thumb Code    18  stm32f10x_tim.o(.text)
    TIM_EncoderInterfaceConfig               0x08002367   Thumb Code    66  stm32f10x_tim.o(.text)
    TIM_ForcedOC1Config                      0x080023a9   Thumb Code    18  stm32f10x_tim.o(.text)
    TIM_ForcedOC2Config                      0x080023bb   Thumb Code    26  stm32f10x_tim.o(.text)
    TIM_ForcedOC3Config                      0x080023d5   Thumb Code    18  stm32f10x_tim.o(.text)
    TIM_ForcedOC4Config                      0x080023e7   Thumb Code    26  stm32f10x_tim.o(.text)
    TIM_ARRPreloadConfig                     0x08002401   Thumb Code    24  stm32f10x_tim.o(.text)
    TIM_SelectCOM                            0x08002419   Thumb Code    24  stm32f10x_tim.o(.text)
    TIM_SelectCCDMA                          0x08002431   Thumb Code    24  stm32f10x_tim.o(.text)
    TIM_CCPreloadControl                     0x08002449   Thumb Code    24  stm32f10x_tim.o(.text)
    TIM_OC1PreloadConfig                     0x08002461   Thumb Code    18  stm32f10x_tim.o(.text)
    TIM_OC2PreloadConfig                     0x08002473   Thumb Code    26  stm32f10x_tim.o(.text)
    TIM_OC3PreloadConfig                     0x0800248d   Thumb Code    18  stm32f10x_tim.o(.text)
    TIM_OC4PreloadConfig                     0x0800249f   Thumb Code    26  stm32f10x_tim.o(.text)
    TIM_OC1FastConfig                        0x080024b9   Thumb Code    18  stm32f10x_tim.o(.text)
    TIM_OC2FastConfig                        0x080024cb   Thumb Code    26  stm32f10x_tim.o(.text)
    TIM_OC3FastConfig                        0x080024e5   Thumb Code    18  stm32f10x_tim.o(.text)
    TIM_OC4FastConfig                        0x080024f7   Thumb Code    26  stm32f10x_tim.o(.text)
    TIM_ClearOC1Ref                          0x08002511   Thumb Code    18  stm32f10x_tim.o(.text)
    TIM_ClearOC2Ref                          0x08002523   Thumb Code    24  stm32f10x_tim.o(.text)
    TIM_ClearOC3Ref                          0x0800253b   Thumb Code    18  stm32f10x_tim.o(.text)
    TIM_ClearOC4Ref                          0x0800254d   Thumb Code    24  stm32f10x_tim.o(.text)
    TIM_OC1PolarityConfig                    0x08002565   Thumb Code    18  stm32f10x_tim.o(.text)
    TIM_OC1NPolarityConfig                   0x08002577   Thumb Code    18  stm32f10x_tim.o(.text)
    TIM_OC2PolarityConfig                    0x08002589   Thumb Code    26  stm32f10x_tim.o(.text)
    TIM_OC2NPolarityConfig                   0x080025a3   Thumb Code    26  stm32f10x_tim.o(.text)
    TIM_OC3PolarityConfig                    0x080025bd   Thumb Code    26  stm32f10x_tim.o(.text)
    TIM_OC3NPolarityConfig                   0x080025d7   Thumb Code    26  stm32f10x_tim.o(.text)
    TIM_OC4PolarityConfig                    0x080025f1   Thumb Code    26  stm32f10x_tim.o(.text)
    TIM_CCxCmd                               0x0800260b   Thumb Code    30  stm32f10x_tim.o(.text)
    TIM_CCxNCmd                              0x08002629   Thumb Code    30  stm32f10x_tim.o(.text)
    TIM_SelectOCxM                           0x08002647   Thumb Code    82  stm32f10x_tim.o(.text)
    TIM_UpdateDisableConfig                  0x08002699   Thumb Code    24  stm32f10x_tim.o(.text)
    TIM_UpdateRequestConfig                  0x080026b1   Thumb Code    24  stm32f10x_tim.o(.text)
    TIM_SelectHallSensor                     0x080026c9   Thumb Code    24  stm32f10x_tim.o(.text)
    TIM_SelectOnePulseMode                   0x080026e1   Thumb Code    18  stm32f10x_tim.o(.text)
    TIM_SelectOutputTrigger                  0x080026f3   Thumb Code    18  stm32f10x_tim.o(.text)
    TIM_SelectSlaveMode                      0x08002705   Thumb Code    18  stm32f10x_tim.o(.text)
    TIM_SelectMasterSlaveMode                0x08002717   Thumb Code    18  stm32f10x_tim.o(.text)
    TIM_SetCounter                           0x08002729   Thumb Code     4  stm32f10x_tim.o(.text)
    TIM_SetAutoreload                        0x0800272d   Thumb Code     4  stm32f10x_tim.o(.text)
    TIM_SetCompare1                          0x08002731   Thumb Code     4  stm32f10x_tim.o(.text)
    TIM_SetCompare2                          0x08002735   Thumb Code     4  stm32f10x_tim.o(.text)
    TIM_SetCompare3                          0x08002739   Thumb Code     4  stm32f10x_tim.o(.text)
    TIM_SetCompare4                          0x0800273d   Thumb Code     6  stm32f10x_tim.o(.text)
    TIM_SetClockDivision                     0x08002743   Thumb Code    18  stm32f10x_tim.o(.text)
    TIM_GetCapture1                          0x08002755   Thumb Code     6  stm32f10x_tim.o(.text)
    TIM_GetCapture2                          0x0800275b   Thumb Code     6  stm32f10x_tim.o(.text)
    TIM_GetCapture3                          0x08002761   Thumb Code     6  stm32f10x_tim.o(.text)
    TIM_GetCapture4                          0x08002767   Thumb Code     8  stm32f10x_tim.o(.text)
    TIM_GetCounter                           0x0800276f   Thumb Code     6  stm32f10x_tim.o(.text)
    TIM_GetPrescaler                         0x08002775   Thumb Code     6  stm32f10x_tim.o(.text)
    TIM_GetFlagStatus                        0x0800277b   Thumb Code    18  stm32f10x_tim.o(.text)
    TIM_ClearFlag                            0x0800278d   Thumb Code     6  stm32f10x_tim.o(.text)
    TIM_GetITStatus                          0x08002793   Thumb Code    34  stm32f10x_tim.o(.text)
    TIM_ClearITPendingBit                    0x080027b5   Thumb Code     6  stm32f10x_tim.o(.text)
    AT24CXX_Init                             0x080027bb   Thumb Code     8  24cxx.o(.text)
    AT24CXX_ReadOneByte                      0x080027c3   Thumb Code    88  24cxx.o(.text)
    AT24CXX_WriteOneByte                     0x0800281b   Thumb Code    80  24cxx.o(.text)
    AT24CXX_WriteLenByte                     0x0800286b   Thumb Code    42  24cxx.o(.text)
    AT24CXX_ReadLenByte                      0x08002895   Thumb Code    44  24cxx.o(.text)
    AT24CXX_Check                            0x080028c1   Thumb Code    46  24cxx.o(.text)
    AT24CXX_Read                             0x080028ef   Thumb Code    34  24cxx.o(.text)
    AT24CXX_Write                            0x08002911   Thumb Code    36  24cxx.o(.text)
    IIC_Init                                 0x08002935   Thumb Code    68  iic.o(.text)
    SDA_OUT                                  0x08002979   Thumb Code    32  iic.o(.text)
    SDA_IN                                   0x08002999   Thumb Code    26  iic.o(.text)
    IIC_Start                                0x080029b3   Thumb Code    50  iic.o(.text)
    IIC_Stop                                 0x080029e5   Thumb Code    46  iic.o(.text)
    IIC_Wait_Ack                             0x08002a13   Thumb Code    68  iic.o(.text)
    IIC_Ack                                  0x08002a57   Thumb Code    48  iic.o(.text)
    IIC_NAck                                 0x08002a87   Thumb Code    48  iic.o(.text)
    IIC_Send_Byte                            0x08002ab7   Thumb Code    90  iic.o(.text)
    IIC_Read_Byte                            0x08002b11   Thumb Code    80  iic.o(.text)
    LED_Init                                 0x08002b6d   Thumb Code    46  led.o(.text)
    SPI1_ReadWriteByte                       0x08002ba1   Thumb Code    50  spi.o(.text)
    SPI1_Init                                0x08002bd3   Thumb Code   128  spi.o(.text)
    SPI1_SetSpeed                            0x08002c53   Thumb Code    36  spi.o(.text)
    SPI2_ReadWriteByte                       0x08002c77   Thumb Code    50  spi.o(.text)
    SPI2_Init                                0x08002ca9   Thumb Code   130  spi.o(.text)
    SPI2_SetSpeed                            0x08002d2b   Thumb Code    36  spi.o(.text)
    FSMC_SRAM_Init                           0x08002d61   Thumb Code   226  sram.o(.text)
    FSMC_SRAM_WriteBuffer                    0x08002e43   Thumb Code    24  sram.o(.text)
    FSMC_SRAM_ReadBuffer                     0x08002e5b   Thumb Code    22  sram.o(.text)
    TFTLCD_GPIO_Init                         0x08002e81   Thumb Code    98  tftlcd.o(.text)
    TFTLCD_FSMC_Init                         0x08002ee3   Thumb Code   126  tftlcd.o(.text)
    LCD_WriteCmd                             0x08002f61   Thumb Code     6  tftlcd.o(.text)
    LCD_WriteData                            0x08002f67   Thumb Code     8  tftlcd.o(.text)
    LCD_WriteCmdData                         0x08002f6f   Thumb Code    20  tftlcd.o(.text)
    LCD_RGBColor_Change                      0x08002f83   Thumb Code    28  tftlcd.o(.text)
    LCD_WriteData_Color                      0x08002f9f   Thumb Code     8  tftlcd.o(.text)
    LCD_ReadData                             0x08002fa7   Thumb Code     8  tftlcd.o(.text)
    LCD_Display_Dir                          0x08002faf   Thumb Code    70  tftlcd.o(.text)
    LCD_Set_Window                           0x08002ff5   Thumb Code   166  tftlcd.o(.text)
    LCD_Clear                                0x0800309b   Thumb Code    68  tftlcd.o(.text)
    TFTLCD_Init                              0x080030df   Thumb Code   720  tftlcd.o(.text)
    LCD_Fill                                 0x080033af   Thumb Code    92  tftlcd.o(.text)
    LCD_DrawPoint                            0x0800340b   Thumb Code    28  tftlcd.o(.text)
    LCD_DrawFRONT_COLOR                      0x08003427   Thumb Code    28  tftlcd.o(.text)
    LCD_ReadPoint                            0x08003443   Thumb Code    94  tftlcd.o(.text)
    LCD_DrawLine                             0x080034a1   Thumb Code   176  tftlcd.o(.text)
    LCD_DrawLine_Color                       0x08003551   Thumb Code   172  tftlcd.o(.text)
    LCD_DrowSign                             0x080035fd   Thumb Code   132  tftlcd.o(.text)
    LCD_DrawRectangle                        0x08003681   Thumb Code    60  tftlcd.o(.text)
    LCD_Draw_Circle                          0x080036bd   Thumb Code   152  tftlcd.o(.text)
    LCD_ShowChar                             0x08003755   Thumb Code   294  tftlcd.o(.text)
    LCD_Pow                                  0x0800387b   Thumb Code    22  tftlcd.o(.text)
    LCD_ShowNum                              0x08003891   Thumb Code   148  tftlcd.o(.text)
    LCD_ShowxNum                             0x08003925   Thumb Code   190  tftlcd.o(.text)
    LCD_ShowString                           0x080039e3   Thumb Code   102  tftlcd.o(.text)
    LCD_ShowFontHZ                           0x08003a49   Thumb Code   220  tftlcd.o(.text)
    LCD_ShowPicture                          0x08003b25   Thumb Code    92  tftlcd.o(.text)
    TIM4_Init                                0x08003b91   Thumb Code    98  time.o(.text)
    TIM4_IRQHandler                          0x08003bf3   Thumb Code    38  time.o(.text)
    TIM3_Init                                0x08003c19   Thumb Code    90  time.o(.text)
    TIM3_IRQHandler                          0x08003c73   Thumb Code    20  time.o(.text)
    TIM6_Init                                0x08003c87   Thumb Code    90  time.o(.text)
    TIM6_IRQHandler                          0x08003ce1   Thumb Code    20  time.o(.text)
    TOUCH_ReadData                           0x08003d05   Thumb Code   210  touch.o(.text)
    TOUCH_ReadXY                             0x08003dd7   Thumb Code   158  touch.o(.text)
    TOUCH_ReadAdjust                         0x08003e75   Thumb Code    98  touch.o(.text)
    TOUCH_Adjust                             0x08003ed7   Thumb Code   424  touch.o(.text)
    TOUCH_Init                               0x0800407f   Thumb Code    88  touch.o(.text)
    TOUCH_Scan                               0x080040d7   Thumb Code   198  touch.o(.text)
    SysTick_Init                             0x080041a9   Thumb Code    52  systick.o(.text)
    delay_us                                 0x080041dd   Thumb Code    72  systick.o(.text)
    delay_ms                                 0x08004225   Thumb Code    72  systick.o(.text)
    _sys_exit                                0x08004275   Thumb Code     6  usart.o(.text)
    fputc                                    0x0800427b   Thumb Code    32  usart.o(.text)
    USART1_Init                              0x0800429b   Thumb Code   152  usart.o(.text)
    USART1_IRQHandler                        0x08004333   Thumb Code    54  usart.o(.text)
    mymemcpy                                 0x08004371   Thumb Code    26  malloc.o(.text)
    mymemset                                 0x0800438b   Thumb Code    20  malloc.o(.text)
    my_mem_init                              0x0800439f   Thumb Code    54  malloc.o(.text)
    my_mem_perused                           0x080043d5   Thumb Code    54  malloc.o(.text)
    my_mem_malloc                            0x0800440b   Thumb Code   154  malloc.o(.text)
    my_mem_free                              0x080044a5   Thumb Code    94  malloc.o(.text)
    myfree                                   0x08004503   Thumb Code    32  malloc.o(.text)
    mymalloc                                 0x08004523   Thumb Code    36  malloc.o(.text)
    myrealloc                                0x08004547   Thumb Code    68  malloc.o(.text)
    __2printf                                0x0800459d   Thumb Code    20  noretval__2printf.o(.text)
    __printf                                 0x080045b5   Thumb Code   104  __printf.o(.text)
    _printf_int_hex                          0x0800461d   Thumb Code    84  _printf_hex_int.o(.text)
    _printf_longlong_hex                     0x0800461d   Thumb Code     0  _printf_hex_int.o(.text)
    __use_two_region_memory                  0x08004675   Thumb Code     2  heapauxi.o(.text)
    __rt_heap_escrow$2region                 0x08004677   Thumb Code     2  heapauxi.o(.text)
    __rt_heap_expand$2region                 0x08004679   Thumb Code     2  heapauxi.o(.text)
    _printf_int_common                       0x0800467b   Thumb Code   178  _printf_intcommon.o(.text)
    _printf_char_file                        0x0800472d   Thumb Code    32  _printf_char_file.o(.text)
    _printf_char_common                      0x0800475b   Thumb Code    32  _printf_char_common.o(.text)
    ferror                                   0x08004781   Thumb Code     8  ferror.o(.text)
    __user_setup_stackheap                   0x08004789   Thumb Code    74  sys_stackheap_outer.o(.text)
    exit                                     0x080047d3   Thumb Code    12  exit.o(.text)
    __user_libspace                          0x080047e1   Thumb Code     8  libspace.o(.text)
    __user_perproc_libspace                  0x080047e1   Thumb Code     0  libspace.o(.text)
    __user_perthread_libspace                0x080047e1   Thumb Code     0  libspace.o(.text)
    __aeabi_fadd                             0x080047e9   Thumb Code     0  faddsub_clz.o(x$fpl$fadd)
    _fadd                                    0x080047e9   Thumb Code   196  faddsub_clz.o(x$fpl$fadd)
    __aeabi_fdiv                             0x080048ad   Thumb Code     0  fdiv.o(x$fpl$fdiv)
    _fdiv                                    0x080048ad   Thumb Code   384  fdiv.o(x$fpl$fdiv)
    __aeabi_f2iz                             0x08004a31   Thumb Code     0  ffix.o(x$fpl$ffix)
    _ffix                                    0x08004a31   Thumb Code    54  ffix.o(x$fpl$ffix)
    __aeabi_f2uiz                            0x08004a69   Thumb Code     0  ffixu.o(x$fpl$ffixu)
    _ffixu                                   0x08004a69   Thumb Code    62  ffixu.o(x$fpl$ffixu)
    __aeabi_i2f                              0x08004aa9   Thumb Code     0  fflt_clz.o(x$fpl$fflt)
    _fflt                                    0x08004aa9   Thumb Code    48  fflt_clz.o(x$fpl$fflt)
    __aeabi_ui2f                             0x08004ad9   Thumb Code     0  fflt_clz.o(x$fpl$ffltu)
    _ffltu                                   0x08004ad9   Thumb Code    38  fflt_clz.o(x$fpl$ffltu)
    __aeabi_fmul                             0x08004b01   Thumb Code     0  fmul.o(x$fpl$fmul)
    _fmul                                    0x08004b01   Thumb Code   258  fmul.o(x$fpl$fmul)
    __fpl_fnaninf                            0x08004c03   Thumb Code   140  fnaninf.o(x$fpl$fnaninf)
    __fpl_fretinf                            0x08004c8f   Thumb Code    10  fretinf.o(x$fpl$fretinf)
    __aeabi_fsub                             0x08004c99   Thumb Code     0  faddsub_clz.o(x$fpl$fsub)
    _fsub                                    0x08004c99   Thumb Code   234  faddsub_clz.o(x$fpl$fsub)
    __I$use$fp                               0x08004d82   Number         0  usenofp.o(x$fpl$usenofp)
    ascii_1206                               0x08004d82   Data        1140  tftlcd.o(.constdata)
    ascii_1608                               0x080051f6   Data        1520  tftlcd.o(.constdata)
    ascii_2412                               0x080057e6   Data        3420  tftlcd.o(.constdata)
    CnChar32x29                              0x08006542   Data        1062  tftlcd.o(.constdata)
    memtblsize                               0x08006968   Data           8  malloc.o(.constdata)
    memblksize                               0x08006970   Data           8  malloc.o(.constdata)
    memsize                                  0x08006978   Data           8  malloc.o(.constdata)
    Region$$Table$$Base                      0x080069a8   Number         0  anon$$obj.o(Region$$Table)
    Region$$Table$$Limit                     0x080069c8   Number         0  anon$$obj.o(Region$$Table)
    SystemCoreClock                          0x20000000   Data           4  system_stm32f10x.o(.data)
    AHBPrescTable                            0x20000004   Data          16  system_stm32f10x.o(.data)
    FRONT_COLOR                              0x20000028   Data           2  tftlcd.o(.data)
    BACK_COLOR                               0x2000002a   Data           2  tftlcd.o(.data)
    tftlcd_data                              0x2000002c   Data           8  tftlcd.o(.data)
    TouchData                                0x20000034   Data           8  touch.o(.data)
    __stdout                                 0x20000040   Data           4  usart.o(.data)
    mallco_dev                               0x20000044   Data          28  malloc.o(.data)
    mem1base                                 0x20000080   Data       10240  malloc.o(.bss)
    mem1mapbase                              0x20002880   Data         640  malloc.o(.bss)
    __libspace_start                         0x20002b00   Data          96  libspace.o(.bss)
    __temporary_stack_top$libspace           0x20002b60   Data           0  libspace.o(.bss)
    mem2base                                 0x68000000   Data       819200  malloc.o(.ARM.__AT_0x68000000)
    mem2mapbase                              0x680c8000   Data       51200  malloc.o(.ARM.__AT_0x680C8000)



==============================================================================

Memory Map of the image

  Image Entry point : 0x08000285

  Load Region LR_1 (Base: 0x08000000, Size: 0x00006a28, Max: 0xffffffff, ABSOLUTE)

    Execution Region ER_RO (Exec base: 0x08000000, Load base: 0x08000000, Size: 0x000069c8, Max: 0xffffffff, ABSOLUTE)

    Exec Addr    Load Addr    Size         Type   Attr      Idx    E Section Name        Object

    0x08000000   0x08000000   0x00000130   Data   RO          187    RESET               startup_stm32f10x_hd.o
    0x08000130   0x08000130   0x00000008   Code   RO          625  * !!!main             c_w.l(__main.o)
    0x08000138   0x08000138   0x00000034   Code   RO          823    !!!scatter          c_w.l(__scatter.o)
    0x0800016c   0x0800016c   0x0000001a   Code   RO          825    !!handler_copy      c_w.l(__scatter_copy.o)
    0x08000186   0x08000186   0x00000002   PAD
    0x08000188   0x08000188   0x0000001c   Code   RO          827    !!handler_zi        c_w.l(__scatter_zi.o)
    0x080001a4   0x080001a4   0x00000000   Code   RO          622    .ARM.Collect$$_printf_percent$$00000000  c_w.l(_printf_percent.o)
    0x080001a4   0x080001a4   0x00000006   Code   RO          621    .ARM.Collect$$_printf_percent$$0000000C  c_w.l(_printf_x.o)
    0x080001aa   0x080001aa   0x00000004   Code   RO          658    .ARM.Collect$$_printf_percent$$00000017  c_w.l(_printf_percent_end.o)
    0x080001ae   0x080001ae   0x00000002   Code   RO          696    .ARM.Collect$$libinit$$00000000  c_w.l(libinit.o)
    0x080001b0   0x080001b0   0x00000000   Code   RO          703    .ARM.Collect$$libinit$$00000002  c_w.l(libinit2.o)
    0x080001b0   0x080001b0   0x00000000   Code   RO          705    .ARM.Collect$$libinit$$00000004  c_w.l(libinit2.o)
    0x080001b0   0x080001b0   0x00000000   Code   RO          708    .ARM.Collect$$libinit$$0000000A  c_w.l(libinit2.o)
    0x080001b0   0x080001b0   0x00000000   Code   RO          710    .ARM.Collect$$libinit$$0000000C  c_w.l(libinit2.o)
    0x080001b0   0x080001b0   0x00000000   Code   RO          712    .ARM.Collect$$libinit$$0000000E  c_w.l(libinit2.o)
    0x080001b0   0x080001b0   0x00000000   Code   RO          715    .ARM.Collect$$libinit$$00000011  c_w.l(libinit2.o)
    0x080001b0   0x080001b0   0x00000000   Code   RO          717    .ARM.Collect$$libinit$$00000013  c_w.l(libinit2.o)
    0x080001b0   0x080001b0   0x00000000   Code   RO          719    .ARM.Collect$$libinit$$00000015  c_w.l(libinit2.o)
    0x080001b0   0x080001b0   0x00000000   Code   RO          721    .ARM.Collect$$libinit$$00000017  c_w.l(libinit2.o)
    0x080001b0   0x080001b0   0x00000000   Code   RO          723    .ARM.Collect$$libinit$$00000019  c_w.l(libinit2.o)
    0x080001b0   0x080001b0   0x00000000   Code   RO          725    .ARM.Collect$$libinit$$0000001B  c_w.l(libinit2.o)
    0x080001b0   0x080001b0   0x00000000   Code   RO          727    .ARM.Collect$$libinit$$0000001D  c_w.l(libinit2.o)
    0x080001b0   0x080001b0   0x00000000   Code   RO          729    .ARM.Collect$$libinit$$0000001F  c_w.l(libinit2.o)
    0x080001b0   0x080001b0   0x00000000   Code   RO          731    .ARM.Collect$$libinit$$00000021  c_w.l(libinit2.o)
    0x080001b0   0x080001b0   0x00000000   Code   RO          733    .ARM.Collect$$libinit$$00000023  c_w.l(libinit2.o)
    0x080001b0   0x080001b0   0x00000000   Code   RO          735    .ARM.Collect$$libinit$$00000025  c_w.l(libinit2.o)
    0x080001b0   0x080001b0   0x00000000   Code   RO          739    .ARM.Collect$$libinit$$0000002C  c_w.l(libinit2.o)
    0x080001b0   0x080001b0   0x00000000   Code   RO          741    .ARM.Collect$$libinit$$0000002E  c_w.l(libinit2.o)
    0x080001b0   0x080001b0   0x00000000   Code   RO          743    .ARM.Collect$$libinit$$00000030  c_w.l(libinit2.o)
    0x080001b0   0x080001b0   0x00000000   Code   RO          745    .ARM.Collect$$libinit$$00000032  c_w.l(libinit2.o)
    0x080001b0   0x080001b0   0x00000002   Code   RO          746    .ARM.Collect$$libinit$$00000033  c_w.l(libinit2.o)
    0x080001b2   0x080001b2   0x00000002   Code   RO          764    .ARM.Collect$$libshutdown$$00000000  c_w.l(libshutdown.o)
    0x080001b4   0x080001b4   0x00000000   Code   RO          775    .ARM.Collect$$libshutdown$$00000003  c_w.l(libshutdown2.o)
    0x080001b4   0x080001b4   0x00000000   Code   RO          778    .ARM.Collect$$libshutdown$$00000006  c_w.l(libshutdown2.o)
    0x080001b4   0x080001b4   0x00000000   Code   RO          781    .ARM.Collect$$libshutdown$$00000009  c_w.l(libshutdown2.o)
    0x080001b4   0x080001b4   0x00000000   Code   RO          783    .ARM.Collect$$libshutdown$$0000000B  c_w.l(libshutdown2.o)
    0x080001b4   0x080001b4   0x00000000   Code   RO          786    .ARM.Collect$$libshutdown$$0000000E  c_w.l(libshutdown2.o)
    0x080001b4   0x080001b4   0x00000002   Code   RO          787    .ARM.Collect$$libshutdown$$0000000F  c_w.l(libshutdown2.o)
    0x080001b6   0x080001b6   0x00000000   Code   RO          653    .ARM.Collect$$rtentry$$00000000  c_w.l(__rtentry.o)
    0x080001b6   0x080001b6   0x00000000   Code   RO          665    .ARM.Collect$$rtentry$$00000002  c_w.l(__rtentry2.o)
    0x080001b6   0x080001b6   0x00000006   Code   RO          677    .ARM.Collect$$rtentry$$00000004  c_w.l(__rtentry4.o)
    0x080001bc   0x080001bc   0x00000000   Code   RO          667    .ARM.Collect$$rtentry$$00000009  c_w.l(__rtentry2.o)
    0x080001bc   0x080001bc   0x00000004   Code   RO          668    .ARM.Collect$$rtentry$$0000000A  c_w.l(__rtentry2.o)
    0x080001c0   0x080001c0   0x00000000   Code   RO          670    .ARM.Collect$$rtentry$$0000000C  c_w.l(__rtentry2.o)
    0x080001c0   0x080001c0   0x00000008   Code   RO          671    .ARM.Collect$$rtentry$$0000000D  c_w.l(__rtentry2.o)
    0x080001c8   0x080001c8   0x00000002   Code   RO          700    .ARM.Collect$$rtexit$$00000000  c_w.l(rtexit.o)
    0x080001ca   0x080001ca   0x00000000   Code   RO          748    .ARM.Collect$$rtexit$$00000002  c_w.l(rtexit2.o)
    0x080001ca   0x080001ca   0x00000004   Code   RO          749    .ARM.Collect$$rtexit$$00000003  c_w.l(rtexit2.o)
    0x080001ce   0x080001ce   0x00000006   Code   RO          750    .ARM.Collect$$rtexit$$00000004  c_w.l(rtexit2.o)
    0x080001d4   0x080001d4   0x00000090   Code   RO            1    .text               main.o
    0x08000264   0x08000264   0x0000001e   Code   RO          148    .text               stm32f10x_it.o
    0x08000282   0x08000282   0x00000002   PAD
    0x08000284   0x08000284   0x00000040   Code   RO          188  * .text               startup_stm32f10x_hd.o
    0x080002c4   0x080002c4   0x000001e0   Code   RO          193    .text               system_stm32f10x.o
    0x080004a4   0x080004a4   0x000000dc   Code   RO          240    .text               misc.o
    0x08000580   0x08000580   0x0000035c   Code   RO          252    .text               stm32f10x_gpio.o
    0x080008dc   0x080008dc   0x000003a4   Code   RO          264    .text               stm32f10x_rcc.o
    0x08000c80   0x08000c80   0x00000408   Code   RO          278    .text               stm32f10x_usart.o
    0x08001088   0x08001088   0x0000060c   Code   RO          290    .text               stm32f10x_fsmc.o
    0x08001694   0x08001694   0x0000030c   Code   RO          302    .text               stm32f10x_spi.o
    0x080019a0   0x080019a0   0x00000e1a   Code   RO          314    .text               stm32f10x_tim.o
    0x080027ba   0x080027ba   0x0000017a   Code   RO          326    .text               24cxx.o
    0x08002934   0x08002934   0x00000238   Code   RO          363    .text               iic.o
    0x08002b6c   0x08002b6c   0x00000034   Code   RO          378    .text               led.o
    0x08002ba0   0x08002ba0   0x000001c0   Code   RO          393    .text               spi.o
    0x08002d60   0x08002d60   0x00000120   Code   RO          408    .text               sram.o
    0x08002e80   0x08002e80   0x00000d10   Code   RO          423    .text               tftlcd.o
    0x08003b90   0x08003b90   0x00000174   Code   RO          452    .text               time.o
    0x08003d04   0x08003d04   0x000004a4   Code   RO          467    .text               touch.o
    0x080041a8   0x080041a8   0x000000cc   Code   RO          511    .text               systick.o
    0x08004274   0x08004274   0x000000fc   Code   RO          528    .text               usart.o
    0x08004370   0x08004370   0x0000022c   Code   RO          550    .text               malloc.o
    0x0800459c   0x0800459c   0x00000018   Code   RO          576    .text               c_w.l(noretval__2printf.o)
    0x080045b4   0x080045b4   0x00000068   Code   RO          578    .text               c_w.l(__printf.o)
    0x0800461c   0x0800461c   0x00000058   Code   RO          583    .text               c_w.l(_printf_hex_int.o)
    0x08004674   0x08004674   0x00000006   Code   RO          623    .text               c_w.l(heapauxi.o)
    0x0800467a   0x0800467a   0x000000b2   Code   RO          654    .text               c_w.l(_printf_intcommon.o)
    0x0800472c   0x0800472c   0x00000024   Code   RO          656    .text               c_w.l(_printf_char_file.o)
    0x08004750   0x08004750   0x00000030   Code   RO          679    .text               c_w.l(_printf_char_common.o)
    0x08004780   0x08004780   0x00000008   Code   RO          681    .text               c_w.l(ferror.o)
    0x08004788   0x08004788   0x0000004a   Code   RO          685    .text               c_w.l(sys_stackheap_outer.o)
    0x080047d2   0x080047d2   0x0000000c   Code   RO          689    .text               c_w.l(exit.o)
    0x080047de   0x080047de   0x00000002   PAD
    0x080047e0   0x080047e0   0x00000008   Code   RO          697    .text               c_w.l(libspace.o)
    0x080047e8   0x080047e8   0x000000c4   Code   RO          627    x$fpl$fadd          fz_ws.l(faddsub_clz.o)
    0x080048ac   0x080048ac   0x00000184   Code   RO          634    x$fpl$fdiv          fz_ws.l(fdiv.o)
    0x08004a30   0x08004a30   0x00000036   Code   RO          637    x$fpl$ffix          fz_ws.l(ffix.o)
    0x08004a66   0x08004a66   0x00000002   PAD
    0x08004a68   0x08004a68   0x0000003e   Code   RO          641    x$fpl$ffixu         fz_ws.l(ffixu.o)
    0x08004aa6   0x08004aa6   0x00000002   PAD
    0x08004aa8   0x08004aa8   0x00000030   Code   RO          646    x$fpl$fflt          fz_ws.l(fflt_clz.o)
    0x08004ad8   0x08004ad8   0x00000026   Code   RO          645    x$fpl$ffltu         fz_ws.l(fflt_clz.o)
    0x08004afe   0x08004afe   0x00000002   PAD
    0x08004b00   0x08004b00   0x00000102   Code   RO          651    x$fpl$fmul          fz_ws.l(fmul.o)
    0x08004c02   0x08004c02   0x0000008c   Code   RO          659    x$fpl$fnaninf       fz_ws.l(fnaninf.o)
    0x08004c8e   0x08004c8e   0x0000000a   Code   RO          661    x$fpl$fretinf       fz_ws.l(fretinf.o)
    0x08004c98   0x08004c98   0x000000ea   Code   RO          629    x$fpl$fsub          fz_ws.l(faddsub_clz.o)
    0x08004d82   0x08004d82   0x00000000   Code   RO          663    x$fpl$usenofp       fz_ws.l(usenofp.o)
    0x08004d82   0x08004d82   0x00001be6   Data   RO          424    .constdata          tftlcd.o
    0x08006968   0x08006968   0x00000018   Data   RO          554    .constdata          malloc.o
    0x08006980   0x08006980   0x00000028   Data   RO          584    .constdata          c_w.l(_printf_hex_int.o)
    0x080069a8   0x080069a8   0x00000020   Data   RO          821    Region$$Table       anon$$obj.o


    Execution Region ER_RW (Exec base: 0x20000000, Load base: 0x080069c8, Size: 0x00000060, Max: 0xffffffff, ABSOLUTE)

    Exec Addr    Load Addr    Size         Type   Attr      Idx    E Section Name        Object

    0x20000000   0x080069c8   0x00000014   Data   RW          194    .data               system_stm32f10x.o
    0x20000014   0x080069dc   0x00000014   Data   RW          265    .data               stm32f10x_rcc.o
    0x20000028   0x080069f0   0x0000000c   Data   RW          425    .data               tftlcd.o
    0x20000034   0x080069fc   0x00000008   Data   RW          469    .data               touch.o
    0x2000003c   0x08006a04   0x00000004   Data   RW          512    .data               systick.o
    0x20000040   0x08006a08   0x00000004   Data   RW          529    .data               usart.o
    0x20000044   0x08006a0c   0x0000001c   Data   RW          555    .data               malloc.o


    Execution Region ER_ZI (Exec base: 0x20000060, Load base: 0x08006a28, Size: 0x00003500, Max: 0xffffffff, ABSOLUTE)

    Exec Addr    Load Addr    Size         Type   Attr      Idx    E Section Name        Object

    0x20000060        -       0x00000010   Zero   RW          468    .bss                touch.o
    0x20000070   0x08006a28   0x00000010   PAD
    0x20000080        -       0x00002a80   Zero   RW          553    .bss                malloc.o
    0x20002b00        -       0x00000060   Zero   RW          698    .bss                c_w.l(libspace.o)
    0x20002b60        -       0x00000200   Zero   RW          186    HEAP                startup_stm32f10x_hd.o
    0x20002d60        -       0x00000800   Zero   RW          185    STACK               startup_stm32f10x_hd.o



  Load Region LR$$.ARM.__AT_0x68000000 (Base: 0x68000000, Size: 0x00000000, Max: 0x000c8000, ABSOLUTE)

    Execution Region ER$$.ARM.__AT_0x68000000 (Exec base: 0x68000000, Load base: 0x68000000, Size: 0x000c8000, Max: 0x000c8000, ABSOLUTE, UNINIT)

    Exec Addr    Load Addr    Size         Type   Attr      Idx    E Section Name        Object

    0x68000000        -       0x000c8000   Zero   RW          551    .ARM.__AT_0x68000000  malloc.o



  Load Region LR$$.ARM.__AT_0x680C8000 (Base: 0x680c8000, Size: 0x00000000, Max: 0x0000c800, ABSOLUTE)

    Execution Region ER$$.ARM.__AT_0x680C8000 (Exec base: 0x680c8000, Load base: 0x680c8000, Size: 0x0000c800, Max: 0x0000c800, ABSOLUTE, UNINIT)

    Exec Addr    Load Addr    Size         Type   Attr      Idx    E Section Name        Object

    0x680c8000        -       0x0000c800   Zero   RW          552    .ARM.__AT_0x680C8000  malloc.o


==============================================================================

Image component sizes


      Code (inc. data)   RO Data    RW Data    ZI Data      Debug   Object Name

       378          0          0          0          0       2738   24cxx.o
       568         12          0          0          0       2179   iic.o
        52          6          0          0          0        535   led.o
       144         30          0          0          0     269115   main.o
       556         18         24         28     881280       4784   malloc.o
       220         22          0          0          0       2025   misc.o
       448         18          0          0          0       1708   spi.o
       288         16          0          0          0       1600   sram.o
        64         26        304          0       2560        968   startup_stm32f10x_hd.o
      1548         18          0          0          0       5571   stm32f10x_fsmc.o
       860         38          0          0          0       5869   stm32f10x_gpio.o
        30          0          0          0          0       1473   stm32f10x_it.o
       932         36          0         20          0       9124   stm32f10x_rcc.o
       780         14          0          0          0       6750   stm32f10x_spi.o
      3610         88          0          0          0      22356   stm32f10x_tim.o
      1032         22          0          0          0       8596   stm32f10x_usart.o
       480         38          0         20          0       2219   system_stm32f10x.o
       204          8          0          4          0       1173   systick.o
      3344         74       7142         12          0      12244   tftlcd.o
       372         16          0          0          0       1660   time.o
      1188         42          0          8         16       4466   touch.o
       252          8          0          4          0       3130   usart.o

    ----------------------------------------------------------------------
     17352        550       7502         96     883872     370283   Object Totals
         0          0         32          0          0          0   (incl. Generated)
         2          0          0          0         16          0   (incl. Padding)

    ----------------------------------------------------------------------

      Code (inc. data)   RO Data    RW Data    ZI Data      Debug   Library Member Name

         8          0          0          0          0         68   __main.o
       104          0          0          0          0         84   __printf.o
         0          0          0          0          0          0   __rtentry.o
        12          0          0          0          0          0   __rtentry2.o
         6          0          0          0          0          0   __rtentry4.o
        52          8          0          0          0          0   __scatter.o
        26          0          0          0          0          0   __scatter_copy.o
        28          0          0          0          0          0   __scatter_zi.o
        48          6          0          0          0         96   _printf_char_common.o
        36          4          0          0          0         80   _printf_char_file.o
        88          4         40          0          0         88   _printf_hex_int.o
       178          0          0          0          0         88   _printf_intcommon.o
         0          0          0          0          0          0   _printf_percent.o
         4          0          0          0          0          0   _printf_percent_end.o
         6          0          0          0          0          0   _printf_x.o
        12          0          0          0          0         72   exit.o
         8          0          0          0          0         68   ferror.o
         6          0          0          0          0        152   heapauxi.o
         2          0          0          0          0          0   libinit.o
         2          0          0          0          0          0   libinit2.o
         2          0          0          0          0          0   libshutdown.o
         2          0          0          0          0          0   libshutdown2.o
         8          4          0          0         96         68   libspace.o
        24          4          0          0          0         84   noretval__2printf.o
         2          0          0          0          0          0   rtexit.o
        10          0          0          0          0          0   rtexit2.o
        74          0          0          0          0         80   sys_stackheap_outer.o
       430          8          0          0          0        168   faddsub_clz.o
       388         76          0          0          0         96   fdiv.o
        54          4          0          0          0         84   ffix.o
        62          4          0          0          0         84   ffixu.o
        86          0          0          0          0        136   fflt_clz.o
       258          4          0          0          0         84   fmul.o
       140          4          0          0          0         84   fnaninf.o
        10          0          0          0          0         68   fretinf.o
         0          0          0          0          0          0   usenofp.o

    ----------------------------------------------------------------------
      2186        130         40          0         96       1832   Library Totals
        10          0          0          0          0          0   (incl. Padding)

    ----------------------------------------------------------------------

      Code (inc. data)   RO Data    RW Data    ZI Data      Debug   Library Name

       748         30         40          0         96       1028   c_w.l
      1428        100          0          0          0        804   fz_ws.l

    ----------------------------------------------------------------------
      2186        130         40          0         96       1832   Library Totals

    ----------------------------------------------------------------------

==============================================================================


      Code (inc. data)   RO Data    RW Data    ZI Data      Debug   

     19538        680       7542         96     883968     369407   Grand Totals
     19538        680       7542         96     883968     369407   ELF Image Totals
     19538        680       7542         96          0          0   ROM Totals

==============================================================================

    Total RO  Size (Code + RO Data)                27080 (  26.45kB)
    Total RW  Size (RW Data + ZI Data)            884064 ( 863.34kB)
    Total ROM Size (Code + RO Data + RW Data)      27176 (  26.54kB)

==============================================================================

