<html>
<body>
<pre>
<h1>礦ision Build Log</h1>
<h2>Tool Versions:</h2>
IDE-Version: μVision V5.25.3.0
Copyright (C) 2018 ARM Ltd and ARM Germany GmbH. All rights reserved.
License Information: 11 Microsoft, Microsoft, LIC=X1ENN-Y4MUA-KRRXM-XU45X-X1RV0-GIPN9
 
Tool Versions:
Toolchain:       MDK-ARM Professional  Version: 5.14.0.0
Toolchain Path:  D:\KEIL5\ARM\ARMCC\Bin
C Compiler:      Armcc.exe V5.05 update 1 (build 106)
Assembler:       Armasm.exe V5.05 update 1 (build 106)
Linker/Locator:  ArmLink.exe V5.05 update 1 (build 106)
Library Manager: ArmAr.exe V5.05 update 1 (build 106)
Hex Converter:   FromElf.exe V5.05 update 1 (build 106)
CPU DLL:         SARMCM3.DLL V5.14.0.0
Dialog DLL:      DARMSTM.DLL V1.65.0.0
Target DLL:      CMSIS_AGDI.dll V1.21.0.0
Dialog DLL:      TARMSTM.DLL V1.64.0.0
 
<h2>Project:</h2>
G:\需要替换\4--实验程序\4-实验程序\STemWin实验例程\实验45：STemWin-PNG图片显示\Template.uvprojx
Project File Date:  08/29/2019

<h2>Output:</h2>
*** Using Compiler 'V5.05 update 1 (build 106)', folder: 'D:\KEIL5\ARM\ARMCC\Bin'
Rebuild target 'Target 1'
compiling main.c...
compiling stm32f10x_it.c...
assembling startup_stm32f10x_hd.s...
compiling system_stm32f10x.c...
compiling core_cm3.c...
compiling misc.c...
compiling stm32f10x_gpio.c...
compiling stm32f10x_rcc.c...
compiling stm32f10x_usart.c...
compiling stm32f10x_fsmc.c...
compiling stm32f10x_spi.c...
compiling stm32f10x_tim.c...
compiling 24cxx.c...
compiling flash.c...
compiling iic.c...
compiling led.c...
compiling spi.c...
compiling sram.c...
compiling tftlcd.c...
APP\tftlcd\tftlcd.c(603): warning:  #177-D: variable "i" was declared but never referenced
        u16 i;
APP\tftlcd\tftlcd.c(2525): warning:  #111-D: statement is unreachable
        return r;                                               
APP\tftlcd\tftlcd.c(2393): warning:  #177-D: variable "r1" was declared but never referenced
        u16 r1,r2,r3;
APP\tftlcd\tftlcd.c(2393): warning:  #177-D: variable "r2" was declared but never referenced
        u16 r1,r2,r3;
APP\tftlcd\tftlcd.c(2393): warning:  #177-D: variable "r3" was declared but never referenced
        u16 r1,r2,r3;
APP\tftlcd\tftlcd.c(2394): warning:  #177-D: variable "value" was declared but never referenced
        u32 value;
APP\tftlcd\tftlcd.c: 6 warnings, 0 errors
compiling touch.c...
compiling key.c...
compiling beep.c...
compiling sd.c...
compiling system.c...
compiling SysTick.c...
compiling usart.c...
compiling malloc.c...
compiling bsp.c...
compiling lib_ascii.c...
compiling lib_math.c...
compiling lib_mem.c...
compiling lib_str.c...
assembling lib_mem_a.asm...
compiling cpu_core.c...
compiling cpu_c.c...
assembling cpu_a.asm...
compiling os_cfg_app.c...
compiling os_core.c...
compiling os_dbg.c...
compiling os_flag.c...
compiling os_int.c...
compiling os_mem.c...
compiling os_msg.c...
compiling os_mutex.c...
compiling os_pend_multi.c...
compiling os_prio.c...
compiling os_q.c...
compiling os_sem.c...
compiling os_stat.c...
compiling os_task.c...
compiling os_tick.c...
compiling os_time.c...
compiling os_tmr.c...
compiling os_var.c...
assembling os_cpu_a.s...
compiling os_cpu_c.c...
compiling os_app_hooks.c...
compiling GUI_X_Touch_Analog.c...
EMWIN\STemWin\Config\GUI_X_Touch_Analog.c(52): warning:  #223-D: function "TOUCH_ReadData" declared implicitly
        return TOUCH_ReadData(0XD0);    
EMWIN\STemWin\Config\GUI_X_Touch_Analog.c(57): warning:  #223-D: function "TOUCH_ReadData" declared implicitly
        return TOUCH_ReadData(0X90);    
EMWIN\STemWin\Config\GUI_X_Touch_Analog.c: 2 warnings, 0 errors
compiling GUIConf.c...
compiling GUIDRV_Template.c...
compiling LCDConf_FlexColor_Template.c...
compiling GUI_X_UCOSIII.c...
compiling bmpdisplay.c...
compiling jpegdisplay.c...
compiling gifdisplay.c...
compiling pngdisplay.c...
compiling diskio.c...
compiling ff.c...
compiling fatfs_app.c...
compiling cc936.c...
compiling font_show.c...
compiling fontupd.c...
compiling GUI_FontHZ12.c...
EMWIN\STemWinHZ\GUI_FontHZ12.c(29): warning:  #144-D: a value of type "int (*)(unsigned short)" cannot be used to initialize an entity of type "GUI_GETCHARDISTX *"
        GUI_FONTTYPE_PROP_USER, 
EMWIN\STemWinHZ\GUI_FontHZ12.c(39): warning:  #144-D: a value of type "int (*)(unsigned short)" cannot be used to initialize an entity of type "GUI_GETCHARDISTX *"
        GUI_FONTTYPE_PROP_USER, 
EMWIN\STemWinHZ\GUI_FontHZ12.c: 2 warnings, 0 errors
compiling GUI_FontHZ16.c...
EMWIN\STemWinHZ\GUI_FontHZ16.c(29): warning:  #144-D: a value of type "int (*)(unsigned short)" cannot be used to initialize an entity of type "GUI_GETCHARDISTX *"
        GUI_FONTTYPE_PROP_USER, 
EMWIN\STemWinHZ\GUI_FontHZ16.c(39): warning:  #144-D: a value of type "int (*)(unsigned short)" cannot be used to initialize an entity of type "GUI_GETCHARDISTX *"
        GUI_FONTTYPE_PROP_USER, 
EMWIN\STemWinHZ\GUI_FontHZ16.c: 2 warnings, 0 errors
compiling GUI_UC_EncodeNone.c...
compiling GUICharPEx.c...
compiling adler32.c...
EMWIN\STemWinPNG\adler32.c(57): warning:  #1294-D: Old-style function adler32
  uLong ZEXPORT adler32(adler, buf, len)
EMWIN\STemWinPNG\adler32.c(128): warning:  #1294-D: Old-style function adler32_combine
  uLong ZEXPORT adler32_combine(adler1, adler2, len2)
EMWIN\STemWinPNG\adler32.c: 2 warnings, 0 errors
compiling compress.c...
EMWIN\STemWinPNG\compress.c(22): warning:  #1294-D: Old-style function compress2
  int ZEXPORT compress2 (dest, destLen, source, sourceLen, level)
EMWIN\STemWinPNG\compress.c(62): warning:  #1294-D: Old-style function compress
  int ZEXPORT compress (dest, destLen, source, sourceLen)
EMWIN\STemWinPNG\compress.c(75): warning:  #1294-D: Old-style function compressBound
  uLong ZEXPORT compressBound (sourceLen)
EMWIN\STemWinPNG\compress.c: 3 warnings, 0 errors
compiling crc32.c...
EMWIN\STemWinPNG\crc32.c(219): warning:  #1294-D: Old-style function crc32
  unsigned long ZEXPORT crc32(crc, buf, len)
EMWIN\STemWinPNG\crc32.c(242): warning:  #111-D: statement is unreachable
      crc = crc ^ 0xffffffffUL;
EMWIN\STemWinPNG\crc32.c(262): warning:  #1294-D: Old-style function crc32_little
  local unsigned long crc32_little(crc, buf, len)
EMWIN\STemWinPNG\crc32.c(302): warning:  #1294-D: Old-style function crc32_big
  local unsigned long crc32_big(crc, buf, len)
EMWIN\STemWinPNG\crc32.c(342): warning:  #1294-D: Old-style function gf2_matrix_times
  local unsigned long gf2_matrix_times(mat, vec)
EMWIN\STemWinPNG\crc32.c(359): warning:  #1294-D: Old-style function gf2_matrix_square
  local void gf2_matrix_square(square, mat)
EMWIN\STemWinPNG\crc32.c(370): warning:  #1294-D: Old-style function crc32_combine
  uLong ZEXPORT crc32_combine(crc1, crc2, len2)
EMWIN\STemWinPNG\crc32.c: 7 warnings, 0 errors
compiling deflate.c...
EMWIN\STemWinPNG\deflate.c(204): warning:  #1294-D: Old-style function deflateInit_
  int ZEXPORT deflateInit_(strm, level, version, stream_size)
EMWIN\STemWinPNG\deflate.c(216): warning:  #1294-D: Old-style function deflateInit2_
  int ZEXPORT deflateInit2_(strm, level, method, windowBits, memLevel, strategy,
EMWIN\STemWinPNG\deflate.c(315): warning:  #1294-D: Old-style function deflateSetDictionary
  int ZEXPORT deflateSetDictionary (strm, dictionary, dictLength)
EMWIN\STemWinPNG\deflate.c(357): warning:  #1294-D: Old-style function deflateReset
  int ZEXPORT deflateReset (strm)
EMWIN\STemWinPNG\deflate.c(393): warning:  #1294-D: Old-style function deflateSetHeader
  int ZEXPORT deflateSetHeader (strm, head)
EMWIN\STemWinPNG\deflate.c(404): warning:  #1294-D: Old-style function deflatePrime
  int ZEXPORT deflatePrime (strm, bits, value)
EMWIN\STemWinPNG\deflate.c(416): warning:  #1294-D: Old-style function deflateParams
  int ZEXPORT deflateParams(strm, level, strategy)
EMWIN\STemWinPNG\deflate.c(454): warning:  #1294-D: Old-style function deflateTune
  int ZEXPORT deflateTune(strm, good_length, max_lazy, nice_length, max_chain)
EMWIN\STemWinPNG\deflate.c(489): warning:  #1294-D: Old-style function deflateBound
  uLong ZEXPORT deflateBound(strm, sourceLen)
EMWIN\STemWinPNG\deflate.c(518): warning:  #1294-D: Old-style function putShortMSB
  local void putShortMSB (s, b)
EMWIN\STemWinPNG\deflate.c(532): warning:  #1294-D: Old-style function flush_pending
  local void flush_pending(strm)
EMWIN\STemWinPNG\deflate.c(552): warning:  #1294-D: Old-style function deflate
  int ZEXPORT deflate (strm, flush)
EMWIN\STemWinPNG\deflate.c(859): warning:  #1294-D: Old-style function deflateEnd
  int ZEXPORT deflateEnd (strm)
EMWIN\STemWinPNG\deflate.c(894): warning:  #1294-D: Old-style function deflateCopy
  int ZEXPORT deflateCopy (dest, source)
EMWIN\STemWinPNG\deflate.c(956): warning:  #1294-D: Old-style function read_buf
  local int read_buf(strm, buf, size)
EMWIN\STemWinPNG\deflate.c(986): warning:  #1294-D: Old-style function lm_init
  local void lm_init (s)
EMWIN\STemWinPNG\deflate.c(1027): warning:  #1294-D: Old-style function longest_match
  local uInt longest_match(s, cur_match)
EMWIN\STemWinPNG\deflate.c(1175): warning:  #1294-D: Old-style function longest_match_fast
  local uInt longest_match_fast(s, cur_match)
EMWIN\STemWinPNG\deflate.c(1266): warning:  #1294-D: Old-style function fill_window
  local void fill_window(s)
EMWIN\STemWinPNG\deflate.c(1390): warning:  #1294-D: Old-style function deflate_stored
  local block_state deflate_stored(s, flush)
EMWIN\STemWinPNG\deflate.c(1448): warning:  #1294-D: Old-style function deflate_fast
  local block_state deflate_fast(s, flush)
EMWIN\STemWinPNG\deflate.c(1554): warning:  #1294-D: Old-style function deflate_slow
  local block_state deflate_slow(s, flush)
EMWIN\STemWinPNG\deflate.c: 22 warnings, 0 errors
compiling GUI_PNG.c...
compiling gzio.c...
EMWIN\STemWinPNG\gzio.c(1035): warning:  #1-D: last line of file ends without a newline
  #endif
EMWIN\STemWinPNG\gzio.c: 1 warning, 0 errors
compiling IMAGE_PNG.c...
compiling infback.c...
EMWIN\STemWinPNG\infback.c(28): warning:  #1294-D: Old-style function inflateBackInit_
  int ZEXPORT inflateBackInit_(strm, windowBits, window, version, stream_size)
EMWIN\STemWinPNG\infback.c(73): warning:  #1294-D: Old-style function fixedtables
  local void fixedtables(state)
EMWIN\STemWinPNG\infback.c(241): warning:  #1294-D: Old-style function inflateBack
  int ZEXPORT inflateBack(strm, in, in_desc, out, out_desc)
EMWIN\STemWinPNG\infback.c(614): warning:  #1294-D: Old-style function inflateBackEnd
  int ZEXPORT inflateBackEnd(strm)
EMWIN\STemWinPNG\infback.c: 4 warnings, 0 errors
compiling inffast.c...
EMWIN\STemWinPNG\inffast.c(67): warning:  #1294-D: Old-style function inflate_fast
  void inflate_fast(strm, start)
EMWIN\STemWinPNG\inffast.c: 1 warning, 0 errors
compiling inflate.c...
EMWIN\STemWinPNG\inflate.c(103): warning:  #1294-D: Old-style function inflateReset
  int ZEXPORT inflateReset(strm)
EMWIN\STemWinPNG\inflate.c(128): warning:  #1294-D: Old-style function inflatePrime
  int ZEXPORT inflatePrime(strm, bits, value)
EMWIN\STemWinPNG\inflate.c(144): warning:  #1294-D: Old-style function inflateInit2_
  int ZEXPORT inflateInit2_(strm, windowBits, version, stream_size)
EMWIN\STemWinPNG\inflate.c(187): warning:  #1294-D: Old-style function inflateInit_
  int ZEXPORT inflateInit_(strm, version, stream_size)
EMWIN\STemWinPNG\inflate.c(205): warning:  #1294-D: Old-style function fixedtables
  local void fixedtables(state)
EMWIN\STemWinPNG\inflate.c(323): warning:  #1294-D: Old-style function updatewindow
  local int updatewindow(strm, out)
EMWIN\STemWinPNG\inflate.c(554): warning:  #1294-D: Old-style function inflate
  int ZEXPORT inflate(strm, flush)
EMWIN\STemWinPNG\inflate.c(1155): warning:  #1294-D: Old-style function inflateEnd
  int ZEXPORT inflateEnd(strm)
EMWIN\STemWinPNG\inflate.c(1169): warning:  #1294-D: Old-style function inflateSetDictionary
  int ZEXPORT inflateSetDictionary(strm, dictionary, dictLength)
EMWIN\STemWinPNG\inflate.c(1211): warning:  #1294-D: Old-style function inflateGetHeader
  int ZEXPORT inflateGetHeader(strm, head)
EMWIN\STemWinPNG\inflate.c(1239): warning:  #1294-D: Old-style function syncsearch
  local unsigned syncsearch(have, buf, len)
EMWIN\STemWinPNG\inflate.c(1262): warning:  #1294-D: Old-style function inflateSync
  int ZEXPORT inflateSync(strm)
EMWIN\STemWinPNG\inflate.c(1313): warning:  #1294-D: Old-style function inflateSyncPoint
  int ZEXPORT inflateSyncPoint(strm)
EMWIN\STemWinPNG\inflate.c(1323): warning:  #1294-D: Old-style function inflateCopy
  int ZEXPORT inflateCopy(dest, source)
EMWIN\STemWinPNG\inflate.c: 14 warnings, 0 errors
compiling inftrees.c...
compiling png.c...
compiling pngerror.c...
compiling pnggccrd.c...
compiling pngget.c...
compiling pngmem.c...
compiling pngpread.c...
compiling pngread.c...
compiling pngrio.c...
compiling pngrtran.c...
compiling pngrutil.c...
compiling pngset.c...
compiling pngtrans.c...
compiling pngvcrd.c...
compiling pngwio.c...
compiling pngwrite.c...
compiling pngwtran.c...
compiling pngwutil.c...
compiling trees.c...
EMWIN\STemWinPNG\trees.c(382): warning:  #1294-D: Old-style function _tr_init
  void _tr_init(s)
EMWIN\STemWinPNG\trees.c(411): warning:  #1294-D: Old-style function init_block
  local void init_block(s)
EMWIN\STemWinPNG\trees.c(455): warning:  #1294-D: Old-style function pqdownheap
  local void pqdownheap(s, tree, k)
EMWIN\STemWinPNG\trees.c(490): warning:  #1294-D: Old-style function gen_bitlen
  local void gen_bitlen(s, desc)
EMWIN\STemWinPNG\trees.c(577): warning:  #1294-D: Old-style function gen_codes
  local void gen_codes (tree, max_code, bl_count)
EMWIN\STemWinPNG\trees.c(619): warning:  #1294-D: Old-style function build_tree
  local void build_tree(s, desc)
EMWIN\STemWinPNG\trees.c(707): warning:  #1294-D: Old-style function scan_tree
  local void scan_tree (s, tree, max_code)
EMWIN\STemWinPNG\trees.c(752): warning:  #1294-D: Old-style function send_tree
  local void send_tree (s, tree, max_code)
EMWIN\STemWinPNG\trees.c(803): warning:  #1294-D: Old-style function build_bl_tree
  local int build_bl_tree(s)
EMWIN\STemWinPNG\trees.c(838): warning:  #1294-D: Old-style function send_all_trees
  local void send_all_trees(s, lcodes, dcodes, blcodes)
EMWIN\STemWinPNG\trees.c(867): warning:  #1294-D: Old-style function _tr_stored_block
  void _tr_stored_block(s, buf, stored_len, eof)
EMWIN\STemWinPNG\trees.c(892): warning:  #1294-D: Old-style function _tr_align
  void _tr_align(s)
EMWIN\STemWinPNG\trees.c(921): warning:  #1294-D: Old-style function _tr_flush_block
  void _tr_flush_block(s, buf, stored_len, eof)
EMWIN\STemWinPNG\trees.c(1022): warning:  #1294-D: Old-style function _tr_tally
  int _tr_tally (s, dist, lc)
EMWIN\STemWinPNG\trees.c(1072): warning:  #1294-D: Old-style function compress_block
  local void compress_block(s, ltree, dtree)
EMWIN\STemWinPNG\trees.c(1126): warning:  #1294-D: Old-style function set_data_type
  local void set_data_type(s)
EMWIN\STemWinPNG\trees.c(1146): warning:  #1294-D: Old-style function bi_reverse
  local unsigned bi_reverse(code, len)
EMWIN\STemWinPNG\trees.c(1161): warning:  #1294-D: Old-style function bi_flush
  local void bi_flush(s)
EMWIN\STemWinPNG\trees.c(1178): warning:  #1294-D: Old-style function bi_windup
  local void bi_windup(s)
EMWIN\STemWinPNG\trees.c(1197): warning:  #1294-D: Old-style function copy_block
  local void copy_block(s, buf, len, header)
EMWIN\STemWinPNG\trees.c: 20 warnings, 0 errors
compiling uncompr.c...
EMWIN\STemWinPNG\uncompr.c(26): warning:  #1294-D: Old-style function uncompress
  int ZEXPORT uncompress (dest, destLen, source, sourceLen)
EMWIN\STemWinPNG\uncompr.c: 1 warning, 0 errors
compiling zutil.c...
EMWIN\STemWinPNG\zutil.c(133): warning:  #1294-D: Old-style function zError
  const char * ZEXPORT zError(err)
EMWIN\STemWinPNG\zutil.c(300): warning:  #1294-D: Old-style function zcalloc
  voidpf zcalloc (opaque, items, size)
EMWIN\STemWinPNG\zutil.c(310): warning:  #1294-D: Old-style function zcfree
  void  zcfree (opaque, ptr)
EMWIN\STemWinPNG\zutil.c: 3 warnings, 0 errors
linking...
Program Size: Code=227994 RO-data=217050 RW-data=3112 ZI-data=913656  
FromELF: creating hex file...
".\Obj\Template.axf" - 0 Error(s), 90 Warning(s).

<h2>Software Packages used:</h2>

Package Vendor: Keil
                http://www.keil.com/pack/Keil.STM32F1xx_DFP.1.0.5.pack
                Keil.STM32F1xx_DFP.1.0.5
                STMicroelectronics STM32F1 Series Device Support, Drivers and Examples

<h2>Collection of Component include folders:</h2>
  .\RTE\_Target_1
  D:\KEIL5\ARM\PACK\Keil\STM32F1xx_DFP\1.0.5\Device\Include

<h2>Collection of Component Files used:</h2>
Build Time Elapsed:  00:01:12
</pre>
</body>
</html>
