<html>
<body>
<pre>
<h1>礦ision Build Log</h1>
<h2>Tool Versions:</h2>
IDE-Version: μVision V5.25.3.0
Copyright (C) 2018 ARM Ltd and ARM Germany GmbH. All rights reserved.
License Information: 11 Microsoft, Microsoft, LIC=X1ENN-Y4MUA-KRRXM-XU45X-X1RV0-GIPN9
 
Tool Versions:
Toolchain:       MDK-ARM Professional  Version: 5.14.0.0
Toolchain Path:  D:\KEIL5\ARM\ARMCC\Bin
C Compiler:      Armcc.exe V5.05 update 1 (build 106)
Assembler:       Armasm.exe V5.05 update 1 (build 106)
Linker/Locator:  ArmLink.exe V5.05 update 1 (build 106)
Library Manager: ArmAr.exe V5.05 update 1 (build 106)
Hex Converter:   FromElf.exe V5.05 update 1 (build 106)
CPU DLL:         SARMCM3.DLL V5.14.0.0
Dialog DLL:      DARMSTM.DLL V1.65.0.0
Target DLL:      Segger\JL2CM3.dll V2.99.13.0
Dialog DLL:      TARMSTM.DLL V1.64.0.0
 
<h2>Project:</h2>
G:\需要替换\4--实验程序\4-实验程序\STemWin实验例程\实验11：STemWin-WM重绘\Template.uvprojx
Project File Date:  08/29/2019

<h2>Output:</h2>
*** Using Compiler 'V5.05 update 1 (build 106)', folder: 'D:\KEIL5\ARM\ARMCC\Bin'
Rebuild target 'Target 1'
compiling main.c...
compiling stm32f10x_it.c...
assembling startup_stm32f10x_hd.s...
compiling system_stm32f10x.c...
compiling core_cm3.c...
compiling misc.c...
compiling stm32f10x_gpio.c...
compiling stm32f10x_rcc.c...
compiling stm32f10x_usart.c...
compiling stm32f10x_fsmc.c...
compiling stm32f10x_spi.c...
compiling stm32f10x_tim.c...
compiling 24cxx.c...
compiling flash.c...
compiling iic.c...
compiling led.c...
compiling spi.c...
compiling sram.c...
compiling tftlcd.c...
APP\tftlcd\tftlcd.c(603): warning:  #177-D: variable "i" was declared but never referenced
        u16 i;
APP\tftlcd\tftlcd.c(2525): warning:  #111-D: statement is unreachable
        return r;                                               
APP\tftlcd\tftlcd.c(2393): warning:  #177-D: variable "r1" was declared but never referenced
        u16 r1,r2,r3;
APP\tftlcd\tftlcd.c(2393): warning:  #177-D: variable "r2" was declared but never referenced
        u16 r1,r2,r3;
APP\tftlcd\tftlcd.c(2393): warning:  #177-D: variable "r3" was declared but never referenced
        u16 r1,r2,r3;
APP\tftlcd\tftlcd.c(2394): warning:  #177-D: variable "value" was declared but never referenced
        u32 value;
APP\tftlcd\tftlcd.c: 6 warnings, 0 errors
compiling time.c...
compiling touch.c...
compiling key.c...
compiling system.c...
compiling SysTick.c...
compiling usart.c...
compiling malloc.c...
compiling bsp.c...
compiling lib_ascii.c...
compiling lib_math.c...
compiling lib_mem.c...
compiling lib_str.c...
assembling lib_mem_a.asm...
compiling cpu_core.c...
compiling cpu_c.c...
assembling cpu_a.asm...
compiling os_cfg_app.c...
compiling os_core.c...
compiling os_dbg.c...
compiling os_flag.c...
compiling os_int.c...
compiling os_mem.c...
compiling os_msg.c...
compiling os_mutex.c...
compiling os_pend_multi.c...
compiling os_prio.c...
compiling os_q.c...
compiling os_sem.c...
compiling os_stat.c...
compiling os_task.c...
compiling os_tick.c...
compiling os_time.c...
compiling os_tmr.c...
compiling os_var.c...
assembling os_cpu_a.s...
compiling os_cpu_c.c...
compiling os_app_hooks.c...
compiling GUI_X_Touch_Analog.c...
EMWIN\STemWin\Config\GUI_X_Touch_Analog.c(52): warning:  #223-D: function "TOUCH_ReadData" declared implicitly
        return TOUCH_ReadData(0XD0);    
EMWIN\STemWin\Config\GUI_X_Touch_Analog.c(57): warning:  #223-D: function "TOUCH_ReadData" declared implicitly
        return TOUCH_ReadData(0X90);    
EMWIN\STemWin\Config\GUI_X_Touch_Analog.c: 2 warnings, 0 errors
compiling GUIConf.c...
compiling GUIDRV_Template.c...
compiling LCDConf_FlexColor_Template.c...
compiling GUI_X_UCOSIII.c...
compiling WM_redraw_demo.c...
linking...
Program Size: Code=95710 RO-data=21798 RW-data=820 ZI-data=906868  
FromELF: creating hex file...
".\Obj\Template.axf" - 0 Error(s), 8 Warning(s).

<h2>Software Packages used:</h2>

Package Vendor: Keil
                http://www.keil.com/pack/Keil.STM32F1xx_DFP.1.0.5.pack
                Keil.STM32F1xx_DFP.1.0.5
                STMicroelectronics STM32F1 Series Device Support, Drivers and Examples

<h2>Collection of Component include folders:</h2>
  .\RTE\_Target_1
  D:\KEIL5\ARM\PACK\Keil\STM32F1xx_DFP\1.0.5\Device\Include

<h2>Collection of Component Files used:</h2>
Build Time Elapsed:  00:00:39
</pre>
</body>
</html>
