Component: ARM Compiler 5.05 update 1 (build 106) Tool: armlink [4d0efa]

==============================================================================

Section Cross References

    main.o(.text) refers to os_time.o(.text) for OSTimeDlyHMSM
    main.o(.text) refers to gui_touch_driveranalog.o(i.GUI_TOUCH_Exec) for GUI_TOUCH_Exec
    main.o(.text) refers to progbarwin_demo.o(.text) for STemWin_ProgbarWin_Test
    main.o(.text) refers to cpu_core.o(.text) for CPU_Init
    main.o(.text) refers to os_stat.o(.text) for OSStatTaskCPUUsageInit
    main.o(.text) refers to os_core.o(.text) for OSSchedRoundRobinCfg
    main.o(.text) refers to stm32f10x_rcc.o(.text) for RCC_AHBPeriphClockCmd
    main.o(.text) refers to gui_core.o(i.GUI_Init) for GUI_Init
    main.o(.text) refers to cpu_a.o(.text) for CPU_SR_Save
    main.o(.text) refers to os_task.o(.text) for OSTaskCreate
    main.o(.text) refers to systick.o(.text) for SysTick_Init
    main.o(.text) refers to misc.o(.text) for NVIC_PriorityGroupConfig
    main.o(.text) refers to usart.o(.text) for USART1_Init
    main.o(.text) refers to led.o(.text) for LED_Init
    main.o(.text) refers to beep.o(.text) for BEEP_Init
    main.o(.text) refers to tftlcd.o(.text) for TFTLCD_Init
    main.o(.text) refers to touch.o(.text) for TOUCH_Init
    main.o(.text) refers to sram.o(.text) for FSMC_SRAM_Init
    main.o(.text) refers to malloc.o(.text) for my_mem_init
    main.o(.text) refers to os_var.o(.data) for OSSchedLockNestingCtr
    main.o(.text) refers to main.o(.bss) for EMWINDEMO_TASK_STK
    startup_stm32f10x_hd.o(STACK) refers (Special) to heapauxi.o(.text) for __use_two_region_memory
    startup_stm32f10x_hd.o(HEAP) refers (Special) to heapauxi.o(.text) for __use_two_region_memory
    startup_stm32f10x_hd.o(RESET) refers (Special) to heapauxi.o(.text) for __use_two_region_memory
    startup_stm32f10x_hd.o(RESET) refers to startup_stm32f10x_hd.o(STACK) for __initial_sp
    startup_stm32f10x_hd.o(RESET) refers to startup_stm32f10x_hd.o(.text) for Reset_Handler
    startup_stm32f10x_hd.o(RESET) refers to stm32f10x_it.o(.text) for NMI_Handler
    startup_stm32f10x_hd.o(RESET) refers to os_cpu_a.o(CODE) for PendSV_Handler
    startup_stm32f10x_hd.o(RESET) refers to systick.o(.text) for SysTick_Handler
    startup_stm32f10x_hd.o(RESET) refers to time.o(.text) for TIM3_IRQHandler
    startup_stm32f10x_hd.o(RESET) refers to usart.o(.text) for USART1_IRQHandler
    startup_stm32f10x_hd.o(.text) refers (Special) to heapauxi.o(.text) for __use_two_region_memory
    startup_stm32f10x_hd.o(.text) refers to system_stm32f10x.o(.text) for SystemInit
    startup_stm32f10x_hd.o(.text) refers to __main.o(!!!main) for __main
    startup_stm32f10x_hd.o(.text) refers to startup_stm32f10x_hd.o(HEAP) for Heap_Mem
    startup_stm32f10x_hd.o(.text) refers to startup_stm32f10x_hd.o(STACK) for Stack_Mem
    system_stm32f10x.o(.text) refers to system_stm32f10x.o(.data) for SystemCoreClock
    stm32f10x_gpio.o(.text) refers to stm32f10x_rcc.o(.text) for RCC_APB2PeriphResetCmd
    stm32f10x_rcc.o(.text) refers to stm32f10x_rcc.o(.data) for APBAHBPrescTable
    stm32f10x_usart.o(.text) refers to stm32f10x_rcc.o(.text) for RCC_APB2PeriphResetCmd
    stm32f10x_spi.o(.text) refers to stm32f10x_rcc.o(.text) for RCC_APB2PeriphResetCmd
    stm32f10x_tim.o(.text) refers to stm32f10x_rcc.o(.text) for RCC_APB2PeriphResetCmd
    24cxx.o(.text) refers to iic.o(.text) for IIC_Init
    24cxx.o(.text) refers to systick.o(.text) for delay_ms
    flash.o(.text) refers to _printf_percent.o(.ARM.Collect$$_printf_percent$$00000000) for _printf_percent
    flash.o(.text) refers to _printf_x.o(.ARM.Collect$$_printf_percent$$0000000C) for _printf_x
    flash.o(.text) refers to _printf_hex_int.o(.text) for _printf_longlong_hex
    flash.o(.text) refers to spi.o(.text) for SPI2_ReadWriteByte
    flash.o(.text) refers to stm32f10x_rcc.o(.text) for RCC_APB2PeriphClockCmd
    flash.o(.text) refers to stm32f10x_gpio.o(.text) for GPIO_Init
    flash.o(.text) refers to noretval__2printf.o(.text) for __2printf
    flash.o(.text) refers to systick.o(.text) for delay_us
    flash.o(.text) refers to flash.o(.data) for EN25QXX_TYPE
    flash.o(.text) refers to flash.o(.bss) for EN25QXX_BUFFER
    iic.o(.text) refers to stm32f10x_rcc.o(.text) for RCC_APB2PeriphClockCmd
    iic.o(.text) refers to stm32f10x_gpio.o(.text) for GPIO_Init
    iic.o(.text) refers to systick.o(.text) for delay_us
    led.o(.text) refers to stm32f10x_rcc.o(.text) for RCC_APB2PeriphClockCmd
    led.o(.text) refers to stm32f10x_gpio.o(.text) for GPIO_Init
    spi.o(.text) refers to stm32f10x_spi.o(.text) for SPI_I2S_GetFlagStatus
    spi.o(.text) refers to stm32f10x_rcc.o(.text) for RCC_APB2PeriphClockCmd
    spi.o(.text) refers to stm32f10x_gpio.o(.text) for GPIO_Init
    sram.o(.text) refers to stm32f10x_rcc.o(.text) for RCC_APB2PeriphClockCmd
    sram.o(.text) refers to stm32f10x_gpio.o(.text) for GPIO_Init
[...]
    0x080151b4   0x080151b4   0x0000011c   Code   RO         2885    i._DrawBitLine1BPP  STemWin526_CM3_OS_Keil.lib(guidev_32.o)
    0x080152d0   0x080152d0   0x000000e0   Code   RO         1779    i._DrawBitLine2BPP  STemWin526_CM3_OS_Keil.lib(guidev_16.o)
    0x080153b0   0x080153b0   0x000000e0   Code   RO         2886    i._DrawBitLine2BPP  STemWin526_CM3_OS_Keil.lib(guidev_32.o)
    0x08015490   0x08015490   0x00000094   Code   RO         2887    i._DrawBitLine32BPP_DDB  STemWin526_CM3_OS_Keil.lib(guidev_32.o)
    0x08015524   0x08015524   0x00000160   Code   RO         1780    i._DrawBitLine4BPP  STemWin526_CM3_OS_Keil.lib(guidev_16.o)
    0x08015684   0x08015684   0x00000158   Code   RO         2888    i._DrawBitLine4BPP  STemWin526_CM3_OS_Keil.lib(guidev_32.o)
    0x080157dc   0x080157dc   0x000002d8   Code   RO         1781    i._DrawBitmap       STemWin526_CM3_OS_Keil.lib(guidev_16.o)
    0x08015ab4   0x08015ab4   0x000002a4   Code   RO         2889    i._DrawBitmap       STemWin526_CM3_OS_Keil.lib(guidev_32.o)
    0x08015d58   0x08015d58   0x00000002   Code   RO         2176    i._DrawDown         STemWin526_CM3_OS_Keil.lib(widget_effect_none.o)
    0x08015d5a   0x08015d5a   0x00000010   Code   RO         2560    i._DrawDown         STemWin526_CM3_OS_Keil.lib(widget_effect_3d.o)
    0x08015d6a   0x08015d6a   0x00000002   Code   RO         2177    i._DrawDownRect     STemWin526_CM3_OS_Keil.lib(widget_effect_none.o)
    0x08015d6c   0x08015d6c   0x00000094   Code   RO         2561    i._DrawDownRect     STemWin526_CM3_OS_Keil.lib(widget_effect_3d.o)
    0x08015e00   0x08015e00   0x00000002   Code   RO         2178    i._DrawFlat         STemWin526_CM3_OS_Keil.lib(widget_effect_none.o)
    0x08015e02   0x08015e02   0x0000000a   Code   RO         1782    i._DrawHLine        STemWin526_CM3_OS_Keil.lib(guidev_16.o)
    0x08015e0c   0x08015e0c   0x0000000a   Code   RO         2890    i._DrawHLine        STemWin526_CM3_OS_Keil.lib(guidev_32.o)
    0x08015e16   0x08015e16   0x00000002   PAD
    0x08015e18   0x08015e18   0x0000005c   Code   RO         2230    i._DrawNext         STemWin526_CM3_OS_Keil.lib(wm.o)
    0x08015e74   0x08015e74   0x00000038   Code   RO         2117    i._DrawPart         STemWin526_CM3_OS_Keil.lib(progbar_skinclassic.o)
    0x08015eac   0x08015eac   0x00000002   Code   RO         2179    i._DrawUp           STemWin526_CM3_OS_Keil.lib(widget_effect_none.o)
    0x08015eae   0x08015eae   0x00000002   Code   RO         2180    i._DrawUpRect       STemWin526_CM3_OS_Keil.lib(widget_effect_none.o)
    0x08015eb0   0x08015eb0   0x00000068   Code   RO         2562    i._DrawUpRect       STemWin526_CM3_OS_Keil.lib(widget_effect_3d.o)
    0x08015f18   0x08015f18   0x000000b8   Code   RO         1783    i._DrawVLine        STemWin526_CM3_OS_Keil.lib(guidev_16.o)
    0x08015fd0   0x08015fd0   0x000000ac   Code   RO         2891    i._DrawVLine        STemWin526_CM3_OS_Keil.lib(guidev_32.o)
    0x0801607c   0x0801607c   0x00000056   Code   RO         2149    i._EffectRequiresRedraw  STemWin526_CM3_OS_Keil.lib(widget.o)
    0x080160d2   0x080160d2   0x00000006   Code   RO         1934    i._Encode           STemWin526_CM3_OS_Keil.lib(gui_uc_encodenone.o)
    0x080160d8   0x080160d8   0x00000098   Code   RO         1275    i._EnlargeBlocks    STemWin526_CM3_OS_Keil.lib(gui_alloc.o)
    0x08016170   0x08016170   0x00000078   Code   RO         2231    i._Exec1Input       STemWin526_CM3_OS_Keil.lib(wm.o)
    0x080161e8   0x080161e8   0x000000ac   Code   RO         1784    i._FillRect         STemWin526_CM3_OS_Keil.lib(guidev_16.o)
    0x08016294   0x08016294   0x000000a4   Code   RO         2892    i._FillRect         STemWin526_CM3_OS_Keil.lib(guidev_32.o)
    0x08016338   0x08016338   0x00000148   Code   RO         2232    i._FindNext_IVR     STemWin526_CM3_OS_Keil.lib(wm.o)
    0x08016480   0x08016480   0x0000007c   Code   RO         2233    i._Findx0           STemWin526_CM3_OS_Keil.lib(wm.o)
    0x080164fc   0x080164fc   0x00000072   Code   RO         2234    i._Findx1           STemWin526_CM3_OS_Keil.lib(wm.o)
    0x0801656e   0x0801656e   0x000000a6   Code   RO         2235    i._Findy1           STemWin526_CM3_OS_Keil.lib(wm.o)
    0x08016614   0x08016614   0x00000074   Code   RO         3066    i._FlushBuffer      STemWin526_CM3_OS_Keil.lib(gui_sprite.o)
    0x08016688   0x08016688   0x00000004   Code   RO         2943    i._GUI_USAGE_BM_Delete  STemWin526_CM3_OS_Keil.lib(guidev_usagebm.o)
    0x0801668c   0x0801668c   0x0000006c   Code   RO         3067    i._GetBkPixel       STemWin526_CM3_OS_Keil.lib(gui_sprite.o)
    0x080166f8   0x080166f8   0x00000004   Code   RO         1935    i._GetCharCode      STemWin526_CM3_OS_Keil.lib(gui_uc_encodenone.o)
    0x080166fc   0x080166fc   0x00000004   Code   RO         1936    i._GetCharSize      STemWin526_CM3_OS_Keil.lib(gui_uc_encodenone.o)
    0x08016700   0x08016700   0x0000001a   Code   RO         1507    i._GetDevCap        STemWin526_CM3_OS_Keil.lib(lcd_info.o)
    0x0801671a   0x0801671a   0x00000002   PAD
    0x0801671c   0x0801671c   0x00000010   Code   RO         1785    i._GetDevData       STemWin526_CM3_OS_Keil.lib(guidev_16.o)
    0x0801672c   0x0801672c   0x00000010   Code   RO         2893    i._GetDevData       STemWin526_CM3_OS_Keil.lib(guidev_32.o)
    0x0801673c   0x0801673c   0x00000010   Code   RO         1786    i._GetDevFunc       STemWin526_CM3_OS_Keil.lib(guidev_16.o)
    0x0801674c   0x0801674c   0x00000010   Code   RO         2894    i._GetDevFunc       STemWin526_CM3_OS_Keil.lib(guidev_32.o)
    0x0801675c   0x0801675c   0x0000001e   Code   RO         1464    i._GetDevProp       STemWin526_CM3_OS_Keil.lib(lcd_getex.o)
    0x0801677a   0x0801677a   0x00000008   Code   RO         1787    i._GetDevProp       STemWin526_CM3_OS_Keil.lib(guidev_16.o)
    0x08016782   0x08016782   0x0000000c   Code   RO         2895    i._GetDevProp       STemWin526_CM3_OS_Keil.lib(guidev_32.o)
    0x0801678e   0x0801678e   0x00000002   PAD
    0x08016790   0x08016790   0x00000040   Code   RO         3073    i._GetDeviceRect    STemWin526_CM3_OS_Keil.lib(gui_sprite.o)
    0x080167d0   0x080167d0   0x00000052   Code   RO         2479    i._GetIndexMask_0   STemWin526_CM3_OS_Keil.lib(guicc_0.o)
    0x08016822   0x08016822   0x00000006   Code   RO         2872    i._GetIndexMask_8888  STemWin526_CM3_OS_Keil.lib(guicc_8888.o)
    0x08016828   0x08016828   0x00000006   Code   RO         1417    i._GetIndexMask_M565  STemWin526_CM3_OS_Keil.lib(guicc_m565.o)
    0x0801682e   0x0801682e   0x0000001e   Code   RO         1465    i._GetMaxValue      STemWin526_CM3_OS_Keil.lib(lcd_getex.o)
    0x0801684c   0x0801684c   0x0000001c   Code   RO         1276    i._GetMinIndex      STemWin526_CM3_OS_Keil.lib(gui_alloc.o)
    0x08016868   0x08016868   0x0000000e   Code   RO         1788    i._GetPixelIndex    STemWin526_CM3_OS_Keil.lib(guidev_16.o)
    0x08016876   0x08016876   0x0000000e   Code   RO         2896    i._GetPixelIndex    STemWin526_CM3_OS_Keil.lib(guidev_32.o)
    0x08016884   0x08016884   0x00000030   Code   RO         1789    i._GetRect          STemWin526_CM3_OS_Keil.lib(guidev_16.o)
    0x080168b4   0x080168b4   0x00000030   Code   RO         2897    i._GetRect          STemWin526_CM3_OS_Keil.lib(guidev_32.o)
    0x080168e4   0x080168e4   0x00000010   Code   RO         1897    i._GotoX            STemWin526_CM3_OS_Keil.lib(gui_goto.o)
    0x080168f4   0x080168f4   0x00000010   Code   RO         1898    i._GotoY            STemWin526_CM3_OS_Keil.lib(gui_goto.o)
    0x08016904   0x08016904   0x0000001c   Code   RO         2400    i._IncPointer       STemWin526_CM3_OS_Keil.lib(gui_onkey.o)
    0x08016920   0x08016920   0x00000014   Code   RO         2742    i._IncPointer       STemWin526_CM3_OS_Keil.lib(gui_pid.o)
    0x08016934   0x08016934   0x00000006   Code   RO         2401    i._IncReadPointer   STemWin526_CM3_OS_Keil.lib(gui_onkey.o)
    0x0801693a   0x0801693a   0x00000002   PAD
    0x0801693c   0x0801693c   0x00000058   Code   RO         1418    i._Index2ColorBulk  STemWin526_CM3_OS_Keil.lib(guicc_m565.o)
    0x08016994   0x08016994   0x0000000e   Code   RO         2873    i._Index2ColorBulk  STemWin526_CM3_OS_Keil.lib(guicc_8888.o)
    0x080169a2   0x080169a2   0x00000020   Code   RO         2480    i._Index2Color_0    STemWin526_CM3_OS_Keil.lib(guicc_0.o)
    0x080169c2   0x080169c2   0x00000002   PAD
    0x080169c4   0x080169c4   0x00000070   Code   RO         1329    i._InitContext      STemWin526_CM3_OS_Keil.lib(gui_core.o)
    0x08016a34   0x08016a34   0x000000a8   Code   RO         1277    i._InitOnce         STemWin526_CM3_OS_Keil.lib(gui_alloc.o)
    0x08016adc   0x08016adc   0x00000080   Code   RO         2236    i._Invalidate1Abs   STemWin526_CM3_OS_Keil.lib(wm.o)
    0x08016b5c   0x08016b5c   0x00000014   Code   RO         1397    i._Log2Phys         STemWin526_CM3_OS_Keil.lib(gui_touch_driveranalog.o)
    0x08016b70   0x08016b70   0x00000002   Code   RO         2367    i._Log2VisBuffered  STemWin526_CM3_OS_Keil.lib(gui_charline.o)
    0x08016b72   0x08016b72   0x00000008   Code   RO         2513    i._Min              STemWin526_CM3_OS_Keil.lib(guidev_banding.o)
    0x08016b7a   0x08016b7a   0x0000006e   Code   RO         2993    i._MoveDescendents  STemWin526_CM3_OS_Keil.lib(wm_move.o)
    0x08016be8   0x08016be8   0x00000034   Code   RO         1278    i._OnExit           STemWin526_CM3_OS_Keil.lib(gui_alloc.o)
    0x08016c1c   0x08016c1c   0x0000002c   Code   RO         1330    i._OnExit           STemWin526_CM3_OS_Keil.lib(gui_core.o)
    0x08016c48   0x08016c48   0x00000014   Code   RO         1918    i._OnExit           STemWin526_CM3_OS_Keil.lib(gui_task.o)
    0x08016c5c   0x08016c5c   0x00000014   Code   RO         1987    i._OnExit           STemWin526_CM3_OS_Keil.lib(lcd_color.o)
    0x08016c70   0x08016c70   0x00000034   Code   RO         2237    i._OnExit           STemWin526_CM3_OS_Keil.lib(wm.o)
    0x08016ca4   0x08016ca4   0x00000028   Code   RO         2666    i._OnExit           STemWin526_CM3_OS_Keil.lib(gui__alpha.o)
    0x08016ccc   0x08016ccc   0x0000010c   Code   RO         2118    i._Paint            STemWin526_CM3_OS_Keil.lib(progbar_skinclassic.o)
    0x08016dd8   0x08016dd8   0x00000024   Code   RO         2238    i._Paint1           STemWin526_CM3_OS_Keil.lib(wm.o)
    0x08016dfc   0x08016dfc   0x0000008c   Code   RO         2239    i._Paint1Trans      STemWin526_CM3_OS_Keil.lib(wm.o)
    0x08016e88   0x08016e88   0x0000009a   Code   RO         2240    i._PaintTransChildren  STemWin526_CM3_OS_Keil.lib(wm.o)
    0x08016f22   0x08016f22   0x00000002   PAD
    0x08016f24   0x08016f24   0x00000040   Code   RO         1279    i._PopFreeBlock     STemWin526_CM3_OS_Keil.lib(gui_alloc.o)
    0x08016f64   0x08016f64   0x00000028   Code   RO         1280    i._PushFreeBlock    STemWin526_CM3_OS_Keil.lib(gui_alloc.o)
    0x08016f8c   0x08016f8c   0x0000001c   Code   RO         3078    i._ReleaseBuffer    STemWin526_CM3_OS_Keil.lib(gui_sprite.o)
    0x08016fa8   0x08016fa8   0x00000034   Code   RO         1281    i._RemoveFreeBlock  STemWin526_CM3_OS_Keil.lib(gui_alloc.o)
    0x08016fdc   0x08016fdc   0x0000005c   Code   RO         2844    i._RemoveFromLinList  STemWin526_CM3_OS_Keil.lib(gui_timer.o)
    0x08017038   0x08017038   0x000000a0   Code   RO         1282    i._RemoveHoles      STemWin526_CM3_OS_Keil.lib(gui_alloc.o)
    0x080170d8   0x080170d8   0x0000005a   Code   RO         3011    i._Screen2hWin      STemWin526_CM3_OS_Keil.lib(wm_screen2win.o)
    0x08017132   0x08017132   0x00000002   PAD
    0x08017134   0x08017134   0x00000024   Code   RO         3012    i._Screen2hWinStop  STemWin526_CM3_OS_Keil.lib(wm_screen2win.o)
    0x08017158   0x08017158   0x00000020   Code   RO         1957    i._SetBkColor       STemWin526_CM3_OS_Keil.lib(lcd.o)
    0x08017178   0x08017178   0x0000004c   Code   RO         2241    i._SetClipRectUserIntersect  STemWin526_CM3_OS_Keil.lib(wm.o)
    0x080171c4   0x080171c4   0x00000020   Code   RO         1958    i._SetColor         STemWin526_CM3_OS_Keil.lib(lcd.o)
    0x080171e4   0x080171e4   0x0000002c   Code   RO         1959    i._SetDrawMode      STemWin526_CM3_OS_Keil.lib(lcd.o)
    0x08017210   0x08017210   0x00000034   Code   RO         1398    i._SetMinMax        STemWin526_CM3_OS_Keil.lib(gui_touch_driveranalog.o)
    0x08017244   0x08017244   0x00000008   Code   RO         1790    i._SetOrg           STemWin526_CM3_OS_Keil.lib(guidev_16.o)
    0x0801724c   0x0801724c   0x00000008   Code   RO         2898    i._SetOrg           STemWin526_CM3_OS_Keil.lib(guidev_32.o)
    0x08017254   0x08017254   0x00000048   Code   RO         1791    i._SetPixelIndex    STemWin526_CM3_OS_Keil.lib(guidev_16.o)
    0x0801729c   0x0801729c   0x00000048   Code   RO         2899    i._SetPixelIndex    STemWin526_CM3_OS_Keil.lib(guidev_32.o)
    0x080172e4   0x080172e4   0x0000029c   Code   RO         3083    i._SetPosition      STemWin526_CM3_OS_Keil.lib(gui_sprite.o)
    0x08017580   0x08017580   0x0000004a   Code   RO         3084    i._SetSpriteBkPixel  STemWin526_CM3_OS_Keil.lib(gui_sprite.o)
    0x080175ca   0x080175ca   0x0000002c   Code   RO         1822    i._SetValue         STemWin526_CM3_OS_Keil.lib(progbar.o)
    0x080175f6   0x080175f6   0x00000002   PAD
    0x080175f8   0x080175f8   0x00000058   Code   RO         2743    i._StoreState       STemWin526_CM3_OS_Keil.lib(gui_pid.o)
    0x08017650   0x08017650   0x00000030   Code   RO         1399    i._StoreUnstable    STemWin526_CM3_OS_Keil.lib(gui_touch_driveranalog.o)
    0x08017680   0x08017680   0x000000ea   Code   RO         1283    i._TestRAM          STemWin526_CM3_OS_Keil.lib(gui_alloc.o)
    0x0801776a   0x0801776a   0x00000002   PAD
    0x0801776c   0x0801776c   0x00000050   Code   RO         2845    i._Unlink           STemWin526_CM3_OS_Keil.lib(gui_timer.o)
    0x080177bc   0x080177bc   0x00000030   Code   RO         1363    i._UnlinkDevice     STemWin526_CM3_OS_Keil.lib(gui_device.o)
    0x080177ec   0x080177ec   0x0000000e   Code   RO         1284    i._WriteTagData     STemWin526_CM3_OS_Keil.lib(gui_alloc.o)
    0x080177fa   0x080177fa   0x00000002   PAD
    0x080177fc   0x080177fc   0x00000340   Code   RO         2106    i._WriteToActiveOpaque_8  STemWin526_CM3_OS_Keil.lib(guidev_writetoactiveopaque.o)
    0x08017b3c   0x08017b3c   0x00000354   Code   RO         2107    i._WriteToActiveOpaque_HT  STemWin526_CM3_OS_Keil.lib(guidev_writetoactiveopaque.o)
    0x08017e90   0x08017e90   0x0000003c   Code   RO         1792    i._XY2PTR           STemWin526_CM3_OS_Keil.lib(guidev_16.o)
    0x08017ecc   0x08017ecc   0x0000003c   Code   RO         2900    i._XY2PTR           STemWin526_CM3_OS_Keil.lib(guidev_32.o)
    0x08017f08   0x08017f08   0x00000054   Code   RO         1793    i._XorPixel         STemWin526_CM3_OS_Keil.lib(guidev_16.o)
    0x08017f5c   0x08017f5c   0x00000058   Code   RO         2901    i._XorPixel         STemWin526_CM3_OS_Keil.lib(guidev_32.o)
    0x08017fb4   0x08017fb4   0x00000004   Code   RO         2583    i._cbInvalidateOne  STemWin526_CM3_OS_Keil.lib(wm_bringtotop.o)
    0x08017fb8   0x08017fb8   0x00000044   Code   RO         2242    i._cbPaintMemDev    STemWin526_CM3_OS_Keil.lib(wm.o)
    0x08017ffc   0x08017ffc   0x00000050   Code   RO         2243    i.cbBackWin         STemWin526_CM3_OS_Keil.lib(wm.o)
    0x0801804c   0x0801804c   0x0000008a   Code   RO         1960    i.emWin_LCD_Init    STemWin526_CM3_OS_Keil.lib(lcd.o)
    0x080180d6   0x080180d6   0x00000002   PAD
    0x080180d8   0x080180d8   0x000000c4   Code   RO         3264    x$fpl$fadd          fz_ws.l(faddsub_clz.o)
    0x0801819c   0x0801819c   0x00000184   Code   RO         3271    x$fpl$fdiv          fz_ws.l(fdiv.o)
    0x08018320   0x08018320   0x00000036   Code   RO         3274    x$fpl$ffix          fz_ws.l(ffix.o)
    0x08018356   0x08018356   0x00000002   PAD
    0x08018358   0x08018358   0x0000003e   Code   RO         3278    x$fpl$ffixu         fz_ws.l(ffixu.o)
    0x08018396   0x08018396   0x00000002   PAD
    0x08018398   0x08018398   0x00000030   Code   RO         3283    x$fpl$fflt          fz_ws.l(fflt_clz.o)
    0x080183c8   0x080183c8   0x00000026   Code   RO         3282    x$fpl$ffltu         fz_ws.l(fflt_clz.o)
    0x080183ee   0x080183ee   0x00000002   PAD
    0x080183f0   0x080183f0   0x00000102   Code   RO         3288    x$fpl$fmul          fz_ws.l(fmul.o)
    0x080184f2   0x080184f2   0x0000008c   Code   RO         3304    x$fpl$fnaninf       fz_ws.l(fnaninf.o)
    0x0801857e   0x0801857e   0x0000000a   Code   RO         3306    x$fpl$fretinf       fz_ws.l(fretinf.o)
    0x08018588   0x08018588   0x000000ea   Code   RO         3266    x$fpl$fsub          fz_ws.l(faddsub_clz.o)
    0x08018672   0x08018672   0x00000000   Code   RO         3308    x$fpl$usenofp       fz_ws.l(usenofp.o)
    0x08018672   0x08018672   0x00001be6   Data   RO          529    .constdata          tftlcd.o
    0x0801a258   0x0801a258   0x00000018   Data   RO          674    .constdata          malloc.o
    0x0801a270   0x0801a270   0x00000094   Data   RO          760    .constdata          lib_str.o
    0x0801a304   0x0801a304   0x00000104   Data   RO          781    .constdata          cpu_core.o
    0x0801a408   0x0801a408   0x000000a4   Data   RO          822    .constdata          os_cfg_app.o
    0x0801a4ac   0x0801a4ac   0x0000016c   Data   RO          856    .constdata          os_dbg.o
    0x0801a618   0x0801a618   0x00000034   Data   RO         1118    .constdata          guidrv_template.o
    0x0801a64c   0x0801a64c   0x00000008   Data   RO         1332    .constdata          STemWin526_CM3_OS_Keil.lib(gui_core.o)
    0x0801a654   0x0801a654   0x00000008   Data   RO         1364    .constdata          STemWin526_CM3_OS_Keil.lib(gui_device.o)
    0x0801a65c   0x0801a65c   0x00000018   Data   RO         1419    .constdata          STemWin526_CM3_OS_Keil.lib(guicc_m565.o)
    0x0801a674   0x0801a674   0x00000518   Data   RO         1561    .constdata          STemWin526_CM3_OS_Keil.lib(f6x8.o)
    0x0801ab8c   0x0801ab8c   0x000001c0   Data   RO         1562    .constdata          STemWin526_CM3_OS_Keil.lib(f6x8.o)
    0x0801ad4c   0x0801ad4c   0x00000008   Data   RO         1563    .constdata          STemWin526_CM3_OS_Keil.lib(f6x8.o)
    0x0801ad54   0x0801ad54   0x00000014   Data   RO         1564    .constdata          STemWin526_CM3_OS_Keil.lib(f6x8.o)
    0x0801ad68   0x0801ad68   0x00000024   Data   RO         1565    .constdata          STemWin526_CM3_OS_Keil.lib(f6x8.o)
    0x0801ad8c   0x0801ad8c   0x00000a30   Data   RO         1567    .constdata          STemWin526_CM3_OS_Keil.lib(f8x16.o)
    0x0801b7bc   0x0801b7bc   0x000001c0   Data   RO         1568    .constdata          STemWin526_CM3_OS_Keil.lib(f8x16.o)
    0x0801b97c   0x0801b97c   0x00000008   Data   RO         1569    .constdata          STemWin526_CM3_OS_Keil.lib(f8x16.o)
    0x0801b984   0x0801b984   0x00000014   Data   RO         1570    .constdata          STemWin526_CM3_OS_Keil.lib(f8x16.o)
    0x0801b998   0x0801b998   0x00000024   Data   RO         1571    .constdata          STemWin526_CM3_OS_Keil.lib(f8x16.o)
    0x0801b9bc   0x0801b9bc   0x00000018   Data   RO         1579    .constdata          STemWin526_CM3_OS_Keil.lib(f24_ascii.o)
    0x0801b9d4   0x0801b9d4   0x00000018   Data   RO         1580    .constdata          STemWin526_CM3_OS_Keil.lib(f24_ascii.o)
    0x0801b9ec   0x0801b9ec   0x00000018   Data   RO         1581    .constdata          STemWin526_CM3_OS_Keil.lib(f24_ascii.o)
    0x0801ba04   0x0801ba04   0x00000030   Data   RO         1582    .constdata          STemWin526_CM3_OS_Keil.lib(f24_ascii.o)
    0x0801ba34   0x0801ba34   0x00000030   Data   RO         1583    .constdata          STemWin526_CM3_OS_Keil.lib(f24_ascii.o)
    0x0801ba64   0x0801ba64   0x00000048   Data   RO         1584    .constdata          STemWin526_CM3_OS_Keil.lib(f24_ascii.o)
    0x0801baac   0x0801baac   0x00000030   Data   RO         1585    .constdata          STemWin526_CM3_OS_Keil.lib(f24_ascii.o)
    0x0801badc   0x0801badc   0x00000018   Data   RO         1586    .constdata          STemWin526_CM3_OS_Keil.lib(f24_ascii.o)
    0x0801baf4   0x0801baf4   0x00000018   Data   RO         1587    .constdata          STemWin526_CM3_OS_Keil.lib(f24_ascii.o)
    0x0801bb0c   0x0801bb0c   0x00000018   Data   RO         1588    .constdata          STemWin526_CM3_OS_Keil.lib(f24_ascii.o)
    0x0801bb24   0x0801bb24   0x00000018   Data   RO         1589    .constdata          STemWin526_CM3_OS_Keil.lib(f24_ascii.o)
    0x0801bb3c   0x0801bb3c   0x00000030   Data   RO         1590    .constdata          STemWin526_CM3_OS_Keil.lib(f24_ascii.o)
    0x0801bb6c   0x0801bb6c   0x00000018   Data   RO         1591    .constdata          STemWin526_CM3_OS_Keil.lib(f24_ascii.o)
    0x0801bb84   0x0801bb84   0x00000018   Data   RO         1592    .constdata          STemWin526_CM3_OS_Keil.lib(f24_ascii.o)
    0x0801bb9c   0x0801bb9c   0x00000018   Data   RO         1593    .constdata          STemWin526_CM3_OS_Keil.lib(f24_ascii.o)
    0x0801bbb4   0x0801bbb4   0x00000018   Data   RO         1594    .constdata          STemWin526_CM3_OS_Keil.lib(f24_ascii.o)
    0x0801bbcc   0x0801bbcc   0x00000030   Data   RO         1595    .constdata          STemWin526_CM3_OS_Keil.lib(f24_ascii.o)
    0x0801bbfc   0x0801bbfc   0x00000030   Data   RO         1596    .constdata          STemWin526_CM3_OS_Keil.lib(f24_ascii.o)
    0x0801bc2c   0x0801bc2c   0x00000030   Data   RO         1597    .constdata          STemWin526_CM3_OS_Keil.lib(f24_ascii.o)
    0x0801bc5c   0x0801bc5c   0x00000030   Data   RO         1598    .constdata          STemWin526_CM3_OS_Keil.lib(f24_ascii.o)
    0x0801bc8c   0x0801bc8c   0x00000030   Data   RO         1599    .constdata          STemWin526_CM3_OS_Keil.lib(f24_ascii.o)
    0x0801bcbc   0x0801bcbc   0x00000030   Data   RO         1600    .constdata          STemWin526_CM3_OS_Keil.lib(f24_ascii.o)
    0x0801bcec   0x0801bcec   0x00000030   Data   RO         1601    .constdata          STemWin526_CM3_OS_Keil.lib(f24_ascii.o)
    0x0801bd1c   0x0801bd1c   0x00000030   Data   RO         1602    .constdata          STemWin526_CM3_OS_Keil.lib(f24_ascii.o)
    0x0801bd4c   0x0801bd4c   0x00000030   Data   RO         1603    .constdata          STemWin526_CM3_OS_Keil.lib(f24_ascii.o)
    0x0801bd7c   0x0801bd7c   0x00000030   Data   RO         1604    .constdata          STemWin526_CM3_OS_Keil.lib(f24_ascii.o)
    0x0801bdac   0x0801bdac   0x00000018   Data   RO         1605    .constdata          STemWin526_CM3_OS_Keil.lib(f24_ascii.o)
    0x0801bdc4   0x0801bdc4   0x00000018   Data   RO         1606    .constdata          STemWin526_CM3_OS_Keil.lib(f24_ascii.o)
    0x0801bddc   0x0801bddc   0x00000030   Data   RO         1607    .constdata          STemWin526_CM3_OS_Keil.lib(f24_ascii.o)
    0x0801be0c   0x0801be0c   0x00000030   Data   RO         1608    .constdata          STemWin526_CM3_OS_Keil.lib(f24_ascii.o)
    0x0801be3c   0x0801be3c   0x00000030   Data   RO         1609    .constdata          STemWin526_CM3_OS_Keil.lib(f24_ascii.o)
    0x0801be6c   0x0801be6c   0x00000030   Data   RO         1610    .constdata          STemWin526_CM3_OS_Keil.lib(f24_ascii.o)
    0x0801be9c   0x0801be9c   0x00000048   Data   RO         1611    .constdata          STemWin526_CM3_OS_Keil.lib(f24_ascii.o)
    0x0801bee4   0x0801bee4   0x00000030   Data   RO         1612    .constdata          STemWin526_CM3_OS_Keil.lib(f24_ascii.o)
    0x0801bf14   0x0801bf14   0x00000030   Data   RO         1613    .constdata          STemWin526_CM3_OS_Keil.lib(f24_ascii.o)
    0x0801bf44   0x0801bf44   0x00000030   Data   RO         1614    .constdata          STemWin526_CM3_OS_Keil.lib(f24_ascii.o)
    0x0801bf74   0x0801bf74   0x00000030   Data   RO         1615    .constdata          STemWin526_CM3_OS_Keil.lib(f24_ascii.o)
    0x0801bfa4   0x0801bfa4   0x00000030   Data   RO         1616    .constdata          STemWin526_CM3_OS_Keil.lib(f24_ascii.o)
    0x0801bfd4   0x0801bfd4   0x00000030   Data   RO         1617    .constdata          STemWin526_CM3_OS_Keil.lib(f24_ascii.o)
    0x0801c004   0x0801c004   0x00000030   Data   RO         1618    .constdata          STemWin526_CM3_OS_Keil.lib(f24_ascii.o)
    0x0801c034   0x0801c034   0x00000030   Data   RO         1619    .constdata          STemWin526_CM3_OS_Keil.lib(f24_ascii.o)
    0x0801c064   0x0801c064   0x00000018   Data   RO         1620    .constdata          STemWin526_CM3_OS_Keil.lib(f24_ascii.o)
    0x0801c07c   0x0801c07c   0x00000030   Data   RO         1621    .constdata          STemWin526_CM3_OS_Keil.lib(f24_ascii.o)
    0x0801c0ac   0x0801c0ac   0x00000030   Data   RO         1622    .constdata          STemWin526_CM3_OS_Keil.lib(f24_ascii.o)
    0x0801c0dc   0x0801c0dc   0x00000030   Data   RO         1623    .constdata          STemWin526_CM3_OS_Keil.lib(f24_ascii.o)
    0x0801c10c   0x0801c10c   0x00000048   Data   RO         1624    .constdata          STemWin526_CM3_OS_Keil.lib(f24_ascii.o)
    0x0801c154   0x0801c154   0x00000030   Data   RO         1625    .constdata          STemWin526_CM3_OS_Keil.lib(f24_ascii.o)
    0x0801c184   0x0801c184   0x00000030   Data   RO         1626    .constdata          STemWin526_CM3_OS_Keil.lib(f24_ascii.o)
    0x0801c1b4   0x0801c1b4   0x00000030   Data   RO         1627    .constdata          STemWin526_CM3_OS_Keil.lib(f24_ascii.o)
    0x0801c1e4   0x0801c1e4   0x00000030   Data   RO         1628    .constdata          STemWin526_CM3_OS_Keil.lib(f24_ascii.o)
    0x0801c214   0x0801c214   0x00000030   Data   RO         1629    .constdata          STemWin526_CM3_OS_Keil.lib(f24_ascii.o)
    0x0801c244   0x0801c244   0x00000030   Data   RO         1630    .constdata          STemWin526_CM3_OS_Keil.lib(f24_ascii.o)
    0x0801c274   0x0801c274   0x00000030   Data   RO         1631    .constdata          STemWin526_CM3_OS_Keil.lib(f24_ascii.o)
    0x0801c2a4   0x0801c2a4   0x00000030   Data   RO         1632    .constdata          STemWin526_CM3_OS_Keil.lib(f24_ascii.o)
    0x0801c2d4   0x0801c2d4   0x00000030   Data   RO         1633    .constdata          STemWin526_CM3_OS_Keil.lib(f24_ascii.o)
    0x0801c304   0x0801c304   0x00000048   Data   RO         1634    .constdata          STemWin526_CM3_OS_Keil.lib(f24_ascii.o)
    0x0801c34c   0x0801c34c   0x00000030   Data   RO         1635    .constdata          STemWin526_CM3_OS_Keil.lib(f24_ascii.o)
    0x0801c37c   0x0801c37c   0x00000030   Data   RO         1636    .constdata          STemWin526_CM3_OS_Keil.lib(f24_ascii.o)
    0x0801c3ac   0x0801c3ac   0x00000030   Data   RO         1637    .constdata          STemWin526_CM3_OS_Keil.lib(f24_ascii.o)
    0x0801c3dc   0x0801c3dc   0x00000018   Data   RO         1638    .constdata          STemWin526_CM3_OS_Keil.lib(f24_ascii.o)
    0x0801c3f4   0x0801c3f4   0x00000018   Data   RO         1639    .constdata          STemWin526_CM3_OS_Keil.lib(f24_ascii.o)
    0x0801c40c   0x0801c40c   0x00000018   Data   RO         1640    .constdata          STemWin526_CM3_OS_Keil.lib(f24_ascii.o)
    0x0801c424   0x0801c424   0x00000018   Data   RO         1641    .constdata          STemWin526_CM3_OS_Keil.lib(f24_ascii.o)
    0x0801c43c   0x0801c43c   0x00000030   Data   RO         1642    .constdata          STemWin526_CM3_OS_Keil.lib(f24_ascii.o)
    0x0801c46c   0x0801c46c   0x00000018   Data   RO         1643    .constdata          STemWin526_CM3_OS_Keil.lib(f24_ascii.o)
    0x0801c484   0x0801c484   0x00000030   Data   RO         1644    .constdata          STemWin526_CM3_OS_Keil.lib(f24_ascii.o)
    0x0801c4b4   0x0801c4b4   0x00000030   Data   RO         1645    .constdata          STemWin526_CM3_OS_Keil.lib(f24_ascii.o)
    0x0801c4e4   0x0801c4e4   0x00000030   Data   RO         1646    .constdata          STemWin526_CM3_OS_Keil.lib(f24_ascii.o)
    0x0801c514   0x0801c514   0x00000030   Data   RO         1647    .constdata          STemWin526_CM3_OS_Keil.lib(f24_ascii.o)
    0x0801c544   0x0801c544   0x00000030   Data   RO         1648    .constdata          STemWin526_CM3_OS_Keil.lib(f24_ascii.o)
    0x0801c574   0x0801c574   0x00000018   Data   RO         1649    .constdata          STemWin526_CM3_OS_Keil.lib(f24_ascii.o)
    0x0801c58c   0x0801c58c   0x00000030   Data   RO         1650    .constdata          STemWin526_CM3_OS_Keil.lib(f24_ascii.o)
    0x0801c5bc   0x0801c5bc   0x00000030   Data   RO         1651    .constdata          STemWin526_CM3_OS_Keil.lib(f24_ascii.o)
    0x0801c5ec   0x0801c5ec   0x00000018   Data   RO         1652    .constdata          STemWin526_CM3_OS_Keil.lib(f24_ascii.o)
    0x0801c604   0x0801c604   0x00000018   Data   RO         1653    .constdata          STemWin526_CM3_OS_Keil.lib(f24_ascii.o)
    0x0801c61c   0x0801c61c   0x00000030   Data   RO         1654    .constdata          STemWin526_CM3_OS_Keil.lib(f24_ascii.o)
    0x0801c64c   0x0801c64c   0x00000018   Data   RO         1655    .constdata          STemWin526_CM3_OS_Keil.lib(f24_ascii.o)
    0x0801c664   0x0801c664   0x00000030   Data   RO         1656    .constdata          STemWin526_CM3_OS_Keil.lib(f24_ascii.o)
    0x0801c694   0x0801c694   0x00000030   Data   RO         1657    .constdata          STemWin526_CM3_OS_Keil.lib(f24_ascii.o)
    0x0801c6c4   0x0801c6c4   0x00000030   Data   RO         1658    .constdata          STemWin526_CM3_OS_Keil.lib(f24_ascii.o)
    0x0801c6f4   0x0801c6f4   0x00000030   Data   RO         1659    .constdata          STemWin526_CM3_OS_Keil.lib(f24_ascii.o)
    0x0801c724   0x0801c724   0x00000030   Data   RO         1660    .constdata          STemWin526_CM3_OS_Keil.lib(f24_ascii.o)
    0x0801c754   0x0801c754   0x00000018   Data   RO         1661    .constdata          STemWin526_CM3_OS_Keil.lib(f24_ascii.o)
    0x0801c76c   0x0801c76c   0x00000030   Data   RO         1662    .constdata          STemWin526_CM3_OS_Keil.lib(f24_ascii.o)
    0x0801c79c   0x0801c79c   0x00000018   Data   RO         1663    .constdata          STemWin526_CM3_OS_Keil.lib(f24_ascii.o)
    0x0801c7b4   0x0801c7b4   0x00000030   Data   RO         1664    .constdata          STemWin526_CM3_OS_Keil.lib(f24_ascii.o)
    0x0801c7e4   0x0801c7e4   0x00000030   Data   RO         1665    .constdata          STemWin526_CM3_OS_Keil.lib(f24_ascii.o)
    0x0801c814   0x0801c814   0x00000030   Data   RO         1666    .constdata          STemWin526_CM3_OS_Keil.lib(f24_ascii.o)
    0x0801c844   0x0801c844   0x00000030   Data   RO         1667    .constdata          STemWin526_CM3_OS_Keil.lib(f24_ascii.o)
    0x0801c874   0x0801c874   0x00000030   Data   RO         1668    .constdata          STemWin526_CM3_OS_Keil.lib(f24_ascii.o)
    0x0801c8a4   0x0801c8a4   0x00000030   Data   RO         1669    .constdata          STemWin526_CM3_OS_Keil.lib(f24_ascii.o)
    0x0801c8d4   0x0801c8d4   0x00000018   Data   RO         1670    .constdata          STemWin526_CM3_OS_Keil.lib(f24_ascii.o)
    0x0801c8ec   0x0801c8ec   0x00000018   Data   RO         1671    .constdata          STemWin526_CM3_OS_Keil.lib(f24_ascii.o)
    0x0801c904   0x0801c904   0x00000018   Data   RO         1672    .constdata          STemWin526_CM3_OS_Keil.lib(f24_ascii.o)
    0x0801c91c   0x0801c91c   0x00000030   Data   RO         1673    .constdata          STemWin526_CM3_OS_Keil.lib(f24_ascii.o)
    0x0801c94c   0x0801c94c   0x000002f8   Data   RO         1674    .constdata          STemWin526_CM3_OS_Keil.lib(f24_ascii.o)
    0x0801cc44   0x0801cc44   0x0000000c   Data   RO         1675    .constdata          STemWin526_CM3_OS_Keil.lib(f24_ascii.o)
    0x0801cc50   0x0801cc50   0x00000024   Data   RO         1676    .constdata          STemWin526_CM3_OS_Keil.lib(f24_ascii.o)
    0x0801cc74   0x0801cc74   0x00000012   Data   RO         1677    .constdata          STemWin526_CM3_OS_Keil.lib(fcomic18b_1.o)
    0x0801cc86   0x0801cc86   0x00000012   Data   RO         1678    .constdata          STemWin526_CM3_OS_Keil.lib(fcomic18b_1.o)
    0x0801cc98   0x0801cc98   0x00000024   Data   RO         1679    .constdata          STemWin526_CM3_OS_Keil.lib(fcomic18b_1.o)
    0x0801ccbc   0x0801ccbc   0x00000024   Data   RO         1680    .constdata          STemWin526_CM3_OS_Keil.lib(fcomic18b_1.o)
    0x0801cce0   0x0801cce0   0x00000024   Data   RO         1681    .constdata          STemWin526_CM3_OS_Keil.lib(fcomic18b_1.o)
    0x0801cd04   0x0801cd04   0x00000024   Data   RO         1682    .constdata          STemWin526_CM3_OS_Keil.lib(fcomic18b_1.o)
    0x0801cd28   0x0801cd28   0x00000012   Data   RO         1683    .constdata          STemWin526_CM3_OS_Keil.lib(fcomic18b_1.o)
    0x0801cd3a   0x0801cd3a   0x00000024   Data   RO         1684    .constdata          STemWin526_CM3_OS_Keil.lib(fcomic18b_1.o)
    0x0801cd5e   0x0801cd5e   0x00000024   Data   RO         1685    .constdata          STemWin526_CM3_OS_Keil.lib(fcomic18b_1.o)
    0x0801cd82   0x0801cd82   0x00000024   Data   RO         1686    .constdata          STemWin526_CM3_OS_Keil.lib(fcomic18b_1.o)
    0x0801cda6   0x0801cda6   0x00000012   Data   RO         1687    .constdata          STemWin526_CM3_OS_Keil.lib(fcomic18b_1.o)
    0x0801cdb8   0x0801cdb8   0x00000024   Data   RO         1688    .constdata          STemWin526_CM3_OS_Keil.lib(fcomic18b_1.o)
    0x0801cddc   0x0801cddc   0x00000024   Data   RO         1689    .constdata          STemWin526_CM3_OS_Keil.lib(fcomic18b_1.o)
    0x0801ce00   0x0801ce00   0x00000012   Data   RO         1690    .constdata          STemWin526_CM3_OS_Keil.lib(fcomic18b_1.o)
    0x0801ce12   0x0801ce12   0x00000024   Data   RO         1691    .constdata          STemWin526_CM3_OS_Keil.lib(fcomic18b_1.o)
    0x0801ce36   0x0801ce36   0x00000024   Data   RO         1692    .constdata          STemWin526_CM3_OS_Keil.lib(fcomic18b_1.o)
    0x0801ce5a   0x0801ce5a   0x00000012   Data   RO         1693    .constdata          STemWin526_CM3_OS_Keil.lib(fcomic18b_1.o)
    0x0801ce6c   0x0801ce6c   0x00000012   Data   RO         1694    .constdata          STemWin526_CM3_OS_Keil.lib(fcomic18b_1.o)
    0x0801ce7e   0x0801ce7e   0x00000024   Data   RO         1695    .constdata          STemWin526_CM3_OS_Keil.lib(fcomic18b_1.o)
    0x0801cea2   0x0801cea2   0x00000024   Data   RO         1696    .constdata          STemWin526_CM3_OS_Keil.lib(fcomic18b_1.o)
    0x0801cec6   0x0801cec6   0x00000012   Data   RO         1697    .constdata          STemWin526_CM3_OS_Keil.lib(fcomic18b_1.o)
    0x0801ced8   0x0801ced8   0x00000012   Data   RO         1698    .constdata          STemWin526_CM3_OS_Keil.lib(fcomic18b_1.o)
    0x0801ceea   0x0801ceea   0x00000024   Data   RO         1699    .constdata          STemWin526_CM3_OS_Keil.lib(fcomic18b_1.o)
    0x0801cf0e   0x0801cf0e   0x00000012   Data   RO         1700    .constdata          STemWin526_CM3_OS_Keil.lib(fcomic18b_1.o)
    0x0801cf20   0x0801cf20   0x00000024   Data   RO         1701    .constdata          STemWin526_CM3_OS_Keil.lib(fcomic18b_1.o)
    0x0801cf44   0x0801cf44   0x00000024   Data   RO         1702    .constdata          STemWin526_CM3_OS_Keil.lib(fcomic18b_1.o)
    0x0801cf68   0x0801cf68   0x00000012   Data   RO         1703    .constdata          STemWin526_CM3_OS_Keil.lib(fcomic18b_1.o)
    0x0801cf7a   0x0801cf7a   0x00000024   Data   RO         1704    .constdata          STemWin526_CM3_OS_Keil.lib(fcomic18b_1.o)
    0x0801cf9e   0x0801cf9e   0x00000024   Data   RO         1705    .constdata          STemWin526_CM3_OS_Keil.lib(fcomic18b_1.o)
    0x0801cfc2   0x0801cfc2   0x00000024   Data   RO         1706    .constdata          STemWin526_CM3_OS_Keil.lib(fcomic18b_1.o)
    0x0801cfe6   0x0801cfe6   0x00000024   Data   RO         1707    .constdata          STemWin526_CM3_OS_Keil.lib(fcomic18b_1.o)
    0x0801d00a   0x0801d00a   0x00000024   Data   RO         1708    .constdata          STemWin526_CM3_OS_Keil.lib(fcomic18b_1.o)
    0x0801d02e   0x0801d02e   0x00000024   Data   RO         1709    .constdata          STemWin526_CM3_OS_Keil.lib(fcomic18b_1.o)
    0x0801d052   0x0801d052   0x00000024   Data   RO         1710    .constdata          STemWin526_CM3_OS_Keil.lib(fcomic18b_1.o)
    0x0801d076   0x0801d076   0x00000024   Data   RO         1711    .constdata          STemWin526_CM3_OS_Keil.lib(fcomic18b_1.o)
    0x0801d09a   0x0801d09a   0x00000024   Data   RO         1712    .constdata          STemWin526_CM3_OS_Keil.lib(fcomic18b_1.o)
    0x0801d0be   0x0801d0be   0x00000024   Data   RO         1713    .constdata          STemWin526_CM3_OS_Keil.lib(fcomic18b_1.o)
    0x0801d0e2   0x0801d0e2   0x00000024   Data   RO         1714    .constdata          STemWin526_CM3_OS_Keil.lib(fcomic18b_1.o)
    0x0801d106   0x0801d106   0x00000036   Data   RO         1715    .constdata          STemWin526_CM3_OS_Keil.lib(fcomic18b_1.o)
    0x0801d13c   0x0801d13c   0x00000024   Data   RO         1716    .constdata          STemWin526_CM3_OS_Keil.lib(fcomic18b_1.o)
    0x0801d160   0x0801d160   0x00000024   Data   RO         1717    .constdata          STemWin526_CM3_OS_Keil.lib(fcomic18b_1.o)
    0x0801d184   0x0801d184   0x00000024   Data   RO         1718    .constdata          STemWin526_CM3_OS_Keil.lib(fcomic18b_1.o)
    0x0801d1a8   0x0801d1a8   0x00000024   Data   RO         1719    .constdata          STemWin526_CM3_OS_Keil.lib(fcomic18b_1.o)
    0x0801d1cc   0x0801d1cc   0x00000024   Data   RO         1720    .constdata          STemWin526_CM3_OS_Keil.lib(fcomic18b_1.o)
    0x0801d1f0   0x0801d1f0   0x00000024   Data   RO         1721    .constdata          STemWin526_CM3_OS_Keil.lib(fcomic18b_1.o)
    0x0801d214   0x0801d214   0x00000024   Data   RO         1722    .constdata          STemWin526_CM3_OS_Keil.lib(fcomic18b_1.o)
    0x0801d238   0x0801d238   0x00000024   Data   RO         1723    .constdata          STemWin526_CM3_OS_Keil.lib(fcomic18b_1.o)
    0x0801d25c   0x0801d25c   0x00000024   Data   RO         1724    .constdata          STemWin526_CM3_OS_Keil.lib(fcomic18b_1.o)
    0x0801d280   0x0801d280   0x00000024   Data   RO         1725    .constdata          STemWin526_CM3_OS_Keil.lib(fcomic18b_1.o)
    0x0801d2a4   0x0801d2a4   0x00000024   Data   RO         1726    .constdata          STemWin526_CM3_OS_Keil.lib(fcomic18b_1.o)
    0x0801d2c8   0x0801d2c8   0x00000024   Data   RO         1727    .constdata          STemWin526_CM3_OS_Keil.lib(fcomic18b_1.o)
    0x0801d2ec   0x0801d2ec   0x00000024   Data   RO         1728    .constdata          STemWin526_CM3_OS_Keil.lib(fcomic18b_1.o)
    0x0801d310   0x0801d310   0x00000024   Data   RO         1729    .constdata          STemWin526_CM3_OS_Keil.lib(fcomic18b_1.o)
    0x0801d334   0x0801d334   0x00000024   Data   RO         1730    .constdata          STemWin526_CM3_OS_Keil.lib(fcomic18b_1.o)
    0x0801d358   0x0801d358   0x00000024   Data   RO         1731    .constdata          STemWin526_CM3_OS_Keil.lib(fcomic18b_1.o)
    0x0801d37c   0x0801d37c   0x00000012   Data   RO         1732    .constdata          STemWin526_CM3_OS_Keil.lib(fcomic18b_1.o)
    0x0801d38e   0x0801d38e   0x00000024   Data   RO         1733    .constdata          STemWin526_CM3_OS_Keil.lib(fcomic18b_1.o)
    0x0801d3b2   0x0801d3b2   0x00000024   Data   RO         1734    .constdata          STemWin526_CM3_OS_Keil.lib(fcomic18b_1.o)
    0x0801d3d6   0x0801d3d6   0x00000024   Data   RO         1735    .constdata          STemWin526_CM3_OS_Keil.lib(fcomic18b_1.o)
    0x0801d3fa   0x0801d3fa   0x00000024   Data   RO         1736    .constdata          STemWin526_CM3_OS_Keil.lib(fcomic18b_1.o)
    0x0801d41e   0x0801d41e   0x00000024   Data   RO         1737    .constdata          STemWin526_CM3_OS_Keil.lib(fcomic18b_1.o)
    0x0801d442   0x0801d442   0x00000024   Data   RO         1738    .constdata          STemWin526_CM3_OS_Keil.lib(fcomic18b_1.o)
    0x0801d466   0x0801d466   0x00000012   Data   RO         1739    .constdata          STemWin526_CM3_OS_Keil.lib(fcomic18b_1.o)
    0x0801d478   0x0801d478   0x00000012   Data   RO         1740    .constdata          STemWin526_CM3_OS_Keil.lib(fcomic18b_1.o)
    0x0801d48a   0x0801d48a   0x00000012   Data   RO         1741    .constdata          STemWin526_CM3_OS_Keil.lib(fcomic18b_1.o)
    0x0801d49c   0x0801d49c   0x00000012   Data   RO         1742    .constdata          STemWin526_CM3_OS_Keil.lib(fcomic18b_1.o)
    0x0801d4ae   0x0801d4ae   0x00000012   Data   RO         1743    .constdata          STemWin526_CM3_OS_Keil.lib(fcomic18b_1.o)
    0x0801d4c0   0x0801d4c0   0x00000012   Data   RO         1744    .constdata          STemWin526_CM3_OS_Keil.lib(fcomic18b_1.o)
    0x0801d4d2   0x0801d4d2   0x00000012   Data   RO         1745    .constdata          STemWin526_CM3_OS_Keil.lib(fcomic18b_1.o)
    0x0801d4e4   0x0801d4e4   0x00000012   Data   RO         1746    .constdata          STemWin526_CM3_OS_Keil.lib(fcomic18b_1.o)
    0x0801d4f6   0x0801d4f6   0x00000024   Data   RO         1747    .constdata          STemWin526_CM3_OS_Keil.lib(fcomic18b_1.o)
    0x0801d51a   0x0801d51a   0x00000012   Data   RO         1748    .constdata          STemWin526_CM3_OS_Keil.lib(fcomic18b_1.o)
    0x0801d52c   0x0801d52c   0x00000012   Data   RO         1749    .constdata          STemWin526_CM3_OS_Keil.lib(fcomic18b_1.o)
    0x0801d53e   0x0801d53e   0x00000012   Data   RO         1750    .constdata          STemWin526_CM3_OS_Keil.lib(fcomic18b_1.o)
    0x0801d550   0x0801d550   0x00000012   Data   RO         1751    .constdata          STemWin526_CM3_OS_Keil.lib(fcomic18b_1.o)
    0x0801d562   0x0801d562   0x00000012   Data   RO         1752    .constdata          STemWin526_CM3_OS_Keil.lib(fcomic18b_1.o)
    0x0801d574   0x0801d574   0x00000012   Data   RO         1753    .constdata          STemWin526_CM3_OS_Keil.lib(fcomic18b_1.o)
    0x0801d586   0x0801d586   0x00000012   Data   RO         1754    .constdata          STemWin526_CM3_OS_Keil.lib(fcomic18b_1.o)
    0x0801d598   0x0801d598   0x00000012   Data   RO         1755    .constdata          STemWin526_CM3_OS_Keil.lib(fcomic18b_1.o)
    0x0801d5aa   0x0801d5aa   0x00000012   Data   RO         1756    .constdata          STemWin526_CM3_OS_Keil.lib(fcomic18b_1.o)
    0x0801d5bc   0x0801d5bc   0x00000012   Data   RO         1757    .constdata          STemWin526_CM3_OS_Keil.lib(fcomic18b_1.o)
    0x0801d5ce   0x0801d5ce   0x00000012   Data   RO         1758    .constdata          STemWin526_CM3_OS_Keil.lib(fcomic18b_1.o)
    0x0801d5e0   0x0801d5e0   0x00000012   Data   RO         1759    .constdata          STemWin526_CM3_OS_Keil.lib(fcomic18b_1.o)
    0x0801d5f2   0x0801d5f2   0x00000012   Data   RO         1760    .constdata          STemWin526_CM3_OS_Keil.lib(fcomic18b_1.o)
    0x0801d604   0x0801d604   0x00000012   Data   RO         1761    .constdata          STemWin526_CM3_OS_Keil.lib(fcomic18b_1.o)
    0x0801d616   0x0801d616   0x00000012   Data   RO         1762    .constdata          STemWin526_CM3_OS_Keil.lib(fcomic18b_1.o)
    0x0801d628   0x0801d628   0x00000012   Data   RO         1763    .constdata          STemWin526_CM3_OS_Keil.lib(fcomic18b_1.o)
    0x0801d63a   0x0801d63a   0x00000024   Data   RO         1764    .constdata          STemWin526_CM3_OS_Keil.lib(fcomic18b_1.o)
    0x0801d65e   0x0801d65e   0x00000012   Data   RO         1765    .constdata          STemWin526_CM3_OS_Keil.lib(fcomic18b_1.o)
    0x0801d670   0x0801d670   0x00000012   Data   RO         1766    .constdata          STemWin526_CM3_OS_Keil.lib(fcomic18b_1.o)
    0x0801d682   0x0801d682   0x00000012   Data   RO         1767    .constdata          STemWin526_CM3_OS_Keil.lib(fcomic18b_1.o)
    0x0801d694   0x0801d694   0x00000012   Data   RO         1768    .constdata          STemWin526_CM3_OS_Keil.lib(fcomic18b_1.o)
    0x0801d6a6   0x0801d6a6   0x00000012   Data   RO         1769    .constdata          STemWin526_CM3_OS_Keil.lib(fcomic18b_1.o)
    0x0801d6b8   0x0801d6b8   0x00000024   Data   RO         1770    .constdata          STemWin526_CM3_OS_Keil.lib(fcomic18b_1.o)
    0x0801d6dc   0x0801d6dc   0x00000024   Data   RO         1771    .constdata          STemWin526_CM3_OS_Keil.lib(fcomic18b_1.o)
    0x0801d700   0x0801d700   0x00000024   Data   RO         1772    .constdata          STemWin526_CM3_OS_Keil.lib(fcomic18b_1.o)
    0x0801d724   0x0801d724   0x00000608   Data   RO         1773    .constdata          STemWin526_CM3_OS_Keil.lib(fcomic18b_1.o)
    0x0801dd2c   0x0801dd2c   0x0000000c   Data   RO         1774    .constdata          STemWin526_CM3_OS_Keil.lib(fcomic18b_1.o)
    0x0801dd38   0x0801dd38   0x0000000c   Data   RO         1775    .constdata          STemWin526_CM3_OS_Keil.lib(fcomic18b_1.o)
    0x0801dd44   0x0801dd44   0x00000024   Data   RO         1776    .constdata          STemWin526_CM3_OS_Keil.lib(fcomic18b_1.o)
    0x0801dd68   0x0801dd68   0x00000074   Data   RO         1794    .constdata          STemWin526_CM3_OS_Keil.lib(guidev_16.o)
    0x0801dddc   0x0801dddc   0x00000020   Data   RO         1852    .constdata          STemWin526_CM3_OS_Keil.lib(gui__divtbl_31_255.o)
    0x0801ddfc   0x0801ddfc   0x00000040   Data   RO         1853    .constdata          STemWin526_CM3_OS_Keil.lib(gui__divtbl_63_255.o)
    0x0801de3c   0x0801de3c   0x00000100   Data   RO         1854    .constdata          STemWin526_CM3_OS_Keil.lib(gui__divtbl_255_31.o)
    0x0801df3c   0x0801df3c   0x00000100   Data   RO         1855    .constdata          STemWin526_CM3_OS_Keil.lib(gui__divtbl_255_63.o)
    0x0801e03c   0x0801e03c   0x00000010   Data   RO         1937    .constdata          STemWin526_CM3_OS_Keil.lib(gui_uc_encodenone.o)
    0x0801e04c   0x0801e04c   0x0000000c   Data   RO         1961    .constdata          STemWin526_CM3_OS_Keil.lib(lcd.o)
    0x0801e058   0x0801e058   0x00000100   Data   RO         1996    .constdata          STemWin526_CM3_OS_Keil.lib(lcd_mirror.o)
    0x0801e158   0x0801e158   0x00000012   Data   RO         1997    .constdata          STemWin526_CM3_OS_Keil.lib(fcomic18b_ascii.o)
    0x0801e16a   0x0801e16a   0x00000012   Data   RO         1998    .constdata          STemWin526_CM3_OS_Keil.lib(fcomic18b_ascii.o)
    0x0801e17c   0x0801e17c   0x00000012   Data   RO         1999    .constdata          STemWin526_CM3_OS_Keil.lib(fcomic18b_ascii.o)
    0x0801e18e   0x0801e18e   0x00000024   Data   RO         2000    .constdata          STemWin526_CM3_OS_Keil.lib(fcomic18b_ascii.o)
    0x0801e1b2   0x0801e1b2   0x00000024   Data   RO         2001    .constdata          STemWin526_CM3_OS_Keil.lib(fcomic18b_ascii.o)
    0x0801e1d6   0x0801e1d6   0x00000024   Data   RO         2002    .constdata          STemWin526_CM3_OS_Keil.lib(fcomic18b_ascii.o)
    0x0801e1fa   0x0801e1fa   0x00000024   Data   RO         2003    .constdata          STemWin526_CM3_OS_Keil.lib(fcomic18b_ascii.o)
    0x0801e21e   0x0801e21e   0x00000012   Data   RO         2004    .constdata          STemWin526_CM3_OS_Keil.lib(fcomic18b_ascii.o)
    0x0801e230   0x0801e230   0x00000012   Data   RO         2005    .constdata          STemWin526_CM3_OS_Keil.lib(fcomic18b_ascii.o)
    0x0801e242   0x0801e242   0x00000012   Data   RO         2006    .constdata          STemWin526_CM3_OS_Keil.lib(fcomic18b_ascii.o)
    0x0801e254   0x0801e254   0x00000024   Data   RO         2007    .constdata          STemWin526_CM3_OS_Keil.lib(fcomic18b_ascii.o)
    0x0801e278   0x0801e278   0x00000012   Data   RO         2008    .constdata          STemWin526_CM3_OS_Keil.lib(fcomic18b_ascii.o)
    0x0801e28a   0x0801e28a   0x00000012   Data   RO         2009    .constdata          STemWin526_CM3_OS_Keil.lib(fcomic18b_ascii.o)
    0x0801e29c   0x0801e29c   0x00000012   Data   RO         2010    .constdata          STemWin526_CM3_OS_Keil.lib(fcomic18b_ascii.o)
    0x0801e2ae   0x0801e2ae   0x00000012   Data   RO         2011    .constdata          STemWin526_CM3_OS_Keil.lib(fcomic18b_ascii.o)
    0x0801e2c0   0x0801e2c0   0x00000024   Data   RO         2012    .constdata          STemWin526_CM3_OS_Keil.lib(fcomic18b_ascii.o)
    0x0801e2e4   0x0801e2e4   0x00000024   Data   RO         2013    .constdata          STemWin526_CM3_OS_Keil.lib(fcomic18b_ascii.o)
    0x0801e308   0x0801e308   0x00000012   Data   RO         2014    .constdata          STemWin526_CM3_OS_Keil.lib(fcomic18b_ascii.o)
    0x0801e31a   0x0801e31a   0x00000024   Data   RO         2015    .constdata          STemWin526_CM3_OS_Keil.lib(fcomic18b_ascii.o)
    0x0801e33e   0x0801e33e   0x00000024   Data   RO         2016    .constdata          STemWin526_CM3_OS_Keil.lib(fcomic18b_ascii.o)
    0x0801e362   0x0801e362   0x00000024   Data   RO         2017    .constdata          STemWin526_CM3_OS_Keil.lib(fcomic18b_ascii.o)
    0x0801e386   0x0801e386   0x00000024   Data   RO         2018    .constdata          STemWin526_CM3_OS_Keil.lib(fcomic18b_ascii.o)
    0x0801e3aa   0x0801e3aa   0x00000024   Data   RO         2019    .constdata          STemWin526_CM3_OS_Keil.lib(fcomic18b_ascii.o)
    0x0801e3ce   0x0801e3ce   0x00000024   Data   RO         2020    .constdata          STemWin526_CM3_OS_Keil.lib(fcomic18b_ascii.o)
    0x0801e3f2   0x0801e3f2   0x00000024   Data   RO         2021    .constdata          STemWin526_CM3_OS_Keil.lib(fcomic18b_ascii.o)
    0x0801e416   0x0801e416   0x00000024   Data   RO         2022    .constdata          STemWin526_CM3_OS_Keil.lib(fcomic18b_ascii.o)
    0x0801e43a   0x0801e43a   0x00000012   Data   RO         2023    .constdata          STemWin526_CM3_OS_Keil.lib(fcomic18b_ascii.o)
    0x0801e44c   0x0801e44c   0x00000012   Data   RO         2024    .constdata          STemWin526_CM3_OS_Keil.lib(fcomic18b_ascii.o)
    0x0801e45e   0x0801e45e   0x00000012   Data   RO         2025    .constdata          STemWin526_CM3_OS_Keil.lib(fcomic18b_ascii.o)
    0x0801e470   0x0801e470   0x00000012   Data   RO         2026    .constdata          STemWin526_CM3_OS_Keil.lib(fcomic18b_ascii.o)
    0x0801e482   0x0801e482   0x00000012   Data   RO         2027    .constdata          STemWin526_CM3_OS_Keil.lib(fcomic18b_ascii.o)
    0x0801e494   0x0801e494   0x00000024   Data   RO         2028    .constdata          STemWin526_CM3_OS_Keil.lib(fcomic18b_ascii.o)
    0x0801e4b8   0x0801e4b8   0x00000024   Data   RO         2029    .constdata          STemWin526_CM3_OS_Keil.lib(fcomic18b_ascii.o)
    0x0801e4dc   0x0801e4dc   0x00000024   Data   RO         2030    .constdata          STemWin526_CM3_OS_Keil.lib(fcomic18b_ascii.o)
    0x0801e500   0x0801e500   0x00000024   Data   RO         2031    .constdata          STemWin526_CM3_OS_Keil.lib(fcomic18b_ascii.o)
    0x0801e524   0x0801e524   0x00000024   Data   RO         2032    .constdata          STemWin526_CM3_OS_Keil.lib(fcomic18b_ascii.o)
    0x0801e548   0x0801e548   0x00000024   Data   RO         2033    .constdata          STemWin526_CM3_OS_Keil.lib(fcomic18b_ascii.o)
    0x0801e56c   0x0801e56c   0x00000024   Data   RO         2034    .constdata          STemWin526_CM3_OS_Keil.lib(fcomic18b_ascii.o)
    0x0801e590   0x0801e590   0x00000024   Data   RO         2035    .constdata          STemWin526_CM3_OS_Keil.lib(fcomic18b_ascii.o)
    0x0801e5b4   0x0801e5b4   0x00000024   Data   RO         2036    .constdata          STemWin526_CM3_OS_Keil.lib(fcomic18b_ascii.o)
    0x0801e5d8   0x0801e5d8   0x00000024   Data   RO         2037    .constdata          STemWin526_CM3_OS_Keil.lib(fcomic18b_ascii.o)
    0x0801e5fc   0x0801e5fc   0x00000024   Data   RO         2038    .constdata          STemWin526_CM3_OS_Keil.lib(fcomic18b_ascii.o)
    0x0801e620   0x0801e620   0x00000024   Data   RO         2039    .constdata          STemWin526_CM3_OS_Keil.lib(fcomic18b_ascii.o)
    0x0801e644   0x0801e644   0x00000024   Data   RO         2040    .constdata          STemWin526_CM3_OS_Keil.lib(fcomic18b_ascii.o)
    0x0801e668   0x0801e668   0x00000024   Data   RO         2041    .constdata          STemWin526_CM3_OS_Keil.lib(fcomic18b_ascii.o)
    0x0801e68c   0x0801e68c   0x00000024   Data   RO         2042    .constdata          STemWin526_CM3_OS_Keil.lib(fcomic18b_ascii.o)
    0x0801e6b0   0x0801e6b0   0x00000024   Data   RO         2043    .constdata          STemWin526_CM3_OS_Keil.lib(fcomic18b_ascii.o)
    0x0801e6d4   0x0801e6d4   0x00000024   Data   RO         2044    .constdata          STemWin526_CM3_OS_Keil.lib(fcomic18b_ascii.o)
    0x0801e6f8   0x0801e6f8   0x00000012   Data   RO         2045    .constdata          STemWin526_CM3_OS_Keil.lib(fcomic18b_ascii.o)
    0x0801e70a   0x0801e70a   0x00000024   Data   RO         2046    .constdata          STemWin526_CM3_OS_Keil.lib(fcomic18b_ascii.o)
    0x0801e72e   0x0801e72e   0x00000024   Data   RO         2047    .constdata          STemWin526_CM3_OS_Keil.lib(fcomic18b_ascii.o)
    0x0801e752   0x0801e752   0x00000024   Data   RO         2048    .constdata          STemWin526_CM3_OS_Keil.lib(fcomic18b_ascii.o)
    0x0801e776   0x0801e776   0x00000024   Data   RO         2049    .constdata          STemWin526_CM3_OS_Keil.lib(fcomic18b_ascii.o)
    0x0801e79a   0x0801e79a   0x00000024   Data   RO         2050    .constdata          STemWin526_CM3_OS_Keil.lib(fcomic18b_ascii.o)
    0x0801e7be   0x0801e7be   0x00000024   Data   RO         2051    .constdata          STemWin526_CM3_OS_Keil.lib(fcomic18b_ascii.o)
    0x0801e7e2   0x0801e7e2   0x00000036   Data   RO         2052    .constdata          STemWin526_CM3_OS_Keil.lib(fcomic18b_ascii.o)
    0x0801e818   0x0801e818   0x00000024   Data   RO         2053    .constdata          STemWin526_CM3_OS_Keil.lib(fcomic18b_ascii.o)
    0x0801e83c   0x0801e83c   0x00000024   Data   RO         2054    .constdata          STemWin526_CM3_OS_Keil.lib(fcomic18b_ascii.o)
    0x0801e860   0x0801e860   0x00000024   Data   RO         2055    .constdata          STemWin526_CM3_OS_Keil.lib(fcomic18b_ascii.o)
    0x0801e884   0x0801e884   0x00000012   Data   RO         2056    .constdata          STemWin526_CM3_OS_Keil.lib(fcomic18b_ascii.o)
    0x0801e896   0x0801e896   0x00000012   Data   RO         2057    .constdata          STemWin526_CM3_OS_Keil.lib(fcomic18b_ascii.o)
    0x0801e8a8   0x0801e8a8   0x00000012   Data   RO         2058    .constdata          STemWin526_CM3_OS_Keil.lib(fcomic18b_ascii.o)
    0x0801e8ba   0x0801e8ba   0x00000012   Data   RO         2059    .constdata          STemWin526_CM3_OS_Keil.lib(fcomic18b_ascii.o)
    0x0801e8cc   0x0801e8cc   0x00000024   Data   RO         2060    .constdata          STemWin526_CM3_OS_Keil.lib(fcomic18b_ascii.o)
    0x0801e8f0   0x0801e8f0   0x00000024   Data   RO         2061    .constdata          STemWin526_CM3_OS_Keil.lib(fcomic18b_ascii.o)
    0x0801e914   0x0801e914   0x00000012   Data   RO         2062    .constdata          STemWin526_CM3_OS_Keil.lib(fcomic18b_ascii.o)
    0x0801e926   0x0801e926   0x00000024   Data   RO         2063    .constdata          STemWin526_CM3_OS_Keil.lib(fcomic18b_ascii.o)
    0x0801e94a   0x0801e94a   0x00000012   Data   RO         2064    .constdata          STemWin526_CM3_OS_Keil.lib(fcomic18b_ascii.o)
    0x0801e95c   0x0801e95c   0x00000024   Data   RO         2065    .constdata          STemWin526_CM3_OS_Keil.lib(fcomic18b_ascii.o)
    0x0801e980   0x0801e980   0x00000012   Data   RO         2066    .constdata          STemWin526_CM3_OS_Keil.lib(fcomic18b_ascii.o)
    0x0801e992   0x0801e992   0x00000012   Data   RO         2067    .constdata          STemWin526_CM3_OS_Keil.lib(fcomic18b_ascii.o)
    0x0801e9a4   0x0801e9a4   0x00000012   Data   RO         2068    .constdata          STemWin526_CM3_OS_Keil.lib(fcomic18b_ascii.o)
    0x0801e9b6   0x0801e9b6   0x00000012   Data   RO         2069    .constdata          STemWin526_CM3_OS_Keil.lib(fcomic18b_ascii.o)
    0x0801e9c8   0x0801e9c8   0x00000012   Data   RO         2070    .constdata          STemWin526_CM3_OS_Keil.lib(fcomic18b_ascii.o)
    0x0801e9da   0x0801e9da   0x00000012   Data   RO         2071    .constdata          STemWin526_CM3_OS_Keil.lib(fcomic18b_ascii.o)
    0x0801e9ec   0x0801e9ec   0x00000024   Data   RO         2072    .constdata          STemWin526_CM3_OS_Keil.lib(fcomic18b_ascii.o)
    0x0801ea10   0x0801ea10   0x00000012   Data   RO         2073    .constdata          STemWin526_CM3_OS_Keil.lib(fcomic18b_ascii.o)
    0x0801ea22   0x0801ea22   0x00000024   Data   RO         2074    .constdata          STemWin526_CM3_OS_Keil.lib(fcomic18b_ascii.o)
    0x0801ea46   0x0801ea46   0x00000012   Data   RO         2075    .constdata          STemWin526_CM3_OS_Keil.lib(fcomic18b_ascii.o)
    0x0801ea58   0x0801ea58   0x00000012   Data   RO         2076    .constdata          STemWin526_CM3_OS_Keil.lib(fcomic18b_ascii.o)
    0x0801ea6a   0x0801ea6a   0x00000024   Data   RO         2077    .constdata          STemWin526_CM3_OS_Keil.lib(fcomic18b_ascii.o)
    0x0801ea8e   0x0801ea8e   0x00000012   Data   RO         2078    .constdata          STemWin526_CM3_OS_Keil.lib(fcomic18b_ascii.o)
    0x0801eaa0   0x0801eaa0   0x00000012   Data   RO         2079    .constdata          STemWin526_CM3_OS_Keil.lib(fcomic18b_ascii.o)
    0x0801eab2   0x0801eab2   0x00000012   Data   RO         2080    .constdata          STemWin526_CM3_OS_Keil.lib(fcomic18b_ascii.o)
    0x0801eac4   0x0801eac4   0x00000012   Data   RO         2081    .constdata          STemWin526_CM3_OS_Keil.lib(fcomic18b_ascii.o)
    0x0801ead6   0x0801ead6   0x00000012   Data   RO         2082    .constdata          STemWin526_CM3_OS_Keil.lib(fcomic18b_ascii.o)
    0x0801eae8   0x0801eae8   0x00000012   Data   RO         2083    .constdata          STemWin526_CM3_OS_Keil.lib(fcomic18b_ascii.o)
    0x0801eafa   0x0801eafa   0x00000024   Data   RO         2084    .constdata          STemWin526_CM3_OS_Keil.lib(fcomic18b_ascii.o)
    0x0801eb1e   0x0801eb1e   0x00000024   Data   RO         2085    .constdata          STemWin526_CM3_OS_Keil.lib(fcomic18b_ascii.o)
    0x0801eb42   0x0801eb42   0x00000024   Data   RO         2086    .constdata          STemWin526_CM3_OS_Keil.lib(fcomic18b_ascii.o)
    0x0801eb66   0x0801eb66   0x00000024   Data   RO         2087    .constdata          STemWin526_CM3_OS_Keil.lib(fcomic18b_ascii.o)
    0x0801eb8a   0x0801eb8a   0x00000012   Data   RO         2088    .constdata          STemWin526_CM3_OS_Keil.lib(fcomic18b_ascii.o)
    0x0801eb9c   0x0801eb9c   0x00000012   Data   RO         2089    .constdata          STemWin526_CM3_OS_Keil.lib(fcomic18b_ascii.o)
    0x0801ebae   0x0801ebae   0x00000012   Data   RO         2090    .constdata          STemWin526_CM3_OS_Keil.lib(fcomic18b_ascii.o)
    0x0801ebc0   0x0801ebc0   0x00000024   Data   RO         2091    .constdata          STemWin526_CM3_OS_Keil.lib(fcomic18b_ascii.o)
    0x0801ebe4   0x0801ebe4   0x00000012   Data   RO         2092    .constdata          STemWin526_CM3_OS_Keil.lib(fcomic18b_ascii.o)
    0x0801ebf6   0x0801ebf6   0x00000024   Data   RO         2093    .constdata          STemWin526_CM3_OS_Keil.lib(fcomic18b_ascii.o)
    0x0801ec1a   0x0801ec1a   0x00000002   PAD
    0x0801ec1c   0x0801ec1c   0x00000308   Data   RO         2094    .constdata          STemWin526_CM3_OS_Keil.lib(fcomic18b_ascii.o)
    0x0801ef24   0x0801ef24   0x00000008   Data   RO         2108    .constdata          STemWin526_CM3_OS_Keil.lib(guidev_writetoactiveopaque.o)
    0x0801ef2c   0x0801ef2c   0x0000000c   Data   RO         2119    .constdata          STemWin526_CM3_OS_Keil.lib(progbar_skinclassic.o)
    0x0801ef38   0x0801ef38   0x0000001c   Data   RO         2181    .constdata          STemWin526_CM3_OS_Keil.lib(widget_effect_none.o)
    0x0801ef54   0x0801ef54   0x00000028   Data   RO         2346    .constdata          STemWin526_CM3_OS_Keil.lib(gui_adddecshift.o)
    0x0801ef7c   0x0801ef7c   0x00000018   Data   RO         2481    .constdata          STemWin526_CM3_OS_Keil.lib(guicc_0.o)
    0x0801ef94   0x0801ef94   0x0000001c   Data   RO         2563    .constdata          STemWin526_CM3_OS_Keil.lib(widget_effect_3d.o)
    0x0801efb0   0x0801efb0   0x00000018   Data   RO         2874    .constdata          STemWin526_CM3_OS_Keil.lib(guicc_8888.o)
    0x0801efc8   0x0801efc8   0x00000074   Data   RO         2902    .constdata          STemWin526_CM3_OS_Keil.lib(guidev_32.o)
    0x0801f03c   0x0801f03c   0x00000018   Data   RO         2944    .constdata          STemWin526_CM3_OS_Keil.lib(guidev_usagebm.o)
    0x0801f054   0x0801f054   0x00000028   Data   RO         3207    .constdata          c_w.l(_printf_hex_int.o)
    0x0801f07c   0x0801f07c   0x00000020   Data   RO         3472    Region$$Table       anon$$obj.o


    Execution Region ER_RW (Exec base: 0x20000000, Load base: 0x0801f09c, Size: 0x00000368, Max: 0xffffffff, ABSOLUTE, COMPRESSED[0x0000009c])

    Exec Addr    Load Addr    Size         Type   Attr      Idx    E Section Name        Object

    0x20000000   COMPRESSED   0x00000014   Data   RW          295    .data               system_stm32f10x.o
    0x20000014   COMPRESSED   0x00000014   Data   RW          366    .data               stm32f10x_rcc.o
    0x20000028   COMPRESSED   0x0000000c   Data   RW          530    .data               tftlcd.o
    0x20000034   COMPRESSED   0x00000008   Data   RW          574    .data               touch.o
    0x2000003c   COMPRESSED   0x00000004   Data   RW          632    .data               systick.o
    0x20000040   COMPRESSED   0x00000004   Data   RW          649    .data               usart.o
    0x20000044   COMPRESSED   0x0000001c   Data   RW          675    .data               malloc.o
    0x20000060   COMPRESSED   0x00000004   Data   RW          742    .data               lib_mem.o
    0x20000064   COMPRESSED   0x00000004   Data   RW          782    .data               cpu_core.o
    0x20000068   COMPRESSED   0x00000008   Data   RW          937    .data               os_prio.o
    0x20000070   COMPRESSED   0x000000c8   Data   RW         1040    .data               os_var.o
    0x20000138   COMPRESSED   0x00000004   Data   RW         1057    .data               os_cpu_c.o
    0x2000013c   COMPRESSED   0x00000011   Data   RW         1194    .data               gui_x_ucosiii.o
    0x2000014d   COMPRESSED   0x00000003   PAD
    0x20000150   COMPRESSED   0x00000008   Data   RW         1286    .data               STemWin526_CM3_OS_Keil.lib(gui_alloc.o)
    0x20000158   COMPRESSED   0x0000002c   Data   RW         1333    .data               STemWin526_CM3_OS_Keil.lib(gui_core.o)
    0x20000184   COMPRESSED   0x00000004   Data   RW         1334    .data               STemWin526_CM3_OS_Keil.lib(gui_core.o)
    0x20000188   COMPRESSED   0x00000004   Data   RW         1335    .data               STemWin526_CM3_OS_Keil.lib(gui_core.o)
    0x2000018c   COMPRESSED   0x00000004   Data   RW         1336    .data               STemWin526_CM3_OS_Keil.lib(gui_core.o)
    0x20000190   COMPRESSED   0x00000004   Data   RW         1337    .data               STemWin526_CM3_OS_Keil.lib(gui_core.o)
    0x20000194   COMPRESSED   0x00000004   Data   RW         1338    .data               STemWin526_CM3_OS_Keil.lib(gui_core.o)
    0x20000198   COMPRESSED   0x00000002   Data   RW         1339    .data               STemWin526_CM3_OS_Keil.lib(gui_core.o)
    0x2000019a   COMPRESSED   0x00000002   PAD
    0x2000019c   COMPRESSED   0x00000004   Data   RW         1340    .data               STemWin526_CM3_OS_Keil.lib(gui_core.o)
    0x200001a0   COMPRESSED   0x00000002   Data   RW         1341    .data               STemWin526_CM3_OS_Keil.lib(gui_core.o)
    0x200001a2   COMPRESSED   0x00000002   Data   RW         1342    .data               STemWin526_CM3_OS_Keil.lib(gui_core.o)
    0x200001a4   COMPRESSED   0x00000030   Data   RW         1401    .data               STemWin526_CM3_OS_Keil.lib(gui_touch_driveranalog.o)
    0x200001d4   COMPRESSED   0x00000008   Data   RW         1420    .data               STemWin526_CM3_OS_Keil.lib(guicc_m565.o)
    0x200001dc   COMPRESSED   0x00000004   Data   RW         1795    .data               STemWin526_CM3_OS_Keil.lib(guidev_16.o)
    0x200001e0   COMPRESSED   0x0000001c   Data   RW         1823    .data               STemWin526_CM3_OS_Keil.lib(progbar.o)
    0x200001fc   COMPRESSED   0x0000001c   Data   RW         1919    .data               STemWin526_CM3_OS_Keil.lib(gui_task.o)
    0x20000218   COMPRESSED   0x00000008   Data   RW         1929    .data               STemWin526_CM3_OS_Keil.lib(gui_touch_storeunstable.o)
    0x20000220   COMPRESSED   0x00000004   Data   RW         1962    .data               STemWin526_CM3_OS_Keil.lib(lcd.o)
    0x20000224   COMPRESSED   0x00000010   Data   RW         1988    .data               STemWin526_CM3_OS_Keil.lib(lcd_color.o)
    0x20000234   COMPRESSED   0x00000004   Data   RW         2150    .data               STemWin526_CM3_OS_Keil.lib(widget.o)
    0x20000238   COMPRESSED   0x00000060   Data   RW         2245    .data               STemWin526_CM3_OS_Keil.lib(wm.o)
    0x20000298   COMPRESSED   0x00000001   Data   RW         2246    .data               STemWin526_CM3_OS_Keil.lib(wm.o)
    0x20000299   COMPRESSED   0x00000003   PAD
    0x2000029c   COMPRESSED   0x00000014   Data   RW         2330    .data               STemWin526_CM3_OS_Keil.lib(gui__managecache.o)
    0x200002b0   COMPRESSED   0x00000004   Data   RW         2368    .data               STemWin526_CM3_OS_Keil.lib(gui_charline.o)
    0x200002b4   COMPRESSED   0x0000000c   Data   RW         2403    .data               STemWin526_CM3_OS_Keil.lib(gui_onkey.o)
    0x200002c0   COMPRESSED   0x00000008   Data   RW         2428    .data               STemWin526_CM3_OS_Keil.lib(gui_selectlayer.o)
    0x200002c8   COMPRESSED   0x0000000c   Data   RW         2469    .data               STemWin526_CM3_OS_Keil.lib(gui_waitevent.o)
    0x200002d4   COMPRESSED   0x00000004   Data   RW         2514    .data               STemWin526_CM3_OS_Keil.lib(guidev_banding.o)
    0x200002d8   COMPRESSED   0x00000001   Data   RW         2529    .data               STemWin526_CM3_OS_Keil.lib(guidev_staticdevices.o)
    0x200002d9   COMPRESSED   0x00000003   PAD
    0x200002dc   COMPRESSED   0x00000014   Data   RW         2564    .data               STemWin526_CM3_OS_Keil.lib(widget_effect_3d.o)
    0x200002f0   COMPRESSED   0x00000004   Data   RW         2575    .data               STemWin526_CM3_OS_Keil.lib(wm__sendmessage.o)
    0x200002f4   COMPRESSED   0x0000000c   Data   RW         2649    .data               STemWin526_CM3_OS_Keil.lib(wm_touch.o)
    0x20000300   COMPRESSED   0x00000028   Data   RW         2667    .data               STemWin526_CM3_OS_Keil.lib(gui__alpha.o)
    0x20000328   COMPRESSED   0x00000008   Data   RW         2745    .data               STemWin526_CM3_OS_Keil.lib(gui_pid.o)
    0x20000330   COMPRESSED   0x00000020   Data   RW         2790    .data               STemWin526_CM3_OS_Keil.lib(gui_setalpha.o)
    0x20000350   COMPRESSED   0x00000014   Data   RW         2846    .data               STemWin526_CM3_OS_Keil.lib(gui_timer.o)
    0x20000364   COMPRESSED   0x00000004   Data   RW         3145    .data               STemWin526_CM3_OS_Keil.lib(lcd_aa.o)


    Execution Region ER_ZI (Exec base: 0x20000368, Load base: 0x0801f138, Size: 0x00008a80, Max: 0xffffffff, ABSOLUTE)

    Exec Addr    Load Addr    Size         Type   Attr      Idx    E Section Name        Object

    0x20000368        -       0x00003710   Zero   RW            2    .bss                main.o
    0x20003a78        -       0x00000010   Zero   RW          573    .bss                touch.o
    0x20003a88   0x0801f138   0x00000018   PAD
    0x20003aa0        -       0x00002a80   Zero   RW          673    .bss                malloc.o
    0x20006520        -       0x00000448   Zero   RW          741    .bss                lib_mem.o
    0x20006968        -       0x00000010   Zero   RW          780    .bss                cpu_core.o
    0x20006978        -       0x00001490   Zero   RW          821    .bss                os_cfg_app.o
    0x20007e08        -       0x000006e0   Zero   RW         1039    .bss                os_var.o
    0x200084e8        -       0x000000c8   Zero   RW         1285    .bss                STemWin526_CM3_OS_Keil.lib(gui_alloc.o)
    0x200085b0        -       0x00000070   Zero   RW         1331    .bss                STemWin526_CM3_OS_Keil.lib(gui_core.o)
    0x20008620        -       0x00000010   Zero   RW         1400    .bss                STemWin526_CM3_OS_Keil.lib(gui_touch_driveranalog.o)
    0x20008630        -       0x00000018   Zero   RW         2244    .bss                STemWin526_CM3_OS_Keil.lib(wm.o)
    0x20008648        -       0x00000058   Zero   RW         2402    .bss                STemWin526_CM3_OS_Keil.lib(gui_onkey.o)
    0x200086a0        -       0x0000000c   Zero   RW         2446    .bss                STemWin526_CM3_OS_Keil.lib(gui_touch_storestate.o)
    0x200086ac        -       0x00000048   Zero   RW         2648    .bss                STemWin526_CM3_OS_Keil.lib(wm_touch.o)
    0x200086f4        -       0x00000028   Zero   RW         2704    .bss                STemWin526_CM3_OS_Keil.lib(gui_curs1.o)
    0x2000871c        -       0x00000048   Zero   RW         2744    .bss                STemWin526_CM3_OS_Keil.lib(gui_pid.o)
    0x20008764        -       0x0000000c   Zero   RW         2867    .bss                STemWin526_CM3_OS_Keil.lib(gui_touch.o)
    0x20008770        -       0x00000018   Zero   RW         3003    .bss                STemWin526_CM3_OS_Keil.lib(wm_pid__getprevstate.o)
    0x20008788        -       0x00000060   Zero   RW         3349    .bss                c_w.l(libspace.o)
    0x200087e8        -       0x00000200   Zero   RW          287    HEAP                startup_stm32f10x_hd.o
    0x200089e8        -       0x00000400   Zero   RW          286    STACK               startup_stm32f10x_hd.o



  Load Region LR$$.ARM.__AT_0x68000000 (Base: 0x68000000, Size: 0x00000000, Max: 0x000c8000, ABSOLUTE)

    Execution Region ER$$.ARM.__AT_0x68000000 (Exec base: 0x68000000, Load base: 0x68000000, Size: 0x000c8000, Max: 0x000c8000, ABSOLUTE, UNINIT)

    Exec Addr    Load Addr    Size         Type   Attr      Idx    E Section Name        Object

    0x68000000        -       0x000c8000   Zero   RW          671    .ARM.__AT_0x68000000  malloc.o



  Load Region LR$$.ARM.__AT_0x680C8000 (Base: 0x680c8000, Size: 0x00000000, Max: 0x0000c800, ABSOLUTE)

    Execution Region ER$$.ARM.__AT_0x680C8000 (Exec base: 0x680c8000, Load base: 0x680c8000, Size: 0x0000c800, Max: 0x0000c800, ABSOLUTE, UNINIT)

    Exec Addr    Load Addr    Size         Type   Attr      Idx    E Section Name        Object

    0x680c8000        -       0x0000c800   Zero   RW          672    .ARM.__AT_0x680C8000  malloc.o


==============================================================================

Image component sizes


      Code (inc. data)   RO Data    RW Data    ZI Data      Debug   Object Name

       378          0          0          0          0       2682   24cxx.o
        44          6          0          0          0        508   beep.o
       132         12          0          0          0       1171   bsp.o
        52          0          0          0          0        356   cpu_a.o
       680         14        260          4         16      14459   cpu_core.o
        24          0          0          0          0        980   gui_x_touch_analog.o
       360         62          0         17          0       3163   gui_x_ucosiii.o
        44          6          0          0          0        599   guiconf.o
      2204         70         52          0          0      58089   guidrv_template.o
       568         12          0          0          0       2147   iic.o
       172         12          0          0          0        939   lcdconf_flexcolor_template.o
        52          6          0          0          0        507   led.o
       598          0          0          0          0       3728   lib_ascii.o
      2502         32          0          4       1096      21888   lib_mem.o
       544          0          0          0          0        500   lib_mem_a.o
      2348          6        148          0          0      13166   lib_str.o
       764         96          0          0      14096     359165   main.o
       556         18         24         28     881280       4672   malloc.o
       220         22          0          0          0       1969   misc.o
       252        166        164          0       5264      21038   os_cfg_app.o
      3588        294          0          0          0      12097   os_core.o
       152         32          0          0          0        412   os_cpu_a.o
       620         66          0          4          0       3893   os_cpu_c.o
       432        286        364          0          0       4857   os_dbg.o
      3624        110          0          0          0       7763   os_flag.o
      1092        146          0          0          0       2332   os_int.o
       568         20          0          0          0       2732   os_mem.o
       556         12          0          0          0       2795   os_msg.o
      2772        114          0          0          0       5454   os_mutex.o
       124          4          0          8          0       1852   os_prio.o
      2264         76          0          0          0       6136   os_q.o
      2096         70          0          0          0       6148   os_sem.o
      1592        180          0          0          0       2837   os_stat.o
      7092        270          0          0          0      13510   os_task.o
      1276         90          0          0          0       3293   os_tick.o
      1380         46          0          0          0       3229   os_time.o
      2072        140          0          0          0       6330   os_tmr.o
         0          0          0        200       1760      19433   os_var.o
       532         98          0          0          0       2034   progbarwin_demo.o
       448         18          0          0          0       1680   spi.o
       288         16          0          0          0       1544   sram.o
        64         26        304          0       1536        948   startup_stm32f10x_hd.o
      1548         18          0          0          0       5511   stm32f10x_fsmc.o
       860         38          0          0          0       5813   stm32f10x_gpio.o
        30          0          0          0          0       1445   stm32f10x_it.o
       932         36          0         20          0       9036   stm32f10x_rcc.o
       780         14          0          0          0       6694   stm32f10x_spi.o
      3610         88          0          0          0      22300   stm32f10x_tim.o
      1032         22          0          0          0       8536   stm32f10x_usart.o
       480         38          0         20          0       2135   system_stm32f10x.o
       332         26          0          4          0       1883   systick.o
      3344         74       7142         12          0      12092   tftlcd.o
       372         16          0          0          0       1632   time.o
      1188         42          0          8         16       4350   touch.o
       260          8          0          4          0       3078   usart.o

    ----------------------------------------------------------------------
     59900       3074       8490        336     905088     707540   Object Totals
         0          0         32          0          0          0   (incl. Generated)
         6          0          0          3         24          0   (incl. Padding)

    ----------------------------------------------------------------------

      Code (inc. data)   RO Data    RW Data    ZI Data      Debug   Library Member Name

         0          0       4792          0          0          0   f24_ascii.o
         0          0       1816          0          0          0   f6x8.o
         0          0       3120          0          0          0   f8x16.o
         0          0       4340          0          0          0   fcomic18b_1.o
         0          0       3530          0          0          0   fcomic18b_ascii.o
       128          4          0          0          0         84   gui_2dlib.o
       856         38          0         40          0        512   gui__alpha.o
       648          0          0          0          0        160   gui__compactpixelindices.o
         0          0        256          0          0          0   gui__divtbl_255_31.o
         0          0        256          0          0          0   gui__divtbl_255_63.o
         0          0         32          0          0          0   gui__divtbl_31_255.o
         0          0         64          0          0          0   gui__divtbl_63_255.o
       322          0          0          0          0        108   gui__expandpixelindices.o
        20          6          0          0          0         68   gui__getfontsizey.o
        26          0          0          0          0         80   gui__getnumchars.o
        58          0          0          0          0         68   gui__intersectrect.o
        82          0          0          0          0         80   gui__intersectrects.o
       216          8          0         20          0        156   gui__managecache.o
        76          0          0          0          0         76   gui__memset.o
        60          0          0          0          0         76   gui__memset16.o
        26          0          0          0          0         68   gui__reducerect.o
       108          0          0          0          0         88   gui__settext.o
        68          4          0          0          0        148   gui__strcmp.o
        22          0          0          0          0         68   gui__strlen.o
        26          0          0          0          0         88   gui_adddecmin.o
       196         16         40          0          0        160   gui_adddecshift.o
      1908        124          0          8        200       2056   gui_alloc.o
        46          0          0          0          0         80   gui_alloc_alloczero.o
        60          0          0          0          0         76   gui_calccolordist.o
       164         20          0          0          0        308   gui_char.o
       458         36          0          4          0        472   gui_charline.o
       394         10          0          0          0        300   gui_charm.o
       308         10          0          0          0        384   gui_charp.o
       476         78          8         74        112        620   gui_core.o
       120          6          0          0         40         88   gui_curs1.o
       434         34          8          0          0        676   gui_device.o
       264          4          0          0          0         88   gui_dispstring.o
        40          6          0          0          0         88   gui_dispstringat.o
        52          4          0          0          0         92   gui_dispstringhcenter.o
        88          6          0          0          0         84   gui_drawhline.o
        80          6          0          0          0         80   gui_drawvline.o
        52          4          0          0          0        152   gui_exec.o
       160          0          0          0          0        152   gui_getbitmappixelindex.o
        48          0          0          0          0        152   gui_getcolor.o
        20          0          0          0          0         76   gui_getfontsizey.o
        54         10          0          0          0        156   gui_getorg.o
        20          0          0          0          0         80   gui_getstringdistx.o
        66         12          0          0          0        216   gui_goto.o
        88          0          0          0          0         76   gui_mergerect.o
        30          0          0          0          0         68   gui_moverect.o
       102         12          0         12         88        284   gui_onkey.o
        28          4          0          0          0         80   gui_pen.o
       248         36          0          8         72        444   gui_pid.o
        86          0          0          0          0         80   gui_realloc.o
        56          0          0          0          0         68   gui_rectsintersect.o
        32         10          0          0          0        136   gui_savecontext.o
       138         14          0          8          0        316   gui_selectlayer.o
        26          0          0          0          0         80   gui_selectlcd.o
        36          4          0         32          0         76   gui_setalpha.o
        44          0          0          0          0        160   gui_setcolor.o
        64          6          0          0          0         80   gui_setdefault.o
        24          0          0          0          0         76   gui_setdrawmode.o
        32          6          0          0          0         80   gui_setfont.o
        28          4          0          0          0         80   gui_setlinestyle.o
        64         16          0          0          0         88   gui_setorg.o
        32          6          0          0          0         80   gui_settextalign.o
        32          6          0          0          0         80   gui_settextmode.o
      1246         10          0          0          0        716   gui_sprite.o
       324         32          0         28          0        392   gui_task.o
       104          6          0          0          0         84   gui_time.o
       354         16          0         20          0        484   gui_timer.o
        44          6          0          0         12         84   gui_touch.o
       632         46          0         48         16        472   gui_touch_driveranalog.o
        36          6          0          0         12         68   gui_touch_storestate.o
        44          4          0          8          0         88   gui_touch_storeunstable.o
        84         10          0          0          0        168   gui_uc.o
        18          0         16          0          0        272   gui_uc_encodenone.o
        16          4          0         12          0         68   gui_waitevent.o
       198          0         24          0          0        244   guicc_0.o
        36          0         24          0          0        288   guicc_8888.o
         2          0          0          0          0         68   guicc_8888_index2color.o
         2          0          0          0          0         68   guicc_888_index2color.o
       250         42         24          8          0        412   guicc_m565.o
       794         38          0          0          0        680   guidev.o
      2324         66        116          4          0       1336   guidev_16.o
      2356         62        116          0          0       1440   guidev_32.o
       308         14          0          4          0        168   guidev_banding.o
        68          4          0          0          0         76   guidev_clear.o
        34          0          0          0          0         80   guidev_getdataptr.o
        52          6          0          0          0         80   guidev_getysize.o
        56          4          0          0          0         80   guidev_reduceysize.o
       100          4          0          0          0         80   guidev_setorg.o
       358         22          0          1          0        188   guidev_staticdevices.o
        84          0          0          0          0        164   guidev_usage.o
       424          4         24          0          0        460   guidev_usagebm.o
       116          4          0          0          0        148   guidev_write.o
       400         14          0          0          0         96   guidev_writetoactivealpha.o
      1868         16          8          0          0        492   guidev_writetoactiveopaque.o
      1730        118         12          4          0       1436   lcd.o
        16          6          0          4          0         68   lcd_aa.o
       260         26          0         16          0        388   lcd_color.o
        32         12          0          0          0        136   lcd_getcolorindex.o
       384         32          0          0          0       1340   lcd_getex.o
        26          0          0          0          0         80   lcd_getnumdisplays.o
        42          4          0          0          0        148   lcd_info.o
         0          0        256          0          0          0   lcd_mirror.o
       504         18          0          0          0        184   lcd_readrect.o
        64         10          0          0          0         80   lcd_selectlcd.o
       220          0          0          0          0        420   lcd_set.o
        48         10          0          0          0         80   lcd_setcliprectex.o
        36          4          0          0          0         80   lcd_updatecolorindices.o
       888         12          0         28          0        664   progbar.o
        22          0          0          0          0         84   progbar_create.o
        50          0          0          0          0         84   progbar_setbarcolor.o
        40          0          0          0          0         80   progbar_setfont.o
        60          0          0          0          0         84   progbar_setminmax.o
       174          0          0          0          0         92   progbar_settext.o
        42          0          0          0          0         80   progbar_settextalign.o
       326          0         12          0          0        248   progbar_skinclassic.o
       546          4          0          4          0        560   widget.o
       284          8         28         20          0        340   widget_effect_3d.o
        10          0         28          0          0        340   widget_effect_none.o
        22          0          0          0          0         76   widget_seteffect.o
      4704        228          0         97         24       4224   wm.o
        44          0          0          0          0         80   wm__foreachdesc.o
        18          0          0          0          0         76   wm__getfirstsibling.o
        36          0          0          0          0         80   wm__getprevsibling.o
        34          0          0          0          0         80   wm__isancestor.o
        22          0          0          0          0         76   wm__isenabled.o
        20          0          0          0          0         68   wm__screen2client.o
        60          6          0          4          0         88   wm__sendmessage.o
        28          0          0          0          0         92   wm__sendmessageifenabled.o
        38          0          0          0          0         80   wm__sendmessagenopara.o
       220          0          0          0          0         96   wm__updatechildpositions.o
       136          0          0          0          0         92   wm_bringtobottom.o
       138          6          0          0          0        228   wm_bringtotop.o
        60         12          0          0          0        136   wm_criticalhandle.o
        30          0          0          0          0         88   wm_foreachdesc.o
       102         10          0          0          0        248   wm_getclientrect.o
        24         10          0          0          0         68   wm_getdesktopwindow.o
        20          4          0          0          0         68   wm_getdesktopwindowex.o
        26          0          0          0          0         76   wm_getfirstchild.o
        32          0          0          0          0         80   wm_getorg.o
        26          0          0          0          0         76   wm_getparent.o
        24          0          0          0          0         76   wm_iswindow.o
        34          0          0          0          0         84   wm_memdev.o
       294          0          0          0          0        272   wm_move.o
        16          0          0          0          0         76   wm_notifyparent.o
        64          8          0          0          0         88   wm_onkey.o
        24          6          0          0         24         68   wm_pid__getprevstate.o
       244          0          0          0          0         88   wm_resizewindow.o
       204          6          0          0          0        324   wm_screen2win.o
        26          0          0          0          0         88   wm_sendmessagenopara.o
        38          0          0          0          0         92   wm_sendtoparent.o
        62          8          0          0          0        160   wm_setcapture.o
       168         10          0          0          0         88   wm_setfocus.o
        72          0          0          0          0         84   wm_setsize.o
        32          4          0          0          0         80   wm_setusercliprect.o
       124          0          0          0          0        164   wm_timer.o
      1108         46          0         12         72        344   wm_touch.o
        90          0          0          0          0          0   __dczerorl2.o
         8          0          0          0          0         68   __main.o
       104          0          0          0          0         84   __printf.o
         0          0          0          0          0          0   __rtentry.o
        12          0          0          0          0          0   __rtentry2.o
         6          0          0          0          0          0   __rtentry4.o
        52          8          0          0          0          0   __scatter.o
        28          0          0          0          0          0   __scatter_zi.o
        48          6          0          0          0         96   _printf_char_common.o
        36          4          0          0          0         80   _printf_char_file.o
        88          4         40          0          0         88   _printf_hex_int.o
       178          0          0          0          0         88   _printf_intcommon.o
         0          0          0          0          0          0   _printf_percent.o
         4          0          0          0          0          0   _printf_percent_end.o
         6          0          0          0          0          0   _printf_x.o
        16          0          0          0          0         68   aeabi_memset.o
        12          0          0          0          0         72   exit.o
         8          0          0          0          0         68   ferror.o
         6          0          0          0          0        152   heapauxi.o
         2          0          0          0          0          0   libinit.o
         2          0          0          0          0          0   libinit2.o
         2          0          0          0          0          0   libshutdown.o
         2          0          0          0          0          0   libshutdown2.o
         8          4          0          0         96         68   libspace.o
       238          0          0          0          0        100   lludivv7m.o
        88          0          0          0          0         76   memcmp.o
        24          4          0          0          0         84   noretval__2printf.o
        68          0          0          0          0         68   rt_memclr.o
        78          0          0          0          0         80   rt_memclr_w.o
       138          0          0          0          0         68   rt_memcpy_v6.o
       100          0          0          0          0         80   rt_memcpy_w.o
       132          0          0          0          0         68   rt_memmove_v6.o
       122          0          0          0          0         80   rt_memmove_w.o
         2          0          0          0          0          0   rtexit.o
        10          0          0          0          0          0   rtexit2.o
        72          0          0          0          0         80   strcpy.o
        74          0          0          0          0         80   sys_stackheap_outer.o
       430          8          0          0          0        168   faddsub_clz.o
       388         76          0          0          0         96   fdiv.o
        54          4          0          0          0         84   ffix.o
        62          4          0          0          0         84   ffixu.o
        86          0          0          0          0        136   fflt_clz.o
       258          4          0          0          0         84   fmul.o
       140          4          0          0          0         84   fnaninf.o
        10          0          0          0          0         68   fretinf.o
         0          0          0          0          0          0   usenofp.o

    ----------------------------------------------------------------------
     39750       1768      18992        536        768      38688   Library Totals
       108          0          2          8          0          0   (incl. Padding)

    ----------------------------------------------------------------------

      Code (inc. data)   RO Data    RW Data    ZI Data      Debug   Library Name

     36350       1638      18950        528        672      36088   STemWin526_CM3_OS_Keil.lib
      1864         30         40          0         96       1796   c_w.l
      1428        100          0          0          0        804   fz_ws.l

    ----------------------------------------------------------------------
     39750       1768      18992        536        768      38688   Library Totals

    ----------------------------------------------------------------------

==============================================================================


      Code (inc. data)   RO Data    RW Data    ZI Data      Debug   

     99650       4842      27482        872     905856     716792   Grand Totals
     99650       4842      27482        156     905856     716792   ELF Image Totals (compressed)
     99650       4842      27482        156          0          0   ROM Totals

==============================================================================

    Total RO  Size (Code + RO Data)               127132 ( 124.15kB)
    Total RW  Size (RW Data + ZI Data)            906728 ( 885.48kB)
    Total ROM Size (Code + RO Data + RW Data)     127288 ( 124.30kB)

==============================================================================

