<html>
<body>
<pre>
<h1>礦ision Build Log</h1>
<h2>Tool Versions:</h2>
IDE-Version: μVision V5.25.3.0
Copyright (C) 2018 ARM Ltd and ARM Germany GmbH. All rights reserved.
License Information: 11 Microsoft, Microsoft, LIC=X1ENN-Y4MUA-KRRXM-XU45X-X1RV0-GIPN9
 
Tool Versions:
Toolchain:       MDK-ARM Professional  Version: 5.14.0.0
Toolchain Path:  D:\KEIL5\ARM\ARMCC\Bin
C Compiler:      Armcc.exe V5.05 update 1 (build 106)
Assembler:       Armasm.exe V5.05 update 1 (build 106)
Linker/Locator:  ArmLink.exe V5.05 update 1 (build 106)
Library Manager: ArmAr.exe V5.05 update 1 (build 106)
Hex Converter:   FromElf.exe V5.05 update 1 (build 106)
CPU DLL:         SARMCM3.DLL V5.14.0.0
Dialog DLL:      DARMSTM.DLL V1.65.0.0
Target DLL:      Segger\JL2CM3.dll V2.99.13.0
Dialog DLL:      TARMSTM.DLL V1.64.0.0
 
<h2>Project:</h2>
G:\需要替换\4--实验程序\4-实验程序\STemWin实验例程\实验1：STemwin裸跑-综合测试\Template.uvprojx
Project File Date:  08/29/2019

<h2>Output:</h2>
*** Using Compiler 'V5.05 update 1 (build 106)', folder: 'D:\KEIL5\ARM\ARMCC\Bin'
Rebuild target 'Target 1'
compiling main.c...
User\main.c(70): warning:  #223-D: function "TIM3_Init" declared implicitly
        TIM3_Init(999,71);      //1KHZ 定时器1ms 
User\main.c(71): warning:  #223-D: function "TIM6_Init" declared implicitly
        TIM6_Init(999,719);     //10ms中断
User\main.c(58): warning:  #177-D: variable "i" was declared but never referenced
        u8 i;
User\main.c: 3 warnings, 0 errors
compiling stm32f10x_it.c...
assembling startup_stm32f10x_hd.s...
compiling system_stm32f10x.c...
compiling core_cm3.c...
compiling misc.c...
compiling stm32f10x_gpio.c...
compiling stm32f10x_rcc.c...
compiling stm32f10x_usart.c...
compiling stm32f10x_fsmc.c...
compiling stm32f10x_spi.c...
compiling stm32f10x_tim.c...
compiling 24cxx.c...
compiling flash.c...
compiling iic.c...
compiling led.c...
compiling spi.c...
compiling sram.c...
compiling tftlcd.c...
APP\tftlcd\tftlcd.c(603): warning:  #177-D: variable "i" was declared but never referenced
        u16 i;
APP\tftlcd\tftlcd.c(2525): warning:  #111-D: statement is unreachable
        return r;                                               
APP\tftlcd\tftlcd.c(2393): warning:  #177-D: variable "r1" was declared but never referenced
        u16 r1,r2,r3;
APP\tftlcd\tftlcd.c(2393): warning:  #177-D: variable "r2" was declared but never referenced
        u16 r1,r2,r3;
APP\tftlcd\tftlcd.c(2393): warning:  #177-D: variable "r3" was declared but never referenced
        u16 r1,r2,r3;
APP\tftlcd\tftlcd.c(2394): warning:  #177-D: variable "value" was declared but never referenced
        u32 value;
APP\tftlcd\tftlcd.c: 6 warnings, 0 errors
compiling time.c...
compiling touch.c...
compiling key.c...
compiling system.c...
compiling SysTick.c...
compiling usart.c...
compiling malloc.c...
compiling GUI_X_Touch_Analog.c...
EMWIN\STemWin\Config\GUI_X_Touch_Analog.c(52): warning:  #223-D: function "TOUCH_ReadData" declared implicitly
        return TOUCH_ReadData(0XD0);    
EMWIN\STemWin\Config\GUI_X_Touch_Analog.c(57): warning:  #223-D: function "TOUCH_ReadData" declared implicitly
        return TOUCH_ReadData(0X90);    
EMWIN\STemWin\Config\GUI_X_Touch_Analog.c: 2 warnings, 0 errors
compiling GUIConf.c...
compiling GUIDRV_Template.c...
compiling LCDConf_FlexColor_Template.c...
compiling GUI_X.c...
compiling GUIDEMO.c...
compiling GUIDEMO_AntialiasedText.c...
compiling GUIDEMO_Automotive.c...
compiling GUIDEMO_BarGraph.c...
compiling GUIDEMO_Bitmap.c...
compiling GUIDEMO_ColorBar.c...
compiling GUIDEMO_Conf.c...
compiling GUIDEMO_Cursor.c...
compiling GUIDEMO_Fading.c...
compiling GUIDEMO_Graph.c...
compiling GUIDEMO_IconView.c...
compiling GUIDEMO_ImageFlow.c...
compiling GUIDEMO_Intro.c...
compiling GUIDEMO_Listview.c...
compiling GUIDEMO_RadialMenu.c...
compiling GUIDEMO_Resource.c...
compiling GUIDEMO_Skinning.c...
compiling GUIDEMO_Speed.c...
compiling GUIDEMO_Speedometer.c...
compiling GUIDEMO_Start.c...
compiling GUIDEMO_Touch.c...
compiling GUIDEMO_TransparentDialog.c...
compiling GUIDEMO_Treeview.c...
compiling GUIDEMO_VScreen.c...
compiling GUIDEMO_WashingMachine.c...
compiling GUIDEMO_ZoomAndRotate.c...
linking...
Program Size: Code=145686 RO-data=320358 RW-data=3552 ZI-data=887880  
FromELF: creating hex file...
".\Obj\Template.axf" - 0 Error(s), 11 Warning(s).

<h2>Software Packages used:</h2>

Package Vendor: Keil
                http://www.keil.com/pack/Keil.STM32F1xx_DFP.1.0.5.pack
                Keil.STM32F1xx_DFP.1.0.5
                STMicroelectronics STM32F1 Series Device Support, Drivers and Examples

<h2>Collection of Component include folders:</h2>
  .\RTE\_Target_1
  D:\KEIL5\ARM\PACK\Keil\STM32F1xx_DFP\1.0.5\Device\Include

<h2>Collection of Component Files used:</h2>
Build Time Elapsed:  00:00:44
</pre>
</body>
</html>
