<html>
<body>
<pre>
<h1>礦ision Build Log</h1>
<h2>Tool Versions:</h2>
IDE-Version: μVision V5.25.3.0
Copyright (C) 2018 ARM Ltd and ARM Germany GmbH. All rights reserved.
License Information: 11 Microsoft, Microsoft, LIC=X1ENN-Y4MUA-KRRXM-XU45X-X1RV0-GIPN9
 
Tool Versions:
Toolchain:       MDK-ARM Professional  Version: 5.14.0.0
Toolchain Path:  D:\KEIL5\ARM\ARMCC\Bin
C Compiler:      Armcc.exe V5.05 update 1 (build 106)
Assembler:       Armasm.exe V5.05 update 1 (build 106)
Linker/Locator:  ArmLink.exe V5.05 update 1 (build 106)
Library Manager: ArmAr.exe V5.05 update 1 (build 106)
Hex Converter:   FromElf.exe V5.05 update 1 (build 106)
CPU DLL:         SARMCM3.DLL V5.14.0.0
Dialog DLL:      DARMSTM.DLL V1.65.0.0
Target DLL:      Segger\JL2CM3.dll V2.99.13.0
Dialog DLL:      TARMSTM.DLL V1.64.0.0
 
<h2>Project:</h2>
G:\需要替换\4--实验程序\4-实验程序\扩展实验\简易示波器应用\简易示波器\user\Template.uvprojx
Project File Date:  08/30/2019

<h2>Output:</h2>
*** Using Compiler 'V5.05 update 1 (build 106)', folder: 'D:\KEIL5\ARM\ARMCC\Bin'
Rebuild target 'Target 1'
compiling main.c...
compiling stm32f10x_it.c...
compiling system_stm32f10x.c...
compiling system.c...
compiling SysTick.c...
compiling usart.c...
compiling core_cm3.c...
assembling startup_stm32f10x_hd.s...
compiling misc.c...
compiling stm32f10x_gpio.c...
compiling stm32f10x_rcc.c...
compiling stm32f10x_usart.c...
compiling stm32f10x_exti.c...
compiling stm32f10x_iwdg.c...
compiling stm32f10x_wwdg.c...
compiling stm32f10x_tim.c...
compiling stm32f10x_fsmc.c...
compiling stm32f10x_bkp.c...
compiling stm32f10x_rtc.c...
compiling stm32f10x_pwr.c...
compiling stm32f10x_adc.c...
compiling stm32f10x_dac.c...
compiling stm32f10x_dma.c...
compiling stm32f10x_spi.c...
compiling stm32f10x_can.c...
compiling stm32f10x_flash.c...
compiling stm32f10x_sdio.c...
compiling led.c...
compiling gui.c...
compiling button.c...
compiling tim.c...
compiling adc.c...
compiling tftlcd.c...
..\app\tftlcd\tftlcd.c(619): warning:  #177-D: variable "i" was declared but never referenced
        u16 i;
..\app\tftlcd\tftlcd.c(2498): warning:  #111-D: statement is unreachable
        return r;                                               
..\app\tftlcd\tftlcd.c(2372): warning:  #177-D: variable "r1" was declared but never referenced
        u16 r1,r2,r3;
..\app\tftlcd\tftlcd.c(2372): warning:  #177-D: variable "r2" was declared but never referenced
        u16 r1,r2,r3;
..\app\tftlcd\tftlcd.c(2372): warning:  #177-D: variable "r3" was declared but never referenced
        u16 r1,r2,r3;
..\app\tftlcd\tftlcd.c: 5 warnings, 0 errors
linking...
Program Size: Code=23472 RO-data=21424 RW-data=108 ZI-data=2308  
FromELF: creating hex file...
"..\obj\Template.axf" - 0 Error(s), 5 Warning(s).

<h2>Software Packages used:</h2>

Package Vendor: Keil
                http://www.keil.com/pack/Keil.STM32F1xx_DFP.1.0.5.pack
                Keil.STM32F1xx_DFP.1.0.5
                STMicroelectronics STM32F1 Series Device Support, Drivers and Examples

<h2>Collection of Component include folders:</h2>
  .\RTE\_Target_1
  D:\KEIL5\ARM\PACK\Keil\STM32F1xx_DFP\1.0.5\Device\Include

<h2>Collection of Component Files used:</h2>
Build Time Elapsed:  00:00:27
</pre>
</body>
</html>
