Component: ARM Compiler 5.05 update 1 (build 106) Tool: armlink [4d0efa]

==============================================================================

Section Cross References

    main.o(.text) refers to stm32f10x_it.o(.text) for lcd_huadian
    main.o(.text) refers to misc.o(.text) for NVIC_PriorityGroupConfig
    main.o(.text) refers to stm32f10x_rcc.o(.text) for RCC_APB2PeriphClockCmd
    main.o(.text) refers to stm32f10x_gpio.o(.text) for GPIO_Init
    main.o(.text) refers to systick.o(.text) for SysTick_Init
    main.o(.text) refers to usart.o(.text) for USART1_Init
    main.o(.text) refers to led.o(.text) for led_init
    main.o(.text) refers to tftlcd.o(.text) for TFTLCD_Init
    main.o(.text) refers to adc.o(.text) for ADC1_Init
    main.o(.text) refers to tim.o(.text) for time_init
    main.o(.text) refers to fflti.o(.text) for __aeabi_i2f
    main.o(.text) refers to cfrcmple.o(.text) for __aeabi_cfrcmple
    main.o(.text) refers to cfcmple.o(.text) for __aeabi_cfcmple
    main.o(.text) refers to ffixui.o(.text) for __aeabi_f2uiz
    main.o(.text) refers to tftlcd.o(.data) for FRONT_COLOR
    main.o(.text) refers to stm32f10x_it.o(.data) for vpp
    main.o(.text) refers to adc.o(.data) for index
    main.o(.text) refers to main.o(.data) for j
    main.o(.text) refers to adc.o(.bss) for a
    main.o(.text) refers to gui.o(.text) for GUI_Show12ASCII
    stm32f10x_it.o(.text) refers to stm32f10x_gpio.o(.text) for GPIO_ResetBits
    stm32f10x_it.o(.text) refers to gui.o(.text) for GUI_Dot
    stm32f10x_it.o(.text) refers to tftlcd.o(.text) for LCD_Clear
    stm32f10x_it.o(.text) refers to tftlcd.o(.data) for FRONT_COLOR
    stm32f10x_it.o(.text) refers to stm32f10x_exti.o(.text) for EXTI_Init
    stm32f10x_it.o(.text) refers to systick.o(.text) for delay_ms
    stm32f10x_it.o(.text) refers to stm32f10x_tim.o(.text) for TIM_GetITStatus
    stm32f10x_it.o(.text) refers to dfltui.o(.text) for __aeabi_ui2d
    stm32f10x_it.o(.text) refers to dmul.o(.text) for __aeabi_dmul
    stm32f10x_it.o(.text) refers to dadd.o(.text) for __aeabi_dsub
    stm32f10x_it.o(.text) refers to dfixui.o(.text) for __aeabi_d2uiz
    stm32f10x_it.o(.text) refers to stm32f10x_it.o(.data) for mode
    stm32f10x_it.o(.text) refers to tim.o(.data) for count
    system_stm32f10x.o(.text) refers to system_stm32f10x.o(.data) for SystemCoreClock
    systick.o(.text) refers to misc.o(.text) for SysTick_CLKSourceConfig
    systick.o(.text) refers to systick.o(.data) for fac_us
    usart.o(.text) refers to stm32f10x_usart.o(.text) for USART_SendData
    usart.o(.text) refers to stm32f10x_rcc.o(.text) for RCC_APB2PeriphClockCmd
    usart.o(.text) refers to stm32f10x_gpio.o(.text) for GPIO_Init
    usart.o(.text) refers to misc.o(.text) for NVIC_Init
    startup_stm32f10x_hd.o(RESET) refers to startup_stm32f10x_hd.o(STACK) for __initial_sp
    startup_stm32f10x_hd.o(RESET) refers to startup_stm32f10x_hd.o(.text) for Reset_Handler
    startup_stm32f10x_hd.o(RESET) refers to stm32f10x_it.o(.text) for EXTI0_IRQHandler
    startup_stm32f10x_hd.o(RESET) refers to usart.o(.text) for USART1_IRQHandler
    startup_stm32f10x_hd.o(.text) refers to system_stm32f10x.o(.text) for SystemInit
    startup_stm32f10x_hd.o(.text) refers to entry.o(.ARM.Collect$$$$00000000) for __main
    stm32f10x_gpio.o(.text) refers to stm32f10x_rcc.o(.text) for RCC_APB2PeriphResetCmd
    stm32f10x_rcc.o(.text) refers to stm32f10x_rcc.o(.data) for APBAHBPrescTable
    stm32f10x_usart.o(.text) refers to stm32f10x_rcc.o(.text) for RCC_APB2PeriphResetCmd
    stm32f10x_wwdg.o(.text) refers to stm32f10x_rcc.o(.text) for RCC_APB1PeriphResetCmd
    stm32f10x_tim.o(.text) refers to stm32f10x_rcc.o(.text) for RCC_APB2PeriphResetCmd
    stm32f10x_bkp.o(.text) refers to stm32f10x_rcc.o(.text) for RCC_BackupResetCmd
    stm32f10x_pwr.o(.text) refers to stm32f10x_rcc.o(.text) for RCC_APB1PeriphResetCmd
    stm32f10x_adc.o(.text) refers to stm32f10x_rcc.o(.text) for RCC_APB2PeriphResetCmd
    stm32f10x_dac.o(.text) refers to stm32f10x_rcc.o(.text) for RCC_APB1PeriphResetCmd
    stm32f10x_spi.o(.text) refers to stm32f10x_rcc.o(.text) for RCC_APB2PeriphResetCmd
    stm32f10x_can.o(.text) refers to stm32f10x_rcc.o(.text) for RCC_APB1PeriphResetCmd
    led.o(.text) refers to stm32f10x_rcc.o(.text) for RCC_APB2PeriphClockCmd
    led.o(.text) refers to stm32f10x_gpio.o(.text) for GPIO_Init
    led.o(.text) refers to systick.o(.text) for delay_ms
    led.o(.text) refers to led.o(.data) for i
    gui.o(.text) refers to tftlcd.o(.text) for LCD_Set_Window
    gui.o(.text) refers to gui.o(.constdata) for tfont16
    button.o(.text) refers to stm32f10x_rcc.o(.text) for RCC_APB2PeriphClockCmd
    button.o(.text) refers to stm32f10x_gpio.o(.text) for GPIO_Init
    button.o(.text) refers to systick.o(.text) for delay_ms
    button.o(.text) refers to button.o(.data) for key_up
    tim.o(.text) refers to stm32f10x_tim.o(.text) for TIM_TimeBaseInit
[...]
    printf5.o(i.__0vfprintf$5) refers to printf5.o(i._printf_core) for _printf_core
    printf5.o(i.__0vfprintf$5) refers to usart.o(.text) for fputc
    printf5.o(i.__0vprintf$5) refers to printf5.o(i._printf_core) for _printf_core
    printf5.o(i.__0vprintf$5) refers to usart.o(.text) for fputc
    printf5.o(i.__0vprintf$5) refers to stdout.o(.data) for __stdout
    printf5.o(i.__0vsnprintf$5) refers to printf5.o(i._printf_core) for _printf_core
    printf5.o(i.__0vsnprintf$5) refers to printf5.o(i._snputc) for _snputc
    printf5.o(i.__0vsprintf$5) refers to printf5.o(i._printf_core) for _printf_core
    printf5.o(i.__0vsprintf$5) refers to printf5.o(i._sputc) for _sputc
    printf5.o(i._printf_core) refers to uldiv.o(.text) for __aeabi_uldivmod
    printf6.o(i.__0fprintf$6) refers to printf6.o(i._printf_core) for _printf_core
    printf6.o(i.__0fprintf$6) refers to usart.o(.text) for fputc
    printf6.o(i.__0printf$6) refers to printf6.o(i._printf_core) for _printf_core
    printf6.o(i.__0printf$6) refers to usart.o(.text) for fputc
    printf6.o(i.__0printf$6) refers to stdout.o(.data) for __stdout
    printf6.o(i.__0snprintf$6) refers to printf6.o(i._printf_core) for _printf_core
    printf6.o(i.__0snprintf$6) refers to printf6.o(i._snputc) for _snputc
    printf6.o(i.__0sprintf$6) refers to printf6.o(i._printf_core) for _printf_core
    printf6.o(i.__0sprintf$6) refers to printf6.o(i._sputc) for _sputc
    printf6.o(i.__0vfprintf$6) refers to printf6.o(i._printf_core) for _printf_core
    printf6.o(i.__0vfprintf$6) refers to usart.o(.text) for fputc
    printf6.o(i.__0vprintf$6) refers to printf6.o(i._printf_core) for _printf_core
    printf6.o(i.__0vprintf$6) refers to usart.o(.text) for fputc
    printf6.o(i.__0vprintf$6) refers to stdout.o(.data) for __stdout
    printf6.o(i.__0vsnprintf$6) refers to printf6.o(i._printf_core) for _printf_core
    printf6.o(i.__0vsnprintf$6) refers to printf6.o(i._snputc) for _snputc
    printf6.o(i.__0vsprintf$6) refers to printf6.o(i._printf_core) for _printf_core
    printf6.o(i.__0vsprintf$6) refers to printf6.o(i._sputc) for _sputc
    printf6.o(i._printf_core) refers to printf6.o(i._printf_pre_padding) for _printf_pre_padding
    printf6.o(i._printf_core) refers to uidiv.o(.text) for __aeabi_uidivmod
    printf6.o(i._printf_core) refers to printf6.o(i._printf_post_padding) for _printf_post_padding
    printf7.o(i.__0fprintf$7) refers to printf7.o(i._printf_core) for _printf_core
    printf7.o(i.__0fprintf$7) refers to usart.o(.text) for fputc
    printf7.o(i.__0printf$7) refers to printf7.o(i._printf_core) for _printf_core
    printf7.o(i.__0printf$7) refers to usart.o(.text) for fputc
    printf7.o(i.__0printf$7) refers to stdout.o(.data) for __stdout
    printf7.o(i.__0snprintf$7) refers to printf7.o(i._printf_core) for _printf_core
    printf7.o(i.__0snprintf$7) refers to printf7.o(i._snputc) for _snputc
    printf7.o(i.__0sprintf$7) refers to printf7.o(i._printf_core) for _printf_core
    printf7.o(i.__0sprintf$7) refers to printf7.o(i._sputc) for _sputc
    printf7.o(i.__0vfprintf$7) refers to printf7.o(i._printf_core) for _printf_core
    printf7.o(i.__0vfprintf$7) refers to usart.o(.text) for fputc
    printf7.o(i.__0vprintf$7) refers to printf7.o(i._printf_core) for _printf_core
    printf7.o(i.__0vprintf$7) refers to usart.o(.text) for fputc
    printf7.o(i.__0vprintf$7) refers to stdout.o(.data) for __stdout
    printf7.o(i.__0vsnprintf$7) refers to printf7.o(i._printf_core) for _printf_core
    printf7.o(i.__0vsnprintf$7) refers to printf7.o(i._snputc) for _snputc
    printf7.o(i.__0vsprintf$7) refers to printf7.o(i._printf_core) for _printf_core
    printf7.o(i.__0vsprintf$7) refers to printf7.o(i._sputc) for _sputc
    printf7.o(i._printf_core) refers to printf7.o(i._printf_pre_padding) for _printf_pre_padding
    printf7.o(i._printf_core) refers to uldiv.o(.text) for __aeabi_uldivmod
    printf7.o(i._printf_core) refers to printf7.o(i._printf_post_padding) for _printf_post_padding
    printf8.o(i.__0fprintf$8) refers to printf8.o(i._printf_core) for _printf_core
    printf8.o(i.__0fprintf$8) refers to usart.o(.text) for fputc
    printf8.o(i.__0printf$8) refers to printf8.o(i._printf_core) for _printf_core
    printf8.o(i.__0printf$8) refers to usart.o(.text) for fputc
    printf8.o(i.__0printf$8) refers to stdout.o(.data) for __stdout
    printf8.o(i.__0snprintf$8) refers to printf8.o(i._printf_core) for _printf_core
    printf8.o(i.__0snprintf$8) refers to printf8.o(i._snputc) for _snputc
    printf8.o(i.__0sprintf$8) refers to printf8.o(i._printf_core) for _printf_core
    printf8.o(i.__0sprintf$8) refers to printf8.o(i._sputc) for _sputc
    printf8.o(i.__0vfprintf$8) refers to printf8.o(i._printf_core) for _printf_core
    printf8.o(i.__0vfprintf$8) refers to usart.o(.text) for fputc
    printf8.o(i.__0vprintf$8) refers to printf8.o(i._printf_core) for _printf_core
    printf8.o(i.__0vprintf$8) refers to usart.o(.text) for fputc
    printf8.o(i.__0vprintf$8) refers to stdout.o(.data) for __stdout
    printf8.o(i.__0vsnprintf$8) refers to printf8.o(i._printf_core) for _printf_core
    printf8.o(i.__0vsnprintf$8) refers to printf8.o(i._snputc) for _snputc
    printf8.o(i.__0vsprintf$8) refers to printf8.o(i._printf_core) for _printf_core
    printf8.o(i.__0vsprintf$8) refers to printf8.o(i._sputc) for _sputc
    printf8.o(i._printf_core) refers to printf8.o(i._printf_pre_padding) for _printf_pre_padding
    printf8.o(i._printf_core) refers to uldiv.o(.text) for __aeabi_uldivmod
    printf8.o(i._printf_core) refers to printf8.o(i._printf_post_padding) for _printf_post_padding
    printfa.o(i.__0fprintf) refers (Special) to iusefp.o(.text) for __I$use$fp
    printfa.o(i.__0fprintf) refers to printfa.o(i._printf_core) for _printf_core
    printfa.o(i.__0fprintf) refers to usart.o(.text) for fputc
    printfa.o(i.__0printf) refers (Special) to iusefp.o(.text) for __I$use$fp
    printfa.o(i.__0printf) refers to printfa.o(i._printf_core) for _printf_core
    printfa.o(i.__0printf) refers to usart.o(.text) for fputc
    printfa.o(i.__0printf) refers to stdout.o(.data) for __stdout
    printfa.o(i.__0snprintf) refers (Special) to iusefp.o(.text) for __I$use$fp
    printfa.o(i.__0snprintf) refers to printfa.o(i._printf_core) for _printf_core
    printfa.o(i.__0snprintf) refers to printfa.o(i._snputc) for _snputc
    printfa.o(i.__0sprintf) refers (Special) to iusefp.o(.text) for __I$use$fp
    printfa.o(i.__0sprintf) refers to printfa.o(i._printf_core) for _printf_core
    printfa.o(i.__0sprintf) refers to printfa.o(i._sputc) for _sputc
    printfa.o(i.__0vfprintf) refers (Special) to iusefp.o(.text) for __I$use$fp
    printfa.o(i.__0vfprintf) refers to printfa.o(i._printf_core) for _printf_core
    printfa.o(i.__0vfprintf) refers to usart.o(.text) for fputc
    printfa.o(i.__0vprintf) refers (Special) to iusefp.o(.text) for __I$use$fp
    printfa.o(i.__0vprintf) refers to printfa.o(i._printf_core) for _printf_core
    printfa.o(i.__0vprintf) refers to usart.o(.text) for fputc
    printfa.o(i.__0vprintf) refers to stdout.o(.data) for __stdout
    printfa.o(i.__0vsnprintf) refers (Special) to iusefp.o(.text) for __I$use$fp
    printfa.o(i.__0vsnprintf) refers to printfa.o(i._printf_core) for _printf_core
    printfa.o(i.__0vsnprintf) refers to printfa.o(i._snputc) for _snputc
    printfa.o(i.__0vsprintf) refers (Special) to iusefp.o(.text) for __I$use$fp
    printfa.o(i.__0vsprintf) refers to printfa.o(i._printf_core) for _printf_core
    printfa.o(i.__0vsprintf) refers to printfa.o(i._sputc) for _sputc
    printfa.o(i._fp_digits) refers (Special) to iusefp.o(.text) for __I$use$fp
    printfa.o(i._fp_digits) refers to dmul.o(.text) for __aeabi_dmul
    printfa.o(i._fp_digits) refers to ddiv.o(.text) for __aeabi_ddiv
    printfa.o(i._fp_digits) refers to cdrcmple.o(.text) for __aeabi_cdrcmple
    printfa.o(i._fp_digits) refers to dadd.o(.text) for __aeabi_dadd
    printfa.o(i._fp_digits) refers to dfixul.o(.text) for __aeabi_d2ulz
    printfa.o(i._fp_digits) refers to uldiv.o(.text) for __aeabi_uldivmod
    printfa.o(i._printf_core) refers (Special) to iusefp.o(.text) for __I$use$fp
    printfa.o(i._printf_core) refers to printfa.o(i._printf_pre_padding) for _printf_pre_padding
    printfa.o(i._printf_core) refers to uldiv.o(.text) for __aeabi_uldivmod
    printfa.o(i._printf_core) refers to printfa.o(i._printf_post_padding) for _printf_post_padding
    printfa.o(i._printf_core) refers to printfa.o(i._fp_digits) for _fp_digits
    printfa.o(i._printf_core) refers to uidiv.o(.text) for __aeabi_uidivmod
    printfa.o(i._printf_post_padding) refers (Special) to iusefp.o(.text) for __I$use$fp
    printfa.o(i._printf_pre_padding) refers (Special) to iusefp.o(.text) for __I$use$fp
    printfa.o(i._snputc) refers (Special) to iusefp.o(.text) for __I$use$fp
    printfa.o(i._sputc) refers (Special) to iusefp.o(.text) for __I$use$fp
    dadd.o(.text) refers (Special) to iusefp.o(.text) for __I$use$fp
    dadd.o(.text) refers to llshl.o(.text) for __aeabi_llsl
    dadd.o(.text) refers to llsshr.o(.text) for __aeabi_lasr
    dadd.o(.text) refers to depilogue.o(.text) for _double_epilogue
    dmul.o(.text) refers (Special) to iusefp.o(.text) for __I$use$fp
    dmul.o(.text) refers to depilogue.o(.text) for _double_epilogue
    ddiv.o(.text) refers (Special) to iusefp.o(.text) for __I$use$fp
    ddiv.o(.text) refers to depilogue.o(.text) for _double_round
    fflti.o(.text) refers (Special) to iusefp.o(.text) for __I$use$fp
    fflti.o(.text) refers to fepilogue.o(.text) for _float_epilogue
    ffltui.o(.text) refers (Special) to iusefp.o(.text) for __I$use$fp
    ffltui.o(.text) refers to fepilogue.o(.text) for _float_epilogue
    dfltui.o(.text) refers (Special) to iusefp.o(.text) for __I$use$fp
    dfltui.o(.text) refers to depilogue.o(.text) for _double_epilogue
    ffixui.o(.text) refers (Special) to iusefp.o(.text) for __I$use$fp
    dfixui.o(.text) refers (Special) to iusefp.o(.text) for __I$use$fp
    dfixui.o(.text) refers to llushr.o(.text) for __aeabi_llsr
    f2d.o(.text) refers (Special) to iusefp.o(.text) for __I$use$fp
    d2f.o(.text) refers (Special) to iusefp.o(.text) for __I$use$fp
    d2f.o(.text) refers to fepilogue.o(.text) for _float_round
    cfcmple.o(.text) refers (Special) to iusefp.o(.text) for __I$use$fp
    cfrcmple.o(.text) refers (Special) to iusefp.o(.text) for __I$use$fp
    entry2.o(.ARM.Collect$$$$00000001) refers to entry2.o(.ARM.Collect$$$$00002712) for __lit__00000000
    entry2.o(.ARM.Collect$$$$00002712) refers to startup_stm32f10x_hd.o(STACK) for __initial_sp
    entry2.o(__vectab_stack_and_reset_area) refers to startup_stm32f10x_hd.o(STACK) for __initial_sp
    entry2.o(__vectab_stack_and_reset_area) refers to entry.o(.ARM.Collect$$$$00000000) for __main
    entry5.o(.ARM.Collect$$$$00000004) refers to init.o(.text) for __scatterload
    entry9a.o(.ARM.Collect$$$$0000000B) refers to main.o(.text) for main
    entry9b.o(.ARM.Collect$$$$0000000C) refers to main.o(.text) for main
    uldiv.o(.text) refers to llushr.o(.text) for __aeabi_llsr
    uldiv.o(.text) refers to llshl.o(.text) for __aeabi_llsl
    depilogue.o(.text) refers to llshl.o(.text) for __aeabi_llsl
    depilogue.o(.text) refers to llushr.o(.text) for __aeabi_llsr
    dfixul.o(.text) refers to llushr.o(.text) for __aeabi_llsr
    dfixul.o(.text) refers to llshl.o(.text) for __aeabi_llsl
    init.o(.text) refers to entry5.o(.ARM.Collect$$$$00000004) for __main_after_scatterload


==============================================================================

Removing Unused input sections from the image.

    Removing system.o(.emb_text), (16 bytes).
    Removing core_cm3.o(.emb_text), (32 bytes).
    Removing startup_stm32f10x_hd.o(HEAP), (512 bytes).
    Removing stm32f10x_iwdg.o(.text), (64 bytes).
    Removing stm32f10x_wwdg.o(.text), (136 bytes).
    Removing stm32f10x_bkp.o(.text), (196 bytes).
    Removing stm32f10x_rtc.o(.text), (328 bytes).
    Removing stm32f10x_pwr.o(.text), (204 bytes).
    Removing stm32f10x_dac.o(.text), (396 bytes).
    Removing stm32f10x_spi.o(.text), (780 bytes).
    Removing stm32f10x_can.o(.text), (2544 bytes).
    Removing stm32f10x_flash.o(.text), (1468 bytes).
    Removing stm32f10x_sdio.o(.text), (468 bytes).
    Removing button.o(.text), (256 bytes).
    Removing button.o(.data), (1 bytes).
    Removing dfixul.o(.text), (48 bytes).
    Removing cdrcmple.o(.text), (48 bytes).

17 unused section(s) (total 7497 bytes) removed from the image.

==============================================================================

Image Symbol Table

    Local Symbols

    Symbol Name                              Value     Ov Type        Size  Object(Section)

    ../clib/microlib/division.c              0x00000000   Number         0  uldiv.o ABSOLUTE
    ../clib/microlib/division.c              0x00000000   Number         0  uidiv.o ABSOLUTE
    ../clib/microlib/init/entry.s            0x00000000   Number         0  entry9a.o ABSOLUTE
    ../clib/microlib/init/entry.s            0x00000000   Number         0  entry11b.o ABSOLUTE
    ../clib/microlib/init/entry.s            0x00000000   Number         0  entry2.o ABSOLUTE
    ../clib/microlib/init/entry.s            0x00000000   Number         0  entry.o ABSOLUTE
    ../clib/microlib/init/entry.s            0x00000000   Number         0  entry11a.o ABSOLUTE
    ../clib/microlib/init/entry.s            0x00000000   Number         0  entry10b.o ABSOLUTE
    ../clib/microlib/init/entry.s            0x00000000   Number         0  entry8b.o ABSOLUTE
    ../clib/microlib/init/entry.s            0x00000000   Number         0  entry8a.o ABSOLUTE
    ../clib/microlib/init/entry.s            0x00000000   Number         0  entry10a.o ABSOLUTE
    ../clib/microlib/init/entry.s            0x00000000   Number         0  entry9b.o ABSOLUTE
    ../clib/microlib/init/entry.s            0x00000000   Number         0  entry7b.o ABSOLUTE
    ../clib/microlib/init/entry.s            0x00000000   Number         0  entry5.o ABSOLUTE
    ../clib/microlib/init/entry.s            0x00000000   Number         0  entry7a.o ABSOLUTE
    ../clib/microlib/longlong.c              0x00000000   Number         0  llshl.o ABSOLUTE
    ../clib/microlib/longlong.c              0x00000000   Number         0  llushr.o ABSOLUTE
    ../clib/microlib/longlong.c              0x00000000   Number         0  llsshr.o ABSOLUTE
    ../clib/microlib/printf/printf.c         0x00000000   Number         0  printf1.o ABSOLUTE
    ../clib/microlib/printf/printf.c         0x00000000   Number         0  printf2.o ABSOLUTE
    ../clib/microlib/printf/printf.c         0x00000000   Number         0  printf3.o ABSOLUTE
    ../clib/microlib/printf/printf.c         0x00000000   Number         0  printf0.o ABSOLUTE
    ../clib/microlib/printf/printf.c         0x00000000   Number         0  printfb.o ABSOLUTE
    ../clib/microlib/printf/printf.c         0x00000000   Number         0  printf5.o ABSOLUTE
    ../clib/microlib/printf/printf.c         0x00000000   Number         0  printf6.o ABSOLUTE
    ../clib/microlib/printf/printf.c         0x00000000   Number         0  printfa.o ABSOLUTE
    ../clib/microlib/printf/printf.c         0x00000000   Number         0  printf4.o ABSOLUTE
    ../clib/microlib/printf/printf.c         0x00000000   Number         0  printf7.o ABSOLUTE
    ../clib/microlib/printf/printf.c         0x00000000   Number         0  printf8.o ABSOLUTE
    ../clib/microlib/printf/stubs.s          0x00000000   Number         0  stubs.o ABSOLUTE
    ../clib/microlib/stdio/streams.c         0x00000000   Number         0  stdout.o ABSOLUTE
    ../clib/microlib/stubs.s                 0x00000000   Number         0  iusefp.o ABSOLUTE
    ../fplib/microlib/d2f.c                  0x00000000   Number         0  d2f.o ABSOLUTE
    ../fplib/microlib/f2d.c                  0x00000000   Number         0  f2d.o ABSOLUTE
    ../fplib/microlib/fpadd.c                0x00000000   Number         0  dadd.o ABSOLUTE
    ../fplib/microlib/fpdiv.c                0x00000000   Number         0  ddiv.o ABSOLUTE
    ../fplib/microlib/fpepilogue.c           0x00000000   Number         0  fepilogue.o ABSOLUTE
    ../fplib/microlib/fpepilogue.c           0x00000000   Number         0  depilogue.o ABSOLUTE
    ../fplib/microlib/fpfix.c                0x00000000   Number         0  dfixui.o ABSOLUTE
    ../fplib/microlib/fpfix.c                0x00000000   Number         0  ffixui.o ABSOLUTE
    ../fplib/microlib/fpfix.c                0x00000000   Number         0  dfixul.o ABSOLUTE
    ../fplib/microlib/fpflt.c                0x00000000   Number         0  ffltui.o ABSOLUTE
    ../fplib/microlib/fpflt.c                0x00000000   Number         0  dfltui.o ABSOLUTE
    ../fplib/microlib/fpflt.c                0x00000000   Number         0  fflti.o ABSOLUTE
    ../fplib/microlib/fpmul.c                0x00000000   Number         0  dmul.o ABSOLUTE
    ..\Public\SysTick.c                      0x00000000   Number         0  systick.o ABSOLUTE
    ..\Public\system.c                       0x00000000   Number         0  system.o ABSOLUTE
    ..\Public\usart.c                        0x00000000   Number         0  usart.o ABSOLUTE
    ..\\Public\\system.c                     0x00000000   Number         0  system.o ABSOLUTE
    ..\\core\\core_cm3.c                     0x00000000   Number         0  core_cm3.o ABSOLUTE
    ..\app\adc\adc.c                         0x00000000   Number         0  adc.o ABSOLUTE
    ..\app\button\button.c                   0x00000000   Number         0  button.o ABSOLUTE
    ..\app\gui\gui.c                         0x00000000   Number         0  gui.o ABSOLUTE
    ..\app\led\led.c                         0x00000000   Number         0  led.o ABSOLUTE
    ..\app\tftlcd\tftlcd.c                   0x00000000   Number         0  tftlcd.o ABSOLUTE
    ..\app\tim\tim.c                         0x00000000   Number         0  tim.o ABSOLUTE
    ..\core\core_cm3.c                       0x00000000   Number         0  core_cm3.o ABSOLUTE
    ..\core\startup_stm32f10x_hd.s           0x00000000   Number         0  startup_stm32f10x_hd.o ABSOLUTE
    ..\stm32f10x_fwlib\src\misc.c            0x00000000   Number         0  misc.o ABSOLUTE
    ..\stm32f10x_fwlib\src\stm32f10x_adc.c   0x00000000   Number         0  stm32f10x_adc.o ABSOLUTE
    ..\stm32f10x_fwlib\src\stm32f10x_bkp.c   0x00000000   Number         0  stm32f10x_bkp.o ABSOLUTE
    ..\stm32f10x_fwlib\src\stm32f10x_can.c   0x00000000   Number         0  stm32f10x_can.o ABSOLUTE
    ..\stm32f10x_fwlib\src\stm32f10x_dac.c   0x00000000   Number         0  stm32f10x_dac.o ABSOLUTE
    ..\stm32f10x_fwlib\src\stm32f10x_dma.c   0x00000000   Number         0  stm32f10x_dma.o ABSOLUTE
    ..\stm32f10x_fwlib\src\stm32f10x_exti.c  0x00000000   Number         0  stm32f10x_exti.o ABSOLUTE
    ..\stm32f10x_fwlib\src\stm32f10x_flash.c 0x00000000   Number         0  stm32f10x_flash.o ABSOLUTE
    ..\stm32f10x_fwlib\src\stm32f10x_fsmc.c  0x00000000   Number         0  stm32f10x_fsmc.o ABSOLUTE
    ..\stm32f10x_fwlib\src\stm32f10x_gpio.c  0x00000000   Number         0  stm32f10x_gpio.o ABSOLUTE
    ..\stm32f10x_fwlib\src\stm32f10x_iwdg.c  0x00000000   Number         0  stm32f10x_iwdg.o ABSOLUTE
    ..\stm32f10x_fwlib\src\stm32f10x_pwr.c   0x00000000   Number         0  stm32f10x_pwr.o ABSOLUTE
    ..\stm32f10x_fwlib\src\stm32f10x_rcc.c   0x00000000   Number         0  stm32f10x_rcc.o ABSOLUTE
    ..\stm32f10x_fwlib\src\stm32f10x_rtc.c   0x00000000   Number         0  stm32f10x_rtc.o ABSOLUTE
    ..\stm32f10x_fwlib\src\stm32f10x_sdio.c  0x00000000   Number         0  stm32f10x_sdio.o ABSOLUTE
    ..\stm32f10x_fwlib\src\stm32f10x_spi.c   0x00000000   Number         0  stm32f10x_spi.o ABSOLUTE
    ..\stm32f10x_fwlib\src\stm32f10x_tim.c   0x00000000   Number         0  stm32f10x_tim.o ABSOLUTE
    ..\stm32f10x_fwlib\src\stm32f10x_usart.c 0x00000000   Number         0  stm32f10x_usart.o ABSOLUTE
    ..\stm32f10x_fwlib\src\stm32f10x_wwdg.c  0x00000000   Number         0  stm32f10x_wwdg.o ABSOLUTE
    cdrcmple.s                               0x00000000   Number         0  cdrcmple.o ABSOLUTE
    cfcmple.s                                0x00000000   Number         0  cfcmple.o ABSOLUTE
    cfrcmple.s                               0x00000000   Number         0  cfrcmple.o ABSOLUTE
    dc.s                                     0x00000000   Number         0  dc.o ABSOLUTE
    handlers.s                               0x00000000   Number         0  handlers.o ABSOLUTE
    init.s                                   0x00000000   Number         0  init.o ABSOLUTE
    main.c                                   0x00000000   Number         0  main.o ABSOLUTE
    stm32f10x_it.c                           0x00000000   Number         0  stm32f10x_it.o ABSOLUTE
    system_stm32f10x.c                       0x00000000   Number         0  system_stm32f10x.o ABSOLUTE
    RESET                                    0x08000000   Section      304  startup_stm32f10x_hd.o(RESET)
    .ARM.Collect$$$$00000000                 0x08000130   Section        0  entry.o(.ARM.Collect$$$$00000000)
    .ARM.Collect$$$$00000001                 0x08000130   Section        4  entry2.o(.ARM.Collect$$$$00000001)
    .ARM.Collect$$$$00000004                 0x08000134   Section        4  entry5.o(.ARM.Collect$$$$00000004)
    .ARM.Collect$$$$00000008                 0x08000138   Section        0  entry7b.o(.ARM.Collect$$$$00000008)
    .ARM.Collect$$$$0000000A                 0x08000138   Section        0  entry8b.o(.ARM.Collect$$$$0000000A)
    .ARM.Collect$$$$0000000B                 0x08000138   Section        8  entry9a.o(.ARM.Collect$$$$0000000B)
    .ARM.Collect$$$$0000000D                 0x08000140   Section        0  entry10a.o(.ARM.Collect$$$$0000000D)
    .ARM.Collect$$$$0000000F                 0x08000140   Section        0  entry11a.o(.ARM.Collect$$$$0000000F)
    .ARM.Collect$$$$00002712                 0x08000140   Section        4  entry2.o(.ARM.Collect$$$$00002712)
    __lit__00000000                          0x08000140   Data           4  entry2.o(.ARM.Collect$$$$00002712)
    .text                                    0x08000144   Section        0  main.o(.text)
    .text                                    0x08000628   Section        0  stm32f10x_it.o(.text)
    .text                                    0x080012b4   Section        0  system_stm32f10x.o(.text)
    SetSysClockTo72                          0x080012b5   Thumb Code   214  system_stm32f10x.o(.text)
    SetSysClock                              0x0800138b   Thumb Code     8  system_stm32f10x.o(.text)
    .text                                    0x08001494   Section        0  systick.o(.text)
    .text                                    0x08001560   Section        0  usart.o(.text)
    .text                                    0x0800166c   Section       36  startup_stm32f10x_hd.o(.text)
    .text                                    0x08001690   Section        0  misc.o(.text)
    .text                                    0x0800176c   Section        0  stm32f10x_gpio.o(.text)
    .text                                    0x08001ac8   Section        0  stm32f10x_rcc.o(.text)
    .text                                    0x08001e6c   Section        0  stm32f10x_usart.o(.text)
    .text                                    0x08002274   Section        0  stm32f10x_exti.o(.text)
    .text                                    0x08002390   Section        0  stm32f10x_tim.o(.text)
    TI4_Config                               0x08002837   Thumb Code   130  stm32f10x_tim.o(.text)
    TI3_Config                               0x080028cb   Thumb Code   122  stm32f10x_tim.o(.text)
    TI2_Config                               0x0800295f   Thumb Code   130  stm32f10x_tim.o(.text)
    TI1_Config                               0x080029f3   Thumb Code   108  stm32f10x_tim.o(.text)
    .text                                    0x080031ac   Section        0  stm32f10x_fsmc.o(.text)
    .text                                    0x080037b8   Section        0  stm32f10x_adc.o(.text)
    .text                                    0x08003c08   Section        0  stm32f10x_dma.o(.text)
    .text                                    0x08003e5c   Section        0  led.o(.text)
    .text                                    0x08003f00   Section        0  gui.o(.text)
    .text                                    0x08004334   Section        0  tim.o(.text)
    .text                                    0x08004438   Section        0  adc.o(.text)
    .text                                    0x080046b4   Section        0  tftlcd.o(.text)
    .text                                    0x080053a8   Section        0  dadd.o(.text)
    .text                                    0x080054f6   Section        0  dmul.o(.text)
    .text                                    0x080055da   Section        0  ddiv.o(.text)
    .text                                    0x080056b8   Section        0  fflti.o(.text)
    .text                                    0x080056ca   Section        0  ffltui.o(.text)
    .text                                    0x080056d4   Section        0  dfltui.o(.text)
    .text                                    0x080056ee   Section        0  ffixui.o(.text)
    .text                                    0x08005716   Section        0  dfixui.o(.text)
    .text                                    0x08005748   Section        0  f2d.o(.text)
    .text                                    0x0800576e   Section        0  d2f.o(.text)
    .text                                    0x080057a8   Section       20  cfcmple.o(.text)
    .text                                    0x080057bc   Section       20  cfrcmple.o(.text)
    .text                                    0x080057d0   Section        0  uldiv.o(.text)
    .text                                    0x08005832   Section        0  llshl.o(.text)
    .text                                    0x08005850   Section        0  llushr.o(.text)
    .text                                    0x08005870   Section        0  llsshr.o(.text)
    .text                                    0x08005894   Section        0  iusefp.o(.text)
    .text                                    0x08005894   Section        0  fepilogue.o(.text)
    .text                                    0x08005902   Section        0  depilogue.o(.text)
    .text                                    0x080059bc   Section       36  init.o(.text)
    i.__0printf$5                            0x080059e0   Section        0  printf5.o(i.__0printf$5)
    i.__scatterload_copy                     0x08005a00   Section       14  handlers.o(i.__scatterload_copy)
    i.__scatterload_null                     0x08005a0e   Section        2  handlers.o(i.__scatterload_null)
    i.__scatterload_zeroinit                 0x08005a10   Section       14  handlers.o(i.__scatterload_zeroinit)
    i._printf_core                           0x08005a20   Section        0  printf5.o(i._printf_core)
    _printf_core                             0x08005a21   Thumb Code   658  printf5.o(i._printf_core)
    .constdata                               0x08005ce0   Section     2376  gui.o(.constdata)
    .constdata                               0x08006628   Section    18712  tftlcd.o(.constdata)
    .data                                    0x20000000   Section       12  main.o(.data)
    .data                                    0x2000000c   Section       20  stm32f10x_it.o(.data)
    .data                                    0x20000020   Section       20  system_stm32f10x.o(.data)
    .data                                    0x20000034   Section        4  systick.o(.data)
    fac_us                                   0x20000034   Data           1  systick.o(.data)
    fac_ms                                   0x20000036   Data           2  systick.o(.data)
    .data                                    0x20000038   Section       20  stm32f10x_rcc.o(.data)
    APBAHBPrescTable                         0x20000038   Data          16  stm32f10x_rcc.o(.data)
    ADCPrescTable                            0x20000048   Data           4  stm32f10x_rcc.o(.data)
    .data                                    0x2000004c   Section        1  led.o(.data)
    i                                        0x2000004c   Data           1  led.o(.data)
    .data                                    0x20000050   Section        8  tim.o(.data)
    .data                                    0x20000058   Section        4  adc.o(.data)
    .data                                    0x2000005c   Section       12  tftlcd.o(.data)
    .data                                    0x20000068   Section        4  stdout.o(.data)
    .bss                                     0x2000006c   Section     1280  adc.o(.bss)
    STACK                                    0x20000570   Section     1024  startup_stm32f10x_hd.o(STACK)

    Global Symbols

    Symbol Name                              Value     Ov Type        Size  Object(Section)

    BuildAttributes$$THM_ISAv4$P$D$K$B$S$PE$A:L22UL41UL21$X:L11$S22US41US21$IEEE1$IW$USESV6$~STKCKD$USESV7$~SHL$OTIME$ROPI$EBA8$MICROLIB$REQ8$PRES8$EABIv2 0x00000000   Number         0  anon$$obj.o ABSOLUTE
    __ARM_use_no_argv                        0x00000000   Number         0  main.o ABSOLUTE
    _printf_a                                0x00000000   Number         0  stubs.o ABSOLUTE
    _printf_c                                0x00000000   Number         0  stubs.o ABSOLUTE
    _printf_charcount                        0x00000000   Number         0  stubs.o ABSOLUTE
    _printf_d                                0x00000000   Number         0  stubs.o ABSOLUTE
    _printf_e                                0x00000000   Number         0  stubs.o ABSOLUTE
    _printf_f                                0x00000000   Number         0  stubs.o ABSOLUTE
    _printf_flags                            0x00000000   Number         0  stubs.o ABSOLUTE
    _printf_fp_dec                           0x00000000   Number         0  stubs.o ABSOLUTE
    _printf_fp_hex                           0x00000000   Number         0  stubs.o ABSOLUTE
    _printf_g                                0x00000000   Number         0  stubs.o ABSOLUTE
    _printf_i                                0x00000000   Number         0  stubs.o ABSOLUTE
    _printf_int_dec                          0x00000000   Number         0  stubs.o ABSOLUTE
    _printf_l                                0x00000000   Number         0  stubs.o ABSOLUTE
    _printf_lc                               0x00000000   Number         0  stubs.o ABSOLUTE
    _printf_ll                               0x00000000   Number         0  stubs.o ABSOLUTE
    _printf_lld                              0x00000000   Number         0  stubs.o ABSOLUTE
    _printf_lli                              0x00000000   Number         0  stubs.o ABSOLUTE
    _printf_llo                              0x00000000   Number         0  stubs.o ABSOLUTE
    _printf_llu                              0x00000000   Number         0  stubs.o ABSOLUTE
    _printf_llx                              0x00000000   Number         0  stubs.o ABSOLUTE
    _printf_longlong_dec                     0x00000000   Number         0  stubs.o ABSOLUTE
    _printf_longlong_hex                     0x00000000   Number         0  stubs.o ABSOLUTE
    _printf_longlong_oct                     0x00000000   Number         0  stubs.o ABSOLUTE
    _printf_ls                               0x00000000   Number         0  stubs.o ABSOLUTE
    _printf_mbtowc                           0x00000000   Number         0  stubs.o ABSOLUTE
    _printf_n                                0x00000000   Number         0  stubs.o ABSOLUTE
    _printf_o                                0x00000000   Number         0  stubs.o ABSOLUTE
    _printf_p                                0x00000000   Number         0  stubs.o ABSOLUTE
    _printf_percent                          0x00000000   Number         0  stubs.o ABSOLUTE
    _printf_pre_padding                      0x00000000   Number         0  stubs.o ABSOLUTE
    _printf_return_value                     0x00000000   Number         0  stubs.o ABSOLUTE
    _printf_s                                0x00000000   Number         0  stubs.o ABSOLUTE
    _printf_sizespec                         0x00000000   Number         0  stubs.o ABSOLUTE
    _printf_str                              0x00000000   Number         0  stubs.o ABSOLUTE
    _printf_truncate_signed                  0x00000000   Number         0  stubs.o ABSOLUTE
    _printf_truncate_unsigned                0x00000000   Number         0  stubs.o ABSOLUTE
    _printf_u                                0x00000000   Number         0  stubs.o ABSOLUTE
    _printf_wc                               0x00000000   Number         0  stubs.o ABSOLUTE
    _printf_wctomb                           0x00000000   Number         0  stubs.o ABSOLUTE
    _printf_widthprec                        0x00000000   Number         0  stubs.o ABSOLUTE
    _printf_x                                0x00000000   Number         0  stubs.o ABSOLUTE
    __cpp_initialize__aeabi_                  - Undefined Weak Reference
    __cxa_finalize                            - Undefined Weak Reference
    __decompress                              - Undefined Weak Reference
    _clock_init                               - Undefined Weak Reference
    _microlib_exit                            - Undefined Weak Reference
    __Vectors_Size                           0x00000130   Number         0  startup_stm32f10x_hd.o ABSOLUTE
    __Vectors                                0x08000000   Data           4  startup_stm32f10x_hd.o(RESET)
    __Vectors_End                            0x08000130   Data           0  startup_stm32f10x_hd.o(RESET)
    __main                                   0x08000131   Thumb Code     0  entry.o(.ARM.Collect$$$$00000000)
    _main_stk                                0x08000131   Thumb Code     0  entry2.o(.ARM.Collect$$$$00000001)
    _main_scatterload                        0x08000135   Thumb Code     0  entry5.o(.ARM.Collect$$$$00000004)
    __main_after_scatterload                 0x08000139   Thumb Code     0  entry5.o(.ARM.Collect$$$$00000004)
    _main_clock                              0x08000139   Thumb Code     0  entry7b.o(.ARM.Collect$$$$00000008)
    _main_cpp_init                           0x08000139   Thumb Code     0  entry8b.o(.ARM.Collect$$$$0000000A)
    _main_init                               0x08000139   Thumb Code     0  entry9a.o(.ARM.Collect$$$$0000000B)
    __rt_final_cpp                           0x08000141   Thumb Code     0  entry10a.o(.ARM.Collect$$$$0000000D)
    __rt_final_exit                          0x08000141   Thumb Code     0  entry11a.o(.ARM.Collect$$$$0000000F)
    clear_point                              0x08000145   Thumb Code    46  main.o(.text)
    nvic_init                                0x08000173   Thumb Code   158  main.o(.text)
    rcc_init                                 0x08000211   Thumb Code    68  main.o(.text)
    gpio_init                                0x08000255   Thumb Code   266  main.o(.text)
    main                                     0x0800035f   Thumb Code   704  main.o(.text)
    set_io0                                  0x08000629   Thumb Code    44  stm32f10x_it.o(.text)
    set_io1                                  0x08000655   Thumb Code    44  stm32f10x_it.o(.text)
    set_io2                                  0x08000681   Thumb Code    44  stm32f10x_it.o(.text)
    set_io3                                  0x080006ad   Thumb Code    44  stm32f10x_it.o(.text)
    set_io4                                  0x080006d9   Thumb Code    44  stm32f10x_it.o(.text)
    set_io5                                  0x08000705   Thumb Code    44  stm32f10x_it.o(.text)
    set_io6                                  0x08000731   Thumb Code    44  stm32f10x_it.o(.text)
    set_io7                                  0x0800075d   Thumb Code    44  stm32f10x_it.o(.text)
    set_io8                                  0x08000789   Thumb Code    44  stm32f10x_it.o(.text)
    set_io9                                  0x080007b5   Thumb Code    44  stm32f10x_it.o(.text)
    set_io10                                 0x080007e1   Thumb Code    44  stm32f10x_it.o(.text)
    set_io11                                 0x0800080d   Thumb Code    44  stm32f10x_it.o(.text)
    lcd_huadian                              0x08000839   Thumb Code    24  stm32f10x_it.o(.text)
    lcd_huaxian                              0x08000851   Thumb Code    44  stm32f10x_it.o(.text)
    hua_wang                                 0x0800087d   Thumb Code   162  stm32f10x_it.o(.text)
    set_background                           0x0800091f   Thumb Code   344  stm32f10x_it.o(.text)
    key_init                                 0x08000a77   Thumb Code   112  stm32f10x_it.o(.text)
    EXTI0_IRQHandler                         0x08000ae7   Thumb Code   124  stm32f10x_it.o(.text)
    EXTI3_IRQHandler                         0x08000b63   Thumb Code    86  stm32f10x_it.o(.text)
    EXTI4_IRQHandler                         0x08000bb9   Thumb Code    82  stm32f10x_it.o(.text)
    TIM2_IRQHandler                          0x08000c0b   Thumb Code  1622  stm32f10x_it.o(.text)
    TIM3_IRQHandler                          0x08001261   Thumb Code    32  stm32f10x_it.o(.text)
    SystemInit                               0x08001393   Thumb Code    78  system_stm32f10x.o(.text)
    SystemCoreClockUpdate                    0x080013e1   Thumb Code   142  system_stm32f10x.o(.text)
    SysTick_Init                             0x08001495   Thumb Code    52  systick.o(.text)
    delay_us                                 0x080014c9   Thumb Code    72  systick.o(.text)
    delay_ms                                 0x08001511   Thumb Code    72  systick.o(.text)
    fputc                                    0x08001561   Thumb Code    32  usart.o(.text)
    USART1_Init                              0x08001581   Thumb Code   174  usart.o(.text)
    USART1_IRQHandler                        0x0800162f   Thumb Code    54  usart.o(.text)
    Reset_Handler                            0x0800166d   Thumb Code     8  startup_stm32f10x_hd.o(.text)
    NMI_Handler                              0x08001675   Thumb Code     2  startup_stm32f10x_hd.o(.text)
    HardFault_Handler                        0x08001677   Thumb Code     2  startup_stm32f10x_hd.o(.text)
    MemManage_Handler                        0x08001679   Thumb Code     2  startup_stm32f10x_hd.o(.text)
    BusFault_Handler                         0x0800167b   Thumb Code     2  startup_stm32f10x_hd.o(.text)
    UsageFault_Handler                       0x0800167d   Thumb Code     2  startup_stm32f10x_hd.o(.text)
    SVC_Handler                              0x0800167f   Thumb Code     2  startup_stm32f10x_hd.o(.text)
    DebugMon_Handler                         0x08001681   Thumb Code     2  startup_stm32f10x_hd.o(.text)
    PendSV_Handler                           0x08001683   Thumb Code     2  startup_stm32f10x_hd.o(.text)
    SysTick_Handler                          0x08001685   Thumb Code     2  startup_stm32f10x_hd.o(.text)
    ADC1_2_IRQHandler                        0x08001687   Thumb Code     0  startup_stm32f10x_hd.o(.text)
    ADC3_IRQHandler                          0x08001687   Thumb Code     0  startup_stm32f10x_hd.o(.text)
    CAN1_RX1_IRQHandler                      0x08001687   Thumb Code     0  startup_stm32f10x_hd.o(.text)
    CAN1_SCE_IRQHandler                      0x08001687   Thumb Code     0  startup_stm32f10x_hd.o(.text)
    DMA1_Channel1_IRQHandler                 0x08001687   Thumb Code     0  startup_stm32f10x_hd.o(.text)
    DMA1_Channel2_IRQHandler                 0x08001687   Thumb Code     0  startup_stm32f10x_hd.o(.text)
    DMA1_Channel3_IRQHandler                 0x08001687   Thumb Code     0  startup_stm32f10x_hd.o(.text)
    DMA1_Channel4_IRQHandler                 0x08001687   Thumb Code     0  startup_stm32f10x_hd.o(.text)
    DMA1_Channel5_IRQHandler                 0x08001687   Thumb Code     0  startup_stm32f10x_hd.o(.text)
    DMA1_Channel6_IRQHandler                 0x08001687   Thumb Code     0  startup_stm32f10x_hd.o(.text)
    DMA1_Channel7_IRQHandler                 0x08001687   Thumb Code     0  startup_stm32f10x_hd.o(.text)
    DMA2_Channel1_IRQHandler                 0x08001687   Thumb Code     0  startup_stm32f10x_hd.o(.text)
    DMA2_Channel2_IRQHandler                 0x08001687   Thumb Code     0  startup_stm32f10x_hd.o(.text)
    DMA2_Channel3_IRQHandler                 0x08001687   Thumb Code     0  startup_stm32f10x_hd.o(.text)
    DMA2_Channel4_5_IRQHandler               0x08001687   Thumb Code     0  startup_stm32f10x_hd.o(.text)
    EXTI15_10_IRQHandler                     0x08001687   Thumb Code     0  startup_stm32f10x_hd.o(.text)
    EXTI1_IRQHandler                         0x08001687   Thumb Code     0  startup_stm32f10x_hd.o(.text)
    EXTI2_IRQHandler                         0x08001687   Thumb Code     0  startup_stm32f10x_hd.o(.text)
    EXTI9_5_IRQHandler                       0x08001687   Thumb Code     0  startup_stm32f10x_hd.o(.text)
    FLASH_IRQHandler                         0x08001687   Thumb Code     0  startup_stm32f10x_hd.o(.text)
    FSMC_IRQHandler                          0x08001687   Thumb Code     0  startup_stm32f10x_hd.o(.text)
    I2C1_ER_IRQHandler                       0x08001687   Thumb Code     0  startup_stm32f10x_hd.o(.text)
    I2C1_EV_IRQHandler                       0x08001687   Thumb Code     0  startup_stm32f10x_hd.o(.text)
    I2C2_ER_IRQHandler                       0x08001687   Thumb Code     0  startup_stm32f10x_hd.o(.text)
    I2C2_EV_IRQHandler                       0x08001687   Thumb Code     0  startup_stm32f10x_hd.o(.text)
    PVD_IRQHandler                           0x08001687   Thumb Code     0  startup_stm32f10x_hd.o(.text)
    RCC_IRQHandler                           0x08001687   Thumb Code     0  startup_stm32f10x_hd.o(.text)
    RTCAlarm_IRQHandler                      0x08001687   Thumb Code     0  startup_stm32f10x_hd.o(.text)
    RTC_IRQHandler                           0x08001687   Thumb Code     0  startup_stm32f10x_hd.o(.text)
    SDIO_IRQHandler                          0x08001687   Thumb Code     0  startup_stm32f10x_hd.o(.text)
    SPI1_IRQHandler                          0x08001687   Thumb Code     0  startup_stm32f10x_hd.o(.text)
    SPI2_IRQHandler                          0x08001687   Thumb Code     0  startup_stm32f10x_hd.o(.text)
    SPI3_IRQHandler                          0x08001687   Thumb Code     0  startup_stm32f10x_hd.o(.text)
    TAMPER_IRQHandler                        0x08001687   Thumb Code     0  startup_stm32f10x_hd.o(.text)
    TIM1_BRK_IRQHandler                      0x08001687   Thumb Code     0  startup_stm32f10x_hd.o(.text)
    TIM1_CC_IRQHandler                       0x08001687   Thumb Code     0  startup_stm32f10x_hd.o(.text)
    TIM1_TRG_COM_IRQHandler                  0x08001687   Thumb Code     0  startup_stm32f10x_hd.o(.text)
    TIM1_UP_IRQHandler                       0x08001687   Thumb Code     0  startup_stm32f10x_hd.o(.text)
    TIM4_IRQHandler                          0x08001687   Thumb Code     0  startup_stm32f10x_hd.o(.text)
    TIM5_IRQHandler                          0x08001687   Thumb Code     0  startup_stm32f10x_hd.o(.text)
    TIM6_IRQHandler                          0x08001687   Thumb Code     0  startup_stm32f10x_hd.o(.text)
    TIM7_IRQHandler                          0x08001687   Thumb Code     0  startup_stm32f10x_hd.o(.text)
    TIM8_BRK_IRQHandler                      0x08001687   Thumb Code     0  startup_stm32f10x_hd.o(.text)
    TIM8_CC_IRQHandler                       0x08001687   Thumb Code     0  startup_stm32f10x_hd.o(.text)
    TIM8_TRG_COM_IRQHandler                  0x08001687   Thumb Code     0  startup_stm32f10x_hd.o(.text)
    TIM8_UP_IRQHandler                       0x08001687   Thumb Code     0  startup_stm32f10x_hd.o(.text)
    UART4_IRQHandler                         0x08001687   Thumb Code     0  startup_stm32f10x_hd.o(.text)
    UART5_IRQHandler                         0x08001687   Thumb Code     0  startup_stm32f10x_hd.o(.text)
    USART2_IRQHandler                        0x08001687   Thumb Code     0  startup_stm32f10x_hd.o(.text)
    USART3_IRQHandler                        0x08001687   Thumb Code     0  startup_stm32f10x_hd.o(.text)
    USBWakeUp_IRQHandler                     0x08001687   Thumb Code     0  startup_stm32f10x_hd.o(.text)
    USB_HP_CAN1_TX_IRQHandler                0x08001687   Thumb Code     0  startup_stm32f10x_hd.o(.text)
    USB_LP_CAN1_RX0_IRQHandler               0x08001687   Thumb Code     0  startup_stm32f10x_hd.o(.text)
    WWDG_IRQHandler                          0x08001687   Thumb Code     0  startup_stm32f10x_hd.o(.text)
    NVIC_PriorityGroupConfig                 0x08001691   Thumb Code    10  misc.o(.text)
    NVIC_Init                                0x0800169b   Thumb Code   100  misc.o(.text)
    NVIC_SetVectorTable                      0x080016ff   Thumb Code    14  misc.o(.text)
    NVIC_SystemLPConfig                      0x0800170d   Thumb Code    34  misc.o(.text)
    SysTick_CLKSourceConfig                  0x0800172f   Thumb Code    40  misc.o(.text)
    GPIO_DeInit                              0x0800176d   Thumb Code   172  stm32f10x_gpio.o(.text)
    GPIO_AFIODeInit                          0x08001819   Thumb Code    20  stm32f10x_gpio.o(.text)
    GPIO_Init                                0x0800182d   Thumb Code   278  stm32f10x_gpio.o(.text)
    GPIO_StructInit                          0x08001943   Thumb Code    16  stm32f10x_gpio.o(.text)
    GPIO_ReadInputDataBit                    0x08001953   Thumb Code    18  stm32f10x_gpio.o(.text)
    GPIO_ReadInputData                       0x08001965   Thumb Code     8  stm32f10x_gpio.o(.text)
    GPIO_ReadOutputDataBit                   0x0800196d   Thumb Code    18  stm32f10x_gpio.o(.text)
    GPIO_ReadOutputData                      0x0800197f   Thumb Code     8  stm32f10x_gpio.o(.text)
    GPIO_SetBits                             0x08001987   Thumb Code     4  stm32f10x_gpio.o(.text)
    GPIO_ResetBits                           0x0800198b   Thumb Code     4  stm32f10x_gpio.o(.text)
    GPIO_WriteBit                            0x0800198f   Thumb Code    10  stm32f10x_gpio.o(.text)
    GPIO_Write                               0x08001999   Thumb Code     4  stm32f10x_gpio.o(.text)
    GPIO_PinLockConfig                       0x0800199d   Thumb Code    18  stm32f10x_gpio.o(.text)
    GPIO_EventOutputConfig                   0x080019af   Thumb Code    26  stm32f10x_gpio.o(.text)
    GPIO_EventOutputCmd                      0x080019c9   Thumb Code     6  stm32f10x_gpio.o(.text)
    GPIO_PinRemapConfig                      0x080019cf   Thumb Code   138  stm32f10x_gpio.o(.text)
    GPIO_EXTILineConfig                      0x08001a59   Thumb Code    66  stm32f10x_gpio.o(.text)
    GPIO_ETH_MediaInterfaceConfig            0x08001a9b   Thumb Code     8  stm32f10x_gpio.o(.text)
    RCC_DeInit                               0x08001ac9   Thumb Code    64  stm32f10x_rcc.o(.text)
    RCC_HSEConfig                            0x08001b09   Thumb Code    70  stm32f10x_rcc.o(.text)
    RCC_GetFlagStatus                        0x08001b4f   Thumb Code    56  stm32f10x_rcc.o(.text)
    RCC_WaitForHSEStartUp                    0x08001b87   Thumb Code    56  stm32f10x_rcc.o(.text)
    RCC_AdjustHSICalibrationValue            0x08001bbf   Thumb Code    20  stm32f10x_rcc.o(.text)
    RCC_HSICmd                               0x08001bd3   Thumb Code     6  stm32f10x_rcc.o(.text)
    RCC_PLLConfig                            0x08001bd9   Thumb Code    24  stm32f10x_rcc.o(.text)
    RCC_PLLCmd                               0x08001bf1   Thumb Code     6  stm32f10x_rcc.o(.text)
    RCC_SYSCLKConfig                         0x08001bf7   Thumb Code    18  stm32f10x_rcc.o(.text)
    RCC_GetSYSCLKSource                      0x08001c09   Thumb Code    10  stm32f10x_rcc.o(.text)
    RCC_HCLKConfig                           0x08001c13   Thumb Code    18  stm32f10x_rcc.o(.text)
    RCC_PCLK1Config                          0x08001c25   Thumb Code    18  stm32f10x_rcc.o(.text)
    RCC_PCLK2Config                          0x08001c37   Thumb Code    20  stm32f10x_rcc.o(.text)
    RCC_ITConfig                             0x08001c4b   Thumb Code    26  stm32f10x_rcc.o(.text)
    RCC_USBCLKConfig                         0x08001c65   Thumb Code     8  stm32f10x_rcc.o(.text)
    RCC_ADCCLKConfig                         0x08001c6d   Thumb Code    18  stm32f10x_rcc.o(.text)
    RCC_LSEConfig                            0x08001c7f   Thumb Code    50  stm32f10x_rcc.o(.text)
    RCC_LSICmd                               0x08001cb1   Thumb Code     6  stm32f10x_rcc.o(.text)
    RCC_RTCCLKConfig                         0x08001cb7   Thumb Code    12  stm32f10x_rcc.o(.text)
    RCC_RTCCLKCmd                            0x08001cc3   Thumb Code     8  stm32f10x_rcc.o(.text)
    RCC_GetClocksFreq                        0x08001ccb   Thumb Code   192  stm32f10x_rcc.o(.text)
    RCC_AHBPeriphClockCmd                    0x08001d8b   Thumb Code    26  stm32f10x_rcc.o(.text)
    RCC_APB2PeriphClockCmd                   0x08001da5   Thumb Code    26  stm32f10x_rcc.o(.text)
    RCC_APB1PeriphClockCmd                   0x08001dbf   Thumb Code    26  stm32f10x_rcc.o(.text)
    RCC_APB2PeriphResetCmd                   0x08001dd9   Thumb Code    26  stm32f10x_rcc.o(.text)
    RCC_APB1PeriphResetCmd                   0x08001df3   Thumb Code    26  stm32f10x_rcc.o(.text)
    RCC_BackupResetCmd                       0x08001e0d   Thumb Code     8  stm32f10x_rcc.o(.text)
    RCC_ClockSecuritySystemCmd               0x08001e15   Thumb Code     6  stm32f10x_rcc.o(.text)
    RCC_MCOConfig                            0x08001e1b   Thumb Code     6  stm32f10x_rcc.o(.text)
    RCC_ClearFlag                            0x08001e21   Thumb Code    14  stm32f10x_rcc.o(.text)
    RCC_GetITStatus                          0x08001e2f   Thumb Code    20  stm32f10x_rcc.o(.text)
    RCC_ClearITPendingBit                    0x08001e43   Thumb Code     6  stm32f10x_rcc.o(.text)
    USART_DeInit                             0x08001e6d   Thumb Code   134  stm32f10x_usart.o(.text)
    USART_Init                               0x08001ef3   Thumb Code   210  stm32f10x_usart.o(.text)
    USART_StructInit                         0x08001fc5   Thumb Code    24  stm32f10x_usart.o(.text)
    USART_ClockInit                          0x08001fdd   Thumb Code    34  stm32f10x_usart.o(.text)
    USART_ClockStructInit                    0x08001fff   Thumb Code    12  stm32f10x_usart.o(.text)
    USART_Cmd                                0x0800200b   Thumb Code    24  stm32f10x_usart.o(.text)
    USART_ITConfig                           0x08002023   Thumb Code    74  stm32f10x_usart.o(.text)
    USART_DMACmd                             0x0800206d   Thumb Code    18  stm32f10x_usart.o(.text)
    USART_SetAddress                         0x0800207f   Thumb Code    18  stm32f10x_usart.o(.text)
    USART_WakeUpConfig                       0x08002091   Thumb Code    18  stm32f10x_usart.o(.text)
    USART_ReceiverWakeUpCmd                  0x080020a3   Thumb Code    24  stm32f10x_usart.o(.text)
    USART_LINBreakDetectLengthConfig         0x080020bb   Thumb Code    18  stm32f10x_usart.o(.text)
    USART_LINCmd                             0x080020cd   Thumb Code    24  stm32f10x_usart.o(.text)
    USART_SendData                           0x080020e5   Thumb Code     8  stm32f10x_usart.o(.text)
    USART_ReceiveData                        0x080020ed   Thumb Code    10  stm32f10x_usart.o(.text)
    USART_SendBreak                          0x080020f7   Thumb Code    10  stm32f10x_usart.o(.text)
    USART_SetGuardTime                       0x08002101   Thumb Code    16  stm32f10x_usart.o(.text)
    USART_SetPrescaler                       0x08002111   Thumb Code    16  stm32f10x_usart.o(.text)
    USART_SmartCardCmd                       0x08002121   Thumb Code    24  stm32f10x_usart.o(.text)
    USART_SmartCardNACKCmd                   0x08002139   Thumb Code    24  stm32f10x_usart.o(.text)
    USART_HalfDuplexCmd                      0x08002151   Thumb Code    24  stm32f10x_usart.o(.text)
    USART_OverSampling8Cmd                   0x08002169   Thumb Code    22  stm32f10x_usart.o(.text)
    USART_OneBitMethodCmd                    0x0800217f   Thumb Code    24  stm32f10x_usart.o(.text)
    USART_IrDAConfig                         0x08002197   Thumb Code    18  stm32f10x_usart.o(.text)
    USART_IrDACmd                            0x080021a9   Thumb Code    24  stm32f10x_usart.o(.text)
    USART_GetFlagStatus                      0x080021c1   Thumb Code    26  stm32f10x_usart.o(.text)
    USART_ClearFlag                          0x080021db   Thumb Code    18  stm32f10x_usart.o(.text)
    USART_GetITStatus                        0x080021ed   Thumb Code    84  stm32f10x_usart.o(.text)
    USART_ClearITPendingBit                  0x08002241   Thumb Code    52  stm32f10x_usart.o(.text)
    EXTI_DeInit                              0x08002275   Thumb Code    28  stm32f10x_exti.o(.text)
    EXTI_Init                                0x08002291   Thumb Code   142  stm32f10x_exti.o(.text)
    EXTI_StructInit                          0x0800231f   Thumb Code    16  stm32f10x_exti.o(.text)
    EXTI_GenerateSWInterrupt                 0x0800232f   Thumb Code    16  stm32f10x_exti.o(.text)
    EXTI_GetFlagStatus                       0x0800233f   Thumb Code    22  stm32f10x_exti.o(.text)
    EXTI_ClearFlag                           0x08002355   Thumb Code     8  stm32f10x_exti.o(.text)
    EXTI_GetITStatus                         0x0800235d   Thumb Code    34  stm32f10x_exti.o(.text)
    EXTI_ClearITPendingBit                   0x0800237f   Thumb Code     8  stm32f10x_exti.o(.text)
    TIM_DeInit                               0x08002391   Thumb Code   424  stm32f10x_tim.o(.text)
    TIM_TimeBaseInit                         0x08002539   Thumb Code   122  stm32f10x_tim.o(.text)
    TIM_OC1Init                              0x080025b3   Thumb Code   132  stm32f10x_tim.o(.text)
    TIM_OC2Init                              0x08002637   Thumb Code   154  stm32f10x_tim.o(.text)
    TIM_OC3Init                              0x080026d1   Thumb Code   150  stm32f10x_tim.o(.text)
    TIM_OC4Init                              0x08002767   Thumb Code   182  stm32f10x_tim.o(.text)
    TIM_SetIC4Prescaler                      0x0800281d   Thumb Code    26  stm32f10x_tim.o(.text)
    TIM_SetIC3Prescaler                      0x080028b9   Thumb Code    18  stm32f10x_tim.o(.text)
    TIM_SetIC2Prescaler                      0x08002945   Thumb Code    26  stm32f10x_tim.o(.text)
    TIM_SetIC1Prescaler                      0x080029e1   Thumb Code    18  stm32f10x_tim.o(.text)
    TIM_ICInit                               0x08002a5f   Thumb Code   150  stm32f10x_tim.o(.text)
    TIM_PWMIConfig                           0x08002af5   Thumb Code   124  stm32f10x_tim.o(.text)
    TIM_BDTRConfig                           0x08002b71   Thumb Code    32  stm32f10x_tim.o(.text)
    TIM_TimeBaseStructInit                   0x08002b91   Thumb Code    18  stm32f10x_tim.o(.text)
    TIM_OCStructInit                         0x08002ba3   Thumb Code    20  stm32f10x_tim.o(.text)
    TIM_ICStructInit                         0x08002bb7   Thumb Code    18  stm32f10x_tim.o(.text)
    TIM_BDTRStructInit                       0x08002bc9   Thumb Code    40  stm32f10x_tim.o(.text)
    TIM_Cmd                                  0x08002bf1   Thumb Code    24  stm32f10x_tim.o(.text)
    TIM_CtrlPWMOutputs                       0x08002c09   Thumb Code    30  stm32f10x_tim.o(.text)
    TIM_ITConfig                             0x08002c27   Thumb Code    18  stm32f10x_tim.o(.text)
    TIM_GenerateEvent                        0x08002c39   Thumb Code     4  stm32f10x_tim.o(.text)
    TIM_DMAConfig                            0x08002c3d   Thumb Code    10  stm32f10x_tim.o(.text)
    TIM_DMACmd                               0x08002c47   Thumb Code    18  stm32f10x_tim.o(.text)
    TIM_InternalClockConfig                  0x08002c59   Thumb Code    12  stm32f10x_tim.o(.text)
    TIM_SelectInputTrigger                   0x08002c65   Thumb Code    18  stm32f10x_tim.o(.text)
    TIM_ITRxExternalClockConfig              0x08002c77   Thumb Code    24  stm32f10x_tim.o(.text)
    TIM_TIxExternalClockConfig               0x08002c8f   Thumb Code    62  stm32f10x_tim.o(.text)
    TIM_ETRConfig                            0x08002ccd   Thumb Code    28  stm32f10x_tim.o(.text)
    TIM_ETRClockMode1Config                  0x08002ce9   Thumb Code    54  stm32f10x_tim.o(.text)
    TIM_ETRClockMode2Config                  0x08002d1f   Thumb Code    32  stm32f10x_tim.o(.text)
    TIM_PrescalerConfig                      0x08002d3f   Thumb Code     6  stm32f10x_tim.o(.text)
    TIM_CounterModeConfig                    0x08002d45   Thumb Code    18  stm32f10x_tim.o(.text)
    TIM_EncoderInterfaceConfig               0x08002d57   Thumb Code    66  stm32f10x_tim.o(.text)
    TIM_ForcedOC1Config                      0x08002d99   Thumb Code    18  stm32f10x_tim.o(.text)
    TIM_ForcedOC2Config                      0x08002dab   Thumb Code    26  stm32f10x_tim.o(.text)
    TIM_ForcedOC3Config                      0x08002dc5   Thumb Code    18  stm32f10x_tim.o(.text)
    TIM_ForcedOC4Config                      0x08002dd7   Thumb Code    26  stm32f10x_tim.o(.text)
    TIM_ARRPreloadConfig                     0x08002df1   Thumb Code    24  stm32f10x_tim.o(.text)
    TIM_SelectCOM                            0x08002e09   Thumb Code    24  stm32f10x_tim.o(.text)
    TIM_SelectCCDMA                          0x08002e21   Thumb Code    24  stm32f10x_tim.o(.text)
    TIM_CCPreloadControl                     0x08002e39   Thumb Code    24  stm32f10x_tim.o(.text)
    TIM_OC1PreloadConfig                     0x08002e51   Thumb Code    18  stm32f10x_tim.o(.text)
    TIM_OC2PreloadConfig                     0x08002e63   Thumb Code    26  stm32f10x_tim.o(.text)
    TIM_OC3PreloadConfig                     0x08002e7d   Thumb Code    18  stm32f10x_tim.o(.text)
    TIM_OC4PreloadConfig                     0x08002e8f   Thumb Code    26  stm32f10x_tim.o(.text)
    TIM_OC1FastConfig                        0x08002ea9   Thumb Code    18  stm32f10x_tim.o(.text)
    TIM_OC2FastConfig                        0x08002ebb   Thumb Code    26  stm32f10x_tim.o(.text)
    TIM_OC3FastConfig                        0x08002ed5   Thumb Code    18  stm32f10x_tim.o(.text)
    TIM_OC4FastConfig                        0x08002ee7   Thumb Code    26  stm32f10x_tim.o(.text)
    TIM_ClearOC1Ref                          0x08002f01   Thumb Code    18  stm32f10x_tim.o(.text)
    TIM_ClearOC2Ref                          0x08002f13   Thumb Code    24  stm32f10x_tim.o(.text)
    TIM_ClearOC3Ref                          0x08002f2b   Thumb Code    18  stm32f10x_tim.o(.text)
    TIM_ClearOC4Ref                          0x08002f3d   Thumb Code    24  stm32f10x_tim.o(.text)
    TIM_OC1PolarityConfig                    0x08002f55   Thumb Code    18  stm32f10x_tim.o(.text)
    TIM_OC1NPolarityConfig                   0x08002f67   Thumb Code    18  stm32f10x_tim.o(.text)
    TIM_OC2PolarityConfig                    0x08002f79   Thumb Code    26  stm32f10x_tim.o(.text)
    TIM_OC2NPolarityConfig                   0x08002f93   Thumb Code    26  stm32f10x_tim.o(.text)
    TIM_OC3PolarityConfig                    0x08002fad   Thumb Code    26  stm32f10x_tim.o(.text)
    TIM_OC3NPolarityConfig                   0x08002fc7   Thumb Code    26  stm32f10x_tim.o(.text)
    TIM_OC4PolarityConfig                    0x08002fe1   Thumb Code    26  stm32f10x_tim.o(.text)
    TIM_CCxCmd                               0x08002ffb   Thumb Code    30  stm32f10x_tim.o(.text)
    TIM_CCxNCmd                              0x08003019   Thumb Code    30  stm32f10x_tim.o(.text)
    TIM_SelectOCxM                           0x08003037   Thumb Code    82  stm32f10x_tim.o(.text)
    TIM_UpdateDisableConfig                  0x08003089   Thumb Code    24  stm32f10x_tim.o(.text)
    TIM_UpdateRequestConfig                  0x080030a1   Thumb Code    24  stm32f10x_tim.o(.text)
    TIM_SelectHallSensor                     0x080030b9   Thumb Code    24  stm32f10x_tim.o(.text)
    TIM_SelectOnePulseMode                   0x080030d1   Thumb Code    18  stm32f10x_tim.o(.text)
    TIM_SelectOutputTrigger                  0x080030e3   Thumb Code    18  stm32f10x_tim.o(.text)
    TIM_SelectSlaveMode                      0x080030f5   Thumb Code    18  stm32f10x_tim.o(.text)
    TIM_SelectMasterSlaveMode                0x08003107   Thumb Code    18  stm32f10x_tim.o(.text)
    TIM_SetCounter                           0x08003119   Thumb Code     4  stm32f10x_tim.o(.text)
    TIM_SetAutoreload                        0x0800311d   Thumb Code     4  stm32f10x_tim.o(.text)
    TIM_SetCompare1                          0x08003121   Thumb Code     4  stm32f10x_tim.o(.text)
    TIM_SetCompare2                          0x08003125   Thumb Code     4  stm32f10x_tim.o(.text)
    TIM_SetCompare3                          0x08003129   Thumb Code     4  stm32f10x_tim.o(.text)
    TIM_SetCompare4                          0x0800312d   Thumb Code     6  stm32f10x_tim.o(.text)
    TIM_SetClockDivision                     0x08003133   Thumb Code    18  stm32f10x_tim.o(.text)
    TIM_GetCapture1                          0x08003145   Thumb Code     6  stm32f10x_tim.o(.text)
    TIM_GetCapture2                          0x0800314b   Thumb Code     6  stm32f10x_tim.o(.text)
    TIM_GetCapture3                          0x08003151   Thumb Code     6  stm32f10x_tim.o(.text)
    TIM_GetCapture4                          0x08003157   Thumb Code     8  stm32f10x_tim.o(.text)
    TIM_GetCounter                           0x0800315f   Thumb Code     6  stm32f10x_tim.o(.text)
    TIM_GetPrescaler                         0x08003165   Thumb Code     6  stm32f10x_tim.o(.text)
    TIM_GetFlagStatus                        0x0800316b   Thumb Code    18  stm32f10x_tim.o(.text)
    TIM_ClearFlag                            0x0800317d   Thumb Code     6  stm32f10x_tim.o(.text)
    TIM_GetITStatus                          0x08003183   Thumb Code    34  stm32f10x_tim.o(.text)
    TIM_ClearITPendingBit                    0x080031a5   Thumb Code     6  stm32f10x_tim.o(.text)
    FSMC_NORSRAMDeInit                       0x080031ad   Thumb Code    54  stm32f10x_fsmc.o(.text)
    FSMC_NANDDeInit                          0x080031e3   Thumb Code    62  stm32f10x_fsmc.o(.text)
    FSMC_PCCARDDeInit                        0x08003221   Thumb Code    36  stm32f10x_fsmc.o(.text)
    FSMC_NORSRAMInit                         0x08003245   Thumb Code   230  stm32f10x_fsmc.o(.text)
    FSMC_NANDInit                            0x0800332b   Thumb Code   132  stm32f10x_fsmc.o(.text)
    FSMC_PCCARDInit                          0x080033af   Thumb Code   130  stm32f10x_fsmc.o(.text)
    FSMC_NORSRAMStructInit                   0x08003431   Thumb Code   114  stm32f10x_fsmc.o(.text)
    FSMC_NANDStructInit                      0x080034a3   Thumb Code    54  stm32f10x_fsmc.o(.text)
    FSMC_PCCARDStructInit                    0x080034d9   Thumb Code    60  stm32f10x_fsmc.o(.text)
    FSMC_NORSRAMCmd                          0x08003515   Thumb Code    46  stm32f10x_fsmc.o(.text)
    FSMC_NANDCmd                             0x08003543   Thumb Code    86  stm32f10x_fsmc.o(.text)
    FSMC_PCCARDCmd                           0x08003599   Thumb Code    44  stm32f10x_fsmc.o(.text)
    FSMC_NANDECCCmd                          0x080035c5   Thumb Code    90  stm32f10x_fsmc.o(.text)
    FSMC_GetECC                              0x0800361f   Thumb Code    24  stm32f10x_fsmc.o(.text)
    FSMC_ITConfig                            0x08003637   Thumb Code   128  stm32f10x_fsmc.o(.text)
    FSMC_GetFlagStatus                       0x080036b7   Thumb Code    54  stm32f10x_fsmc.o(.text)
    FSMC_ClearFlag                           0x080036ed   Thumb Code    62  stm32f10x_fsmc.o(.text)
    FSMC_GetITStatus                         0x0800372b   Thumb Code    64  stm32f10x_fsmc.o(.text)
    FSMC_ClearITPendingBit                   0x0800376b   Thumb Code    68  stm32f10x_fsmc.o(.text)
    ADC_DeInit                               0x080037b9   Thumb Code    78  stm32f10x_adc.o(.text)
    ADC_Init                                 0x08003807   Thumb Code    70  stm32f10x_adc.o(.text)
    ADC_StructInit                           0x0800384d   Thumb Code    18  stm32f10x_adc.o(.text)
    ADC_Cmd                                  0x0800385f   Thumb Code    22  stm32f10x_adc.o(.text)
    ADC_DMACmd                               0x08003875   Thumb Code    22  stm32f10x_adc.o(.text)
    ADC_ITConfig                             0x0800388b   Thumb Code    24  stm32f10x_adc.o(.text)
    ADC_ResetCalibration                     0x080038a3   Thumb Code    10  stm32f10x_adc.o(.text)
    ADC_GetResetCalibrationStatus            0x080038ad   Thumb Code    20  stm32f10x_adc.o(.text)
    ADC_StartCalibration                     0x080038c1   Thumb Code    10  stm32f10x_adc.o(.text)
    ADC_GetCalibrationStatus                 0x080038cb   Thumb Code    20  stm32f10x_adc.o(.text)
    ADC_SoftwareStartConvCmd                 0x080038df   Thumb Code    22  stm32f10x_adc.o(.text)
    ADC_GetSoftwareStartConvStatus           0x080038f5   Thumb Code    20  stm32f10x_adc.o(.text)
    ADC_DiscModeChannelCountConfig           0x08003909   Thumb Code    24  stm32f10x_adc.o(.text)
    ADC_DiscModeCmd                          0x08003921   Thumb Code    22  stm32f10x_adc.o(.text)
    ADC_RegularChannelConfig                 0x08003937   Thumb Code   184  stm32f10x_adc.o(.text)
    ADC_ExternalTrigConvCmd                  0x080039ef   Thumb Code    22  stm32f10x_adc.o(.text)
    ADC_GetConversionValue                   0x08003a05   Thumb Code     8  stm32f10x_adc.o(.text)
    ADC_GetDualModeConversionValue           0x08003a0d   Thumb Code     8  stm32f10x_adc.o(.text)
    ADC_AutoInjectedConvCmd                  0x08003a15   Thumb Code    22  stm32f10x_adc.o(.text)
    ADC_InjectedDiscModeCmd                  0x08003a2b   Thumb Code    22  stm32f10x_adc.o(.text)
    ADC_ExternalTrigInjectedConvConfig       0x08003a41   Thumb Code    16  stm32f10x_adc.o(.text)
    ADC_ExternalTrigInjectedConvCmd          0x08003a51   Thumb Code    22  stm32f10x_adc.o(.text)
    ADC_SoftwareStartInjectedConvCmd         0x08003a67   Thumb Code    22  stm32f10x_adc.o(.text)
    ADC_GetSoftwareStartInjectedConvCmdStatus 0x08003a7d   Thumb Code    20  stm32f10x_adc.o(.text)
    ADC_InjectedChannelConfig                0x08003a91   Thumb Code   130  stm32f10x_adc.o(.text)
    ADC_InjectedSequencerLengthConfig        0x08003b13   Thumb Code    24  stm32f10x_adc.o(.text)
    ADC_SetInjectedOffset                    0x08003b2b   Thumb Code    20  stm32f10x_adc.o(.text)
    ADC_GetInjectedConversionValue           0x08003b3f   Thumb Code    28  stm32f10x_adc.o(.text)
    ADC_AnalogWatchdogCmd                    0x08003b5b   Thumb Code    16  stm32f10x_adc.o(.text)
    ADC_AnalogWatchdogThresholdsConfig       0x08003b6b   Thumb Code     6  stm32f10x_adc.o(.text)
    ADC_AnalogWatchdogSingleChannelConfig    0x08003b71   Thumb Code    16  stm32f10x_adc.o(.text)
    ADC_TempSensorVrefintCmd                 0x08003b81   Thumb Code    64  stm32f10x_adc.o(.text)
    ADC_GetFlagStatus                        0x08003bc1   Thumb Code    18  stm32f10x_adc.o(.text)
    ADC_ClearFlag                            0x08003bd3   Thumb Code     6  stm32f10x_adc.o(.text)
    ADC_GetITStatus                          0x08003bd9   Thumb Code    36  stm32f10x_adc.o(.text)
    ADC_ClearITPendingBit                    0x08003bfd   Thumb Code    10  stm32f10x_adc.o(.text)
    DMA_DeInit                               0x08003c09   Thumb Code   324  stm32f10x_dma.o(.text)
    DMA_Init                                 0x08003d4d   Thumb Code    60  stm32f10x_dma.o(.text)
    DMA_StructInit                           0x08003d89   Thumb Code    26  stm32f10x_dma.o(.text)
    DMA_Cmd                                  0x08003da3   Thumb Code    24  stm32f10x_dma.o(.text)
    DMA_ITConfig                             0x08003dbb   Thumb Code    18  stm32f10x_dma.o(.text)
    DMA_SetCurrDataCounter                   0x08003dcd   Thumb Code     4  stm32f10x_dma.o(.text)
    DMA_GetCurrDataCounter                   0x08003dd1   Thumb Code     8  stm32f10x_dma.o(.text)
    DMA_GetFlagStatus                        0x08003dd9   Thumb Code    40  stm32f10x_dma.o(.text)
    DMA_ClearFlag                            0x08003e01   Thumb Code    22  stm32f10x_dma.o(.text)
    DMA_GetITStatus                          0x08003e17   Thumb Code    40  stm32f10x_dma.o(.text)
    DMA_ClearITPendingBit                    0x08003e3f   Thumb Code    22  stm32f10x_dma.o(.text)
    led_init                                 0x08003e5d   Thumb Code    50  led.o(.text)
    led_run                                  0x08003e8f   Thumb Code   104  led.o(.text)
    GUI_Dot                                  0x08003f01   Thumb Code    28  gui.o(.text)
    GUI_Line                                 0x08003f1d   Thumb Code   172  gui.o(.text)
    LCD_DrawRectangleex                      0x08003fc9   Thumb Code    74  gui.o(.text)
    LCD_Draw_Point                           0x08004013   Thumb Code    20  gui.o(.text)
    Test_Show_CH_Font16                      0x08004027   Thumb Code   146  gui.o(.text)
    Test_Show_CH_Font24                      0x080040b9   Thumb Code   188  gui.o(.text)
    TEST_FONT                                0x08004175   Thumb Code    62  gui.o(.text)
    GUI_Box                                  0x080041b3   Thumb Code    92  gui.o(.text)
    GUI_DrowSign                             0x0800420f   Thumb Code   136  gui.o(.text)
    GUI_Show12ASCII                          0x08004297   Thumb Code   144  gui.o(.text)
    time2_init                               0x08004335   Thumb Code    62  tim.o(.text)
    time3_init                               0x08004373   Thumb Code    66  tim.o(.text)
    time1_init                               0x080043b5   Thumb Code    86  tim.o(.text)
    time_init                                0x0800440b   Thumb Code    16  tim.o(.text)
    time_enable                              0x0800441b   Thumb Code    20  tim.o(.text)
    DMA1_Init                                0x08004439   Thumb Code    78  adc.o(.text)
    AD_Init                                  0x08004487   Thumb Code    72  adc.o(.text)
    ADC1_Init                                0x080044cf   Thumb Code    76  adc.o(.text)
    ADC_Get_Value                            0x0800451b   Thumb Code   246  adc.o(.text)
    ADC_Get_Vpp                              0x08004611   Thumb Code   112  adc.o(.text)
    TFTLCD_GPIO_Init                         0x080046b5   Thumb Code    98  tftlcd.o(.text)
    TFTLCD_FSMC_Init                         0x08004717   Thumb Code   126  tftlcd.o(.text)
    LCD_WriteCmd                             0x08004795   Thumb Code     6  tftlcd.o(.text)
    LCD_WriteData                            0x0800479b   Thumb Code     8  tftlcd.o(.text)
    LCD_WriteCmdData                         0x080047a3   Thumb Code    20  tftlcd.o(.text)
    LCD_WriteData_Color                      0x080047b7   Thumb Code     8  tftlcd.o(.text)
    LCD_ReadData                             0x080047bf   Thumb Code     8  tftlcd.o(.text)
    LCD_Display_Dir                          0x080047c7   Thumb Code    70  tftlcd.o(.text)
    LCD_Set_Window                           0x0800480d   Thumb Code   166  tftlcd.o(.text)
    LCD_Clear                                0x080048b3   Thumb Code    68  tftlcd.o(.text)
    TFTLCD_Init                              0x080048f7   Thumb Code   722  tftlcd.o(.text)
    LCD_Fill                                 0x08004bc9   Thumb Code    92  tftlcd.o(.text)
    LCD_DrawPoint                            0x08004c25   Thumb Code    28  tftlcd.o(.text)
    LCD_DrawFRONT_COLOR                      0x08004c41   Thumb Code    28  tftlcd.o(.text)
    LCD_ReadPoint                            0x08004c5d   Thumb Code    94  tftlcd.o(.text)
    LCD_DrawLine                             0x08004cbb   Thumb Code   176  tftlcd.o(.text)
    LCD_DrawLine_Color                       0x08004d6b   Thumb Code   172  tftlcd.o(.text)
    LCD_DrowSign                             0x08004e17   Thumb Code   132  tftlcd.o(.text)
    LCD_DrawRectangle                        0x08004e9b   Thumb Code    60  tftlcd.o(.text)
    LCD_Draw_Circle                          0x08004ed7   Thumb Code   152  tftlcd.o(.text)
    LCD_ShowChar                             0x08004f6f   Thumb Code   292  tftlcd.o(.text)
    LCD_Pow                                  0x08005093   Thumb Code    22  tftlcd.o(.text)
    LCD_ShowNum                              0x080050a9   Thumb Code   148  tftlcd.o(.text)
    LCD_ShowxNum                             0x0800513d   Thumb Code   190  tftlcd.o(.text)
    LCD_ShowString                           0x080051fb   Thumb Code   102  tftlcd.o(.text)
    LCD_ShowFontHZ                           0x08005261   Thumb Code   220  tftlcd.o(.text)
    LCD_ShowPicture                          0x0800533d   Thumb Code    92  tftlcd.o(.text)
    __aeabi_dadd                             0x080053a9   Thumb Code   322  dadd.o(.text)
    __aeabi_dsub                             0x080054eb   Thumb Code     6  dadd.o(.text)
    __aeabi_drsub                            0x080054f1   Thumb Code     6  dadd.o(.text)
    __aeabi_dmul                             0x080054f7   Thumb Code   228  dmul.o(.text)
    __aeabi_ddiv                             0x080055db   Thumb Code   222  ddiv.o(.text)
    __aeabi_i2f                              0x080056b9   Thumb Code    18  fflti.o(.text)
    __aeabi_ui2f                             0x080056cb   Thumb Code    10  ffltui.o(.text)
    __aeabi_ui2d                             0x080056d5   Thumb Code    26  dfltui.o(.text)
    __aeabi_f2uiz                            0x080056ef   Thumb Code    40  ffixui.o(.text)
    __aeabi_d2uiz                            0x08005717   Thumb Code    50  dfixui.o(.text)
    __aeabi_f2d                              0x08005749   Thumb Code    38  f2d.o(.text)
    __aeabi_d2f                              0x0800576f   Thumb Code    56  d2f.o(.text)
    __aeabi_cfcmpeq                          0x080057a9   Thumb Code     0  cfcmple.o(.text)
    __aeabi_cfcmple                          0x080057a9   Thumb Code    20  cfcmple.o(.text)
    __aeabi_cfrcmple                         0x080057bd   Thumb Code    20  cfrcmple.o(.text)
    __aeabi_uldivmod                         0x080057d1   Thumb Code    98  uldiv.o(.text)
    __aeabi_llsl                             0x08005833   Thumb Code    30  llshl.o(.text)
    _ll_shift_l                              0x08005833   Thumb Code     0  llshl.o(.text)
    __aeabi_llsr                             0x08005851   Thumb Code    32  llushr.o(.text)
    _ll_ushift_r                             0x08005851   Thumb Code     0  llushr.o(.text)
    __aeabi_lasr                             0x08005871   Thumb Code    36  llsshr.o(.text)
    _ll_sshift_r                             0x08005871   Thumb Code     0  llsshr.o(.text)
    __I$use$fp                               0x08005895   Thumb Code     0  iusefp.o(.text)
    _float_round                             0x08005895   Thumb Code    18  fepilogue.o(.text)
    _float_epilogue                          0x080058a7   Thumb Code    92  fepilogue.o(.text)
    _double_round                            0x08005903   Thumb Code    30  depilogue.o(.text)
    _double_epilogue                         0x08005921   Thumb Code   156  depilogue.o(.text)
    __scatterload                            0x080059bd   Thumb Code    28  init.o(.text)
    __scatterload_rt2                        0x080059bd   Thumb Code     0  init.o(.text)
    __0printf$5                              0x080059e1   Thumb Code    22  printf5.o(i.__0printf$5)
    __1printf$5                              0x080059e1   Thumb Code     0  printf5.o(i.__0printf$5)
    __2printf                                0x080059e1   Thumb Code     0  printf5.o(i.__0printf$5)
    __scatterload_copy                       0x08005a01   Thumb Code    14  handlers.o(i.__scatterload_copy)
    __scatterload_null                       0x08005a0f   Thumb Code     2  handlers.o(i.__scatterload_null)
    __scatterload_zeroinit                   0x08005a11   Thumb Code    14  handlers.o(i.__scatterload_zeroinit)
    ASCII8x16                                0x08005ce0   Data        1536  gui.o(.constdata)
    tfont16                                  0x080062e0   Data         480  gui.o(.constdata)
    tfont24                                  0x080064c0   Data         360  gui.o(.constdata)
    ascii_1206                               0x08006628   Data        1140  tftlcd.o(.constdata)
    ascii_1608                               0x08006a9c   Data        1520  tftlcd.o(.constdata)
    ascii_2412                               0x0800708c   Data        3420  tftlcd.o(.constdata)
    ascii_3216                               0x08007de8   Data       12160  tftlcd.o(.constdata)
    CnChar32x29                              0x0800ad68   Data         472  tftlcd.o(.constdata)
    Region$$Table$$Base                      0x0800af40   Number         0  anon$$obj.o(Region$$Table)
    Region$$Table$$Limit                     0x0800af60   Number         0  anon$$obj.o(Region$$Table)
    j                                        0x20000000   Data           2  main.o(.data)
    temp                                     0x20000004   Data           4  main.o(.data)
    temp1                                    0x20000008   Data           4  main.o(.data)
    frequency_flag                           0x2000000c   Data           1  stm32f10x_it.o(.data)
    shao_miao_shu_du                         0x20000010   Data           4  stm32f10x_it.o(.data)
    num_shao_miao                            0x20000014   Data           1  stm32f10x_it.o(.data)
    mode                                     0x20000015   Data           1  stm32f10x_it.o(.data)
    num_fu_du                                0x20000016   Data           1  stm32f10x_it.o(.data)
    ad_flag                                  0x20000017   Data           1  stm32f10x_it.o(.data)
    gao_pin_palus                            0x20000018   Data           4  stm32f10x_it.o(.data)
    vcc_div                                  0x2000001c   Data           2  stm32f10x_it.o(.data)
    vpp                                      0x2000001e   Data           2  stm32f10x_it.o(.data)
    SystemCoreClock                          0x20000020   Data           4  system_stm32f10x.o(.data)
    AHBPrescTable                            0x20000024   Data          16  system_stm32f10x.o(.data)
    count                                    0x20000050   Data           4  tim.o(.data)
    frequency                                0x20000054   Data           4  tim.o(.data)
    index                                    0x20000058   Data           2  adc.o(.data)
    index1                                   0x2000005a   Data           2  adc.o(.data)
    FRONT_COLOR                              0x2000005c   Data           2  tftlcd.o(.data)
    BACK_COLOR                               0x2000005e   Data           2  tftlcd.o(.data)
    tftlcd_data                              0x20000060   Data           8  tftlcd.o(.data)
    __stdout                                 0x20000068   Data           4  stdout.o(.data)
    a                                        0x2000006c   Data        1280  adc.o(.bss)
    __initial_sp                             0x20000970   Data           0  startup_stm32f10x_hd.o(STACK)



==============================================================================

Memory Map of the image

  Image Entry point : 0x08000131

  Load Region LR_IROM1 (Base: 0x08000000, Size: 0x0000afcc, Max: 0x00080000, ABSOLUTE)

    Execution Region ER_IROM1 (Exec base: 0x08000000, Load base: 0x08000000, Size: 0x0000af60, Max: 0x00080000, ABSOLUTE)

    Exec Addr    Load Addr    Size         Type   Attr      Idx    E Section Name        Object

    0x08000000   0x08000000   0x00000130   Data   RO          265    RESET               startup_stm32f10x_hd.o
    0x08000130   0x08000130   0x00000000   Code   RO          621  * .ARM.Collect$$$$00000000  mc_w.l(entry.o)
    0x08000130   0x08000130   0x00000004   Code   RO          909    .ARM.Collect$$$$00000001  mc_w.l(entry2.o)
    0x08000134   0x08000134   0x00000004   Code   RO          912    .ARM.Collect$$$$00000004  mc_w.l(entry5.o)
    0x08000138   0x08000138   0x00000000   Code   RO          914    .ARM.Collect$$$$00000008  mc_w.l(entry7b.o)
    0x08000138   0x08000138   0x00000000   Code   RO          916    .ARM.Collect$$$$0000000A  mc_w.l(entry8b.o)
    0x08000138   0x08000138   0x00000008   Code   RO          917    .ARM.Collect$$$$0000000B  mc_w.l(entry9a.o)
    0x08000140   0x08000140   0x00000000   Code   RO          919    .ARM.Collect$$$$0000000D  mc_w.l(entry10a.o)
    0x08000140   0x08000140   0x00000000   Code   RO          921    .ARM.Collect$$$$0000000F  mc_w.l(entry11a.o)
    0x08000140   0x08000140   0x00000004   Code   RO          910    .ARM.Collect$$$$00002712  mc_w.l(entry2.o)
    0x08000144   0x08000144   0x000004e4   Code   RO            1    .text               main.o
    0x08000628   0x08000628   0x00000c8c   Code   RO          142    .text               stm32f10x_it.o
    0x080012b4   0x080012b4   0x000001e0   Code   RO          198    .text               system_stm32f10x.o
    0x08001494   0x08001494   0x000000cc   Code   RO          227    .text               systick.o
    0x08001560   0x08001560   0x0000010c   Code   RO          241    .text               usart.o
    0x0800166c   0x0800166c   0x00000024   Code   RO          266    .text               startup_stm32f10x_hd.o
    0x08001690   0x08001690   0x000000dc   Code   RO          270    .text               misc.o
    0x0800176c   0x0800176c   0x0000035c   Code   RO          282    .text               stm32f10x_gpio.o
    0x08001ac8   0x08001ac8   0x000003a4   Code   RO          294    .text               stm32f10x_rcc.o
    0x08001e6c   0x08001e6c   0x00000408   Code   RO          308    .text               stm32f10x_usart.o
    0x08002274   0x08002274   0x0000011c   Code   RO          320    .text               stm32f10x_exti.o
    0x08002390   0x08002390   0x00000e1a   Code   RO          356    .text               stm32f10x_tim.o
    0x080031aa   0x080031aa   0x00000002   PAD
    0x080031ac   0x080031ac   0x0000060c   Code   RO          368    .text               stm32f10x_fsmc.o
    0x080037b8   0x080037b8   0x0000044e   Code   RO          416    .text               stm32f10x_adc.o
    0x08003c06   0x08003c06   0x00000002   PAD
    0x08003c08   0x08003c08   0x00000254   Code   RO          440    .text               stm32f10x_dma.o
    0x08003e5c   0x08003e5c   0x000000a4   Code   RO          500    .text               led.o
    0x08003f00   0x08003f00   0x00000434   Code   RO          513    .text               gui.o
    0x08004334   0x08004334   0x00000104   Code   RO          547    .text               tim.o
    0x08004438   0x08004438   0x0000027c   Code   RO          565    .text               adc.o
    0x080046b4   0x080046b4   0x00000cf4   Code   RO          592    .text               tftlcd.o
    0x080053a8   0x080053a8   0x0000014e   Code   RO          885    .text               mf_w.l(dadd.o)
    0x080054f6   0x080054f6   0x000000e4   Code   RO          887    .text               mf_w.l(dmul.o)
    0x080055da   0x080055da   0x000000de   Code   RO          889    .text               mf_w.l(ddiv.o)
    0x080056b8   0x080056b8   0x00000012   Code   RO          891    .text               mf_w.l(fflti.o)
    0x080056ca   0x080056ca   0x0000000a   Code   RO          893    .text               mf_w.l(ffltui.o)
    0x080056d4   0x080056d4   0x0000001a   Code   RO          895    .text               mf_w.l(dfltui.o)
    0x080056ee   0x080056ee   0x00000028   Code   RO          897    .text               mf_w.l(ffixui.o)
    0x08005716   0x08005716   0x00000032   Code   RO          899    .text               mf_w.l(dfixui.o)
    0x08005748   0x08005748   0x00000026   Code   RO          901    .text               mf_w.l(f2d.o)
    0x0800576e   0x0800576e   0x00000038   Code   RO          903    .text               mf_w.l(d2f.o)
    0x080057a6   0x080057a6   0x00000002   PAD
    0x080057a8   0x080057a8   0x00000014   Code   RO          905    .text               mf_w.l(cfcmple.o)
    0x080057bc   0x080057bc   0x00000014   Code   RO          907    .text               mf_w.l(cfrcmple.o)
    0x080057d0   0x080057d0   0x00000062   Code   RO          926    .text               mc_w.l(uldiv.o)
    0x08005832   0x08005832   0x0000001e   Code   RO          928    .text               mc_w.l(llshl.o)
    0x08005850   0x08005850   0x00000020   Code   RO          930    .text               mc_w.l(llushr.o)
    0x08005870   0x08005870   0x00000024   Code   RO          932    .text               mc_w.l(llsshr.o)
    0x08005894   0x08005894   0x00000000   Code   RO          934    .text               mc_w.l(iusefp.o)
    0x08005894   0x08005894   0x0000006e   Code   RO          935    .text               mf_w.l(fepilogue.o)
    0x08005902   0x08005902   0x000000ba   Code   RO          937    .text               mf_w.l(depilogue.o)
    0x080059bc   0x080059bc   0x00000024   Code   RO          943    .text               mc_w.l(init.o)
    0x080059e0   0x080059e0   0x00000020   Code   RO          757    i.__0printf$5       mc_w.l(printf5.o)
    0x08005a00   0x08005a00   0x0000000e   Code   RO          947    i.__scatterload_copy  mc_w.l(handlers.o)
    0x08005a0e   0x08005a0e   0x00000002   Code   RO          948    i.__scatterload_null  mc_w.l(handlers.o)
    0x08005a10   0x08005a10   0x0000000e   Code   RO          949    i.__scatterload_zeroinit  mc_w.l(handlers.o)
    0x08005a1e   0x08005a1e   0x00000002   PAD
    0x08005a20   0x08005a20   0x000002c0   Code   RO          764    i._printf_core      mc_w.l(printf5.o)
    0x08005ce0   0x08005ce0   0x00000948   Data   RO          514    .constdata          gui.o
    0x08006628   0x08006628   0x00004918   Data   RO          593    .constdata          tftlcd.o
    0x0800af40   0x0800af40   0x00000020   Data   RO          945    Region$$Table       anon$$obj.o


    Execution Region RW_IRAM1 (Exec base: 0x20000000, Load base: 0x0800af60, Size: 0x00000970, Max: 0x00010000, ABSOLUTE)

    Exec Addr    Load Addr    Size         Type   Attr      Idx    E Section Name        Object

    0x20000000   0x0800af60   0x0000000c   Data   RW            2    .data               main.o
    0x2000000c   0x0800af6c   0x00000014   Data   RW          143    .data               stm32f10x_it.o
    0x20000020   0x0800af80   0x00000014   Data   RW          199    .data               system_stm32f10x.o
    0x20000034   0x0800af94   0x00000004   Data   RW          228    .data               systick.o
    0x20000038   0x0800af98   0x00000014   Data   RW          295    .data               stm32f10x_rcc.o
    0x2000004c   0x0800afac   0x00000001   Data   RW          501    .data               led.o
    0x2000004d   0x0800afad   0x00000003   PAD
    0x20000050   0x0800afb0   0x00000008   Data   RW          548    .data               tim.o
    0x20000058   0x0800afb8   0x00000004   Data   RW          567    .data               adc.o
    0x2000005c   0x0800afbc   0x0000000c   Data   RW          594    .data               tftlcd.o
    0x20000068   0x0800afc8   0x00000004   Data   RW          923    .data               mc_w.l(stdout.o)
    0x2000006c        -       0x00000500   Zero   RW          566    .bss                adc.o
    0x2000056c   0x0800afcc   0x00000004   PAD
    0x20000570        -       0x00000400   Zero   RW          263    STACK               startup_stm32f10x_hd.o


==============================================================================

Image component sizes


      Code (inc. data)   RO Data    RW Data    ZI Data      Debug   Object Name

       636         52          0          4       1280       2233   adc.o
      1076         14       2376          0          0       5421   gui.o
       164         10          0          1          0        747   led.o
      1252         60          0         12          0     285287   main.o
       220         22          0          0          0       1881   misc.o
        36          8        304          0       1024        808   startup_stm32f10x_hd.o
      1102         26          0          0          0      10913   stm32f10x_adc.o
       596          8          0          0          0       4410   stm32f10x_dma.o
       284         10          0          0          0       2311   stm32f10x_exti.o
      1548         18          0          0          0       5427   stm32f10x_fsmc.o
       860         38          0          0          0       5725   stm32f10x_gpio.o
      3212        260          0         20          0     210573   stm32f10x_it.o
       932         36          0         20          0       8936   stm32f10x_rcc.o
      3610         88          0          0          0      22208   stm32f10x_tim.o
      1032         22          0          0          0       8452   stm32f10x_usart.o
         0          0          0          0          0         32   system.o
       480         38          0         20          0       1863   system_stm32f10x.o
       204          8          0          4          0       1129   systick.o
      3316         74      18712         12          0      11947   tftlcd.o
       260         10          0          8          0       1487   tim.o
       268          8          0          0          0       1098   usart.o

    ----------------------------------------------------------------------
     21092        810      21424        104       2308     592888   Object Totals
         0          0         32          0          0          0   (incl. Generated)
         4          0          0          3          4          0   (incl. Padding)

    ----------------------------------------------------------------------

      Code (inc. data)   RO Data    RW Data    ZI Data      Debug   Library Member Name

         0          0          0          0          0          0   entry.o
         0          0          0          0          0          0   entry10a.o
         0          0          0          0          0          0   entry11a.o
         8          4          0          0          0          0   entry2.o
         4          0          0          0          0          0   entry5.o
         0          0          0          0          0          0   entry7b.o
         0          0          0          0          0          0   entry8b.o
         8          4          0          0          0          0   entry9a.o
        30          0          0          0          0          0   handlers.o
        36          8          0          0          0         68   init.o
         0          0          0          0          0          0   iusefp.o
        30          0          0          0          0         68   llshl.o
        36          0          0          0          0         68   llsshr.o
        32          0          0          0          0         68   llushr.o
       736         56          0          0          0        184   printf5.o
         0          0          0          4          0          0   stdout.o
        98          0          0          0          0         92   uldiv.o
        20          0          0          0          0         68   cfcmple.o
        20          0          0          0          0         68   cfrcmple.o
        56          0          0          0          0         88   d2f.o
       334          0          0          0          0        148   dadd.o
       222          0          0          0          0        100   ddiv.o
       186          0          0          0          0        176   depilogue.o
        50          0          0          0          0         76   dfixui.o
        26          0          0          0          0         76   dfltui.o
       228          0          0          0          0         96   dmul.o
        38          0          0          0          0         68   f2d.o
       110          0          0          0          0        168   fepilogue.o
        40          0          0          0          0         68   ffixui.o
        18          0          0          0          0         68   fflti.o
        10          0          0          0          0         68   ffltui.o

    ----------------------------------------------------------------------
      2380         72          0          4          0       1884   Library Totals
         4          0          0          0          0          0   (incl. Padding)

    ----------------------------------------------------------------------

      Code (inc. data)   RO Data    RW Data    ZI Data      Debug   Library Name

      1018         72          0          4          0        548   mc_w.l
      1358          0          0          0          0       1336   mf_w.l

    ----------------------------------------------------------------------
      2380         72          0          4          0       1884   Library Totals

    ----------------------------------------------------------------------

==============================================================================


      Code (inc. data)   RO Data    RW Data    ZI Data      Debug   

     23472        882      21424        108       2308     592012   Grand Totals
     23472        882      21424        108       2308     592012   ELF Image Totals
     23472        882      21424        108          0          0   ROM Totals

==============================================================================

    Total RO  Size (Code + RO Data)                44896 (  43.84kB)
    Total RW  Size (RW Data + ZI Data)              2416 (   2.36kB)
    Total ROM Size (Code + RO Data + RW Data)      45004 (  43.95kB)

==============================================================================

