<html>
<body>
<pre>
<h1>礦ision Build Log</h1>
<h2>Tool Versions:</h2>
IDE-Version: μVision V5.14.0.0
Copyright (C) 2015 ARM Ltd and ARM Germany GmbH. All rights reserved.
License Information: 11 Microsoft, Microsoft, LIC=4ZLLQ-NKQQM-BV71G-V1PCN-15VI9-CDTGZ
 
Tool Versions:
Toolchain:       MDK-ARM Professional  Version: 5.14.0.0
Toolchain Path:  J:\mdk5\ARM\ARMCC\Bin
C Compiler:      Armcc.exe V5.05 update 1 (build 106)
Assembler:       Armasm.exe V5.05 update 1 (build 106)
Linker/Locator:  ArmLink.exe V5.05 update 1 (build 106)
Library Manager: ArmAr.exe V5.05 update 1 (build 106)
Hex Converter:   FromElf.exe V5.05 update 1 (build 106)
CPU DLL:         SARMCM3.DLL V5.14.0.0
Dialog DLL:      DCM.DLL V1.13.1.0
Target DLL:      CMSIS_AGDI.dll V1.21.0.0
Dialog DLL:      TCM.DLL V1.14.4.0
 
<h2>Project:</h2>
G:\MRYZ\Altium designer设计项目\普中开发板模块设计\普中模块测试程序 - 副本\PZ-S1216F8-BD GPS+北斗定位模块\PZ-S1216F8-BD GPS北斗定位模块程序\PZ-S1216F8-BD GPS北斗定位模块--STM32F4程序\Template.uvprojx
Project File Date:  06/21/2017

<h2>Output:</h2>
Build target 'Target 1'
compiling main.c...
compiling stm32f4xx_it.c...
assembling startup_stm32f40_41xxx.s...
compiling stm32f4xx_gpio.c...
compiling stm32f4xx_rcc.c...
compiling stm32f4xx_syscfg.c...
compiling misc.c...
compiling stm32f4xx_exti.c...
compiling stm32f4xx_tim.c...
compiling stm32f4xx_usart.c...
compiling stm32f4xx_iwdg.c...
compiling stm32f4xx_wwdg.c...
compiling stm32f4xx_rng.c...
compiling stm32f4xx_pwr.c...
compiling stm32f4xx_adc.c...
compiling stm32f4xx_dac.c...
compiling stm32f4xx_dma.c...
compiling stm32f4xx_rtc.c...
compiling stm32f4xx_can.c...
compiling stm32f4xx_fsmc.c...
compiling system_stm32f4xx.c...
compiling system.c...
compiling SysTick.c...
compiling usart.c...
compiling led.c...
compiling time.c...
compiling key.c...
compiling tftlcd.c...
APP\tftlcd\tftlcd.c(338): warning:  #177-D: variable "i" was declared but never referenced
        u16 i;
APP\tftlcd\tftlcd.c(976): warning:  #111-D: statement is unreachable
        return r;                                               
APP\tftlcd\tftlcd.c: 2 warnings, 0 errors
compiling usart3.c...
compiling gps.c...
linking...
Program Size: Code=13052 RO-data=7628 RW-data=56 ZI-data=3048  
FromELF: creating hex file...
".\Obj\Template.axf" - 0 Error(s), 2 Warning(s).

<h2>Collection of Component include folders:</h2>
  G:\MRYZ\Altium designer设计项目\普中开发板模块设计\普中模块测试程序 - 副本\PZ-S1216F8-BD GPS+北斗定位模块\PZ-S1216F8-BD GPS北斗定位模块程序\PZ-S1216F8-BD GPS北斗定位模块--STM32F4程序\RTE
  J:\mdk5\ARM\PACK\Keil\STM32F4xx_DFP\1.0.8\Device\Include

<h2>Collection of Component Files used:</h2>
</pre>
</body>
</html>
