Component: ARM Compiler 5.05 update 1 (build 106) Tool: armlink [4d0efa]

==============================================================================

Section Cross References

    main.o(.text) refers to os_time.o(.text) for OSTimeDlyHMSM
    main.o(.text) refers to gui_touch_driveranalog.o(i.GUI_TOUCH_Exec) for GUI_TOUCH_Exec
    main.o(.text) refers to color_demo.o(.text) for STemWIN_Color_Test
    main.o(.text) refers to cpu_core.o(.text) for CPU_Init
    main.o(.text) refers to os_stat.o(.text) for OSStatTaskCPUUsageInit
    main.o(.text) refers to os_core.o(.text) for OSSchedRoundRobinCfg
    main.o(.text) refers to stm32f10x_rcc.o(.text) for RCC_AHBPeriphClockCmd
    main.o(.text) refers to gui_core.o(i.GUI_Init) for GUI_Init
    main.o(.text) refers to cpu_a.o(.text) for CPU_SR_Save
    main.o(.text) refers to os_task.o(.text) for OSTaskCreate
    main.o(.text) refers to systick.o(.text) for SysTick_Init
    main.o(.text) refers to misc.o(.text) for NVIC_PriorityGroupConfig
    main.o(.text) refers to usart.o(.text) for USART1_Init
    main.o(.text) refers to led.o(.text) for LED_Init
    main.o(.text) refers to tftlcd.o(.text) for TFTLCD_Init
    main.o(.text) refers to touch.o(.text) for TOUCH_Init
    main.o(.text) refers to sram.o(.text) for FSMC_SRAM_Init
    main.o(.text) refers to malloc.o(.text) for my_mem_init
    main.o(.text) refers to os_var.o(.data) for OSSchedLockNestingCtr
    main.o(.text) refers to main.o(.bss) for EMWINDEMO_TASK_STK
    startup_stm32f10x_hd.o(STACK) refers (Special) to heapauxi.o(.text) for __use_two_region_memory
    startup_stm32f10x_hd.o(HEAP) refers (Special) to heapauxi.o(.text) for __use_two_region_memory
    startup_stm32f10x_hd.o(RESET) refers (Special) to heapauxi.o(.text) for __use_two_region_memory
    startup_stm32f10x_hd.o(RESET) refers to startup_stm32f10x_hd.o(STACK) for __initial_sp
    startup_stm32f10x_hd.o(RESET) refers to startup_stm32f10x_hd.o(.text) for Reset_Handler
    startup_stm32f10x_hd.o(RESET) refers to stm32f10x_it.o(.text) for NMI_Handler
    startup_stm32f10x_hd.o(RESET) refers to os_cpu_a.o(CODE) for PendSV_Handler
    startup_stm32f10x_hd.o(RESET) refers to systick.o(.text) for SysTick_Handler
    startup_stm32f10x_hd.o(RESET) refers to time.o(.text) for TIM3_IRQHandler
    startup_stm32f10x_hd.o(RESET) refers to usart.o(.text) for USART1_IRQHandler
    startup_stm32f10x_hd.o(.text) refers (Special) to heapauxi.o(.text) for __use_two_region_memory
    startup_stm32f10x_hd.o(.text) refers to system_stm32f10x.o(.text) for SystemInit
    startup_stm32f10x_hd.o(.text) refers to __main.o(!!!main) for __main
    startup_stm32f10x_hd.o(.text) refers to startup_stm32f10x_hd.o(HEAP) for Heap_Mem
    startup_stm32f10x_hd.o(.text) refers to startup_stm32f10x_hd.o(STACK) for Stack_Mem
    system_stm32f10x.o(.text) refers to system_stm32f10x.o(.data) for SystemCoreClock
    stm32f10x_gpio.o(.text) refers to stm32f10x_rcc.o(.text) for RCC_APB2PeriphResetCmd
    stm32f10x_rcc.o(.text) refers to stm32f10x_rcc.o(.data) for APBAHBPrescTable
    stm32f10x_usart.o(.text) refers to stm32f10x_rcc.o(.text) for RCC_APB2PeriphResetCmd
    stm32f10x_spi.o(.text) refers to stm32f10x_rcc.o(.text) for RCC_APB2PeriphResetCmd
    stm32f10x_tim.o(.text) refers to stm32f10x_rcc.o(.text) for RCC_APB2PeriphResetCmd
    24cxx.o(.text) refers to iic.o(.text) for IIC_Init
    24cxx.o(.text) refers to systick.o(.text) for delay_ms
    flash.o(.text) refers to _printf_percent.o(.ARM.Collect$$_printf_percent$$00000000) for _printf_percent
    flash.o(.text) refers to _printf_x.o(.ARM.Collect$$_printf_percent$$0000000C) for _printf_x
    flash.o(.text) refers to _printf_hex_int.o(.text) for _printf_longlong_hex
    flash.o(.text) refers to spi.o(.text) for SPI2_ReadWriteByte
    flash.o(.text) refers to stm32f10x_rcc.o(.text) for RCC_APB2PeriphClockCmd
    flash.o(.text) refers to stm32f10x_gpio.o(.text) for GPIO_Init
    flash.o(.text) refers to noretval__2printf.o(.text) for __2printf
    flash.o(.text) refers to systick.o(.text) for delay_us
    flash.o(.text) refers to flash.o(.data) for EN25QXX_TYPE
    flash.o(.text) refers to flash.o(.bss) for EN25QXX_BUFFER
    iic.o(.text) refers to stm32f10x_rcc.o(.text) for RCC_APB2PeriphClockCmd
    iic.o(.text) refers to stm32f10x_gpio.o(.text) for GPIO_Init
    iic.o(.text) refers to systick.o(.text) for delay_us
    led.o(.text) refers to stm32f10x_rcc.o(.text) for RCC_APB2PeriphClockCmd
    led.o(.text) refers to stm32f10x_gpio.o(.text) for GPIO_Init
    spi.o(.text) refers to stm32f10x_spi.o(.text) for SPI_I2S_GetFlagStatus
    spi.o(.text) refers to stm32f10x_rcc.o(.text) for RCC_APB2PeriphClockCmd
    spi.o(.text) refers to stm32f10x_gpio.o(.text) for GPIO_Init
    sram.o(.text) refers to stm32f10x_rcc.o(.text) for RCC_APB2PeriphClockCmd
    sram.o(.text) refers to stm32f10x_gpio.o(.text) for GPIO_Init
    sram.o(.text) refers to stm32f10x_fsmc.o(.text) for FSMC_NORSRAMInit
[...]
    0x08010004   0x08010004   0x00000044   Code   RO         2450    i.GUI_MEMDEV_Clear  STemWin526_CM3_OS_Keil.lib(guidev_clear.o)
    0x08010048   0x08010048   0x0000000c   Code   RO         2102    i.GUI_MEMDEV_CopyToLCD  STemWin526_CM3_OS_Keil.lib(guidev.o)
    0x08010054   0x08010054   0x000000a8   Code   RO         2103    i.GUI_MEMDEV_CopyToLCDAt  STemWin526_CM3_OS_Keil.lib(guidev.o)
    0x080100fc   0x080100fc   0x00000080   Code   RO         2105    i.GUI_MEMDEV_CreateEx  STemWin526_CM3_OS_Keil.lib(guidev.o)
    0x0801017c   0x0801017c   0x00000048   Code   RO         2106    i.GUI_MEMDEV_Delete  STemWin526_CM3_OS_Keil.lib(guidev.o)
    0x080101c4   0x080101c4   0x0000012c   Code   RO         2122    i.GUI_MEMDEV_Draw   STemWin526_CM3_OS_Keil.lib(guidev_banding.o)
    0x080102f0   0x080102f0   0x00000032   Code   RO         2107    i.GUI_MEMDEV_GetBitsPerPixel  STemWin526_CM3_OS_Keil.lib(guidev.o)
    0x08010322   0x08010322   0x00000022   Code   RO         2129    i.GUI_MEMDEV_GetDataPtr  STemWin526_CM3_OS_Keil.lib(guidev_getdataptr.o)
    0x08010344   0x08010344   0x00000034   Code   RO         2462    i.GUI_MEMDEV_GetYSize  STemWin526_CM3_OS_Keil.lib(guidev_getysize.o)
    0x08010378   0x08010378   0x0000001e   Code   RO         2134    i.GUI_MEMDEV_Paint1Static  STemWin526_CM3_OS_Keil.lib(guidev_staticdevices.o)
    0x08010396   0x08010396   0x00000002   PAD
    0x08010398   0x08010398   0x00000038   Code   RO         2464    i.GUI_MEMDEV_ReduceYSize  STemWin526_CM3_OS_Keil.lib(guidev_reduceysize.o)
    0x080103d0   0x080103d0   0x00000050   Code   RO         2109    i.GUI_MEMDEV_Select  STemWin526_CM3_OS_Keil.lib(guidev.o)
    0x08010420   0x08010420   0x00000064   Code   RO         2466    i.GUI_MEMDEV_SetOrg  STemWin526_CM3_OS_Keil.lib(guidev_setorg.o)
    0x08010484   0x08010484   0x0000000c   Code   RO         2481    i.GUI_MEMDEV_Write  STemWin526_CM3_OS_Keil.lib(guidev_write.o)
    0x08010490   0x08010490   0x00000068   Code   RO         2482    i.GUI_MEMDEV_WriteAt  STemWin526_CM3_OS_Keil.lib(guidev_write.o)
    0x080104f8   0x080104f8   0x000000ec   Code   RO         2110    i.GUI_MEMDEV__CreateFixed  STemWin526_CM3_OS_Keil.lib(guidev.o)
    0x080105e4   0x080105e4   0x00000190   Code   RO         2668    i.GUI_MEMDEV__WriteToActiveAlpha  STemWin526_CM3_OS_Keil.lib(guidev_writetoactivealpha.o)
    0x08010774   0x08010774   0x00000030   Code   RO         2111    i.GUI_MEMDEV__WriteToActiveAt  STemWin526_CM3_OS_Keil.lib(guidev.o)
    0x080107a4   0x080107a4   0x0000003c   Code   RO         1865    i.GUI_MEMDEV__WriteToActiveOpaque  STemWin526_CM3_OS_Keil.lib(guidev_writetoactiveopaque.o)
    0x080107e0   0x080107e0   0x00000058   Code   RO         2012    i.GUI_MergeRect     STemWin526_CM3_OS_Keil.lib(gui_mergerect.o)
    0x08010838   0x08010838   0x0000001e   Code   RO         2014    i.GUI_MoveRect      STemWin526_CM3_OS_Keil.lib(gui_moverect.o)
    0x08010856   0x08010856   0x00000002   PAD
    0x08010858   0x08010858   0x00000044   Code   RO         2271    i.GUI_PID_GetState  STemWin526_CM3_OS_Keil.lib(gui_pid.o)
    0x0801089c   0x0801089c   0x00000018   Code   RO         2272    i.GUI_PID_IsEmpty   STemWin526_CM3_OS_Keil.lib(gui_pid.o)
    0x080108b4   0x080108b4   0x0000001c   Code   RO         2274    i.GUI_PID_StoreState  STemWin526_CM3_OS_Keil.lib(gui_pid.o)
    0x080108d0   0x080108d0   0x00000034   Code   RO         2019    i.GUI_PollKeyMsg    STemWin526_CM3_OS_Keil.lib(gui_onkey.o)
    0x08010904   0x08010904   0x00000060   Code   RO         2657    i.GUI_ReadRectEx    STemWin526_CM3_OS_Keil.lib(lcd_readrect.o)
    0x08010964   0x08010964   0x00000038   Code   RO         2036    i.GUI_RectsIntersect  STemWin526_CM3_OS_Keil.lib(gui_rectsintersect.o)
    0x0801099c   0x0801099c   0x00000010   Code   RO         2038    i.GUI_RestoreContext  STemWin526_CM3_OS_Keil.lib(gui_savecontext.o)
    0x080109ac   0x080109ac   0x00000022   Code   RO         2557    i.GUI_SPRITE_SetPosition  STemWin526_CM3_OS_Keil.lib(gui_sprite.o)
    0x080109ce   0x080109ce   0x00000002   PAD
    0x080109d0   0x080109d0   0x00000010   Code   RO         2039    i.GUI_SaveContext_W  STemWin526_CM3_OS_Keil.lib(gui_savecontext.o)
    0x080109e0   0x080109e0   0x0000001a   Code   RO         2288    i.GUI_SelectLCD     STemWin526_CM3_OS_Keil.lib(gui_selectlcd.o)
    0x080109fa   0x080109fa   0x00000002   PAD
    0x080109fc   0x080109fc   0x00000030   Code   RO         2046    i.GUI_SelectLayer   STemWin526_CM3_OS_Keil.lib(gui_selectlayer.o)
    0x08010a2c   0x08010a2c   0x00000016   Code   RO         1345    i.GUI_SetBkColor    STemWin526_CM3_OS_Keil.lib(gui_setcolor.o)
    0x08010a42   0x08010a42   0x00000016   Code   RO         1346    i.GUI_SetColor      STemWin526_CM3_OS_Keil.lib(gui_setcolor.o)
    0x08010a58   0x08010a58   0x0000000c   Code   RO         1281    i.GUI_SetDefaultFont  STemWin526_CM3_OS_Keil.lib(gui_core.o)
    0x08010a64   0x08010a64   0x00000018   Code   RO         2358    i.GUI_SetDrawMode   STemWin526_CM3_OS_Keil.lib(gui_setdrawmode.o)
    0x08010a7c   0x08010a7c   0x00000020   Code   RO         1349    i.GUI_SetFont       STemWin526_CM3_OS_Keil.lib(gui_setfont.o)
    0x08010a9c   0x08010a9c   0x00000020   Code   RO         2048    i.GUI_SetLayerPosEx  STemWin526_CM3_OS_Keil.lib(gui_selectlayer.o)
    0x08010abc   0x08010abc   0x0000001c   Code   RO         2360    i.GUI_SetLineStyle  STemWin526_CM3_OS_Keil.lib(gui_setlinestyle.o)
    0x08010ad8   0x08010ad8   0x00000040   Code   RO         1756    i.GUI_SetOrg        STemWin526_CM3_OS_Keil.lib(gui_setorg.o)
    0x08010b18   0x08010b18   0x0000001c   Code   RO         2265    i.GUI_SetPenSize    STemWin526_CM3_OS_Keil.lib(gui_pen.o)
    0x08010b34   0x08010b34   0x00000020   Code   RO         1758    i.GUI_SetTextAlign  STemWin526_CM3_OS_Keil.lib(gui_settextalign.o)
    0x08010b54   0x08010b54   0x00000020   Code   RO         1351    i.GUI_SetTextMode   STemWin526_CM3_OS_Keil.lib(gui_settextmode.o)
    0x08010b74   0x08010b74   0x00000010   Code   RO         2073    i.GUI_SignalEvent   STemWin526_CM3_OS_Keil.lib(gui_waitevent.o)
    0x08010b84   0x08010b84   0x00000010   Code   RO         2021    i.GUI_StoreKey      STemWin526_CM3_OS_Keil.lib(gui_onkey.o)
    0x08010b94   0x08010b94   0x00000026   Code   RO         2363    i.GUI_TIMER_Delete  STemWin526_CM3_OS_Keil.lib(gui_timer.o)
    0x08010bba   0x08010bba   0x00000032   Code   RO         2365    i.GUI_TIMER_GetFlag  STemWin526_CM3_OS_Keil.lib(gui_timer.o)
    0x08010bec   0x08010bec   0x00000028   Code   RO         2371    i.GUI_TIMER__GetFirstTimer  STemWin526_CM3_OS_Keil.lib(gui_timer.o)
    0x08010c14   0x08010c14   0x00000036   Code   RO         2373    i.GUI_TIMER__GetNextTimerLin  STemWin526_CM3_OS_Keil.lib(gui_timer.o)
    0x08010c4a   0x08010c4a   0x00000002   PAD
    0x08010c4c   0x08010c4c   0x000000ac   Code   RO         1357    i.GUI_TOUCH_Calibrate  STemWin526_CM3_OS_Keil.lib(gui_touch_driveranalog.o)
    0x08010cf8   0x08010cf8   0x00000148   Code   RO         1358    i.GUI_TOUCH_Exec    STemWin526_CM3_OS_Keil.lib(gui_touch_driveranalog.o)
    0x08010e40   0x08010e40   0x0000000c   Code   RO         1363    i.GUI_TOUCH_SetOrientation  STemWin526_CM3_OS_Keil.lib(gui_touch_driveranalog.o)
    0x08010e4c   0x08010e4c   0x00000024   Code   RO         2066    i.GUI_TOUCH_StoreState  STemWin526_CM3_OS_Keil.lib(gui_touch_storestate.o)
    0x08010e70   0x08010e70   0x0000002c   Code   RO         2400    i.GUI_TOUCH_StoreStateEx  STemWin526_CM3_OS_Keil.lib(gui_touch.o)
    0x08010e9c   0x08010e9c   0x0000002c   Code   RO         1776    i.GUI_TOUCH_StoreUnstable  STemWin526_CM3_OS_Keil.lib(gui_touch_storeunstable.o)
    0x08010ec8   0x08010ec8   0x0000002c   Code   RO         1784    i.GUI_UC__GetCharCodeInc  STemWin526_CM3_OS_Keil.lib(gui_uc.o)
    0x08010ef4   0x08010ef4   0x00000028   Code   RO         1786    i.GUI_UC__NumChars2NumBytes  STemWin526_CM3_OS_Keil.lib(gui_uc.o)
    0x08010f1c   0x08010f1c   0x00000028   Code   RO         1859    i.GUI_USAGE_AddRect  STemWin526_CM3_OS_Keil.lib(guidev_usage.o)
    0x08010f44   0x08010f44   0x00000074   Code   RO         2468    i.GUI_USAGE_BM_AddHLine  STemWin526_CM3_OS_Keil.lib(guidev_usagebm.o)
    0x08010fb8   0x08010fb8   0x0000002c   Code   RO         2469    i.GUI_USAGE_BM_AddPixel  STemWin526_CM3_OS_Keil.lib(guidev_usagebm.o)
    0x08010fe4   0x08010fe4   0x0000000e   Code   RO         2470    i.GUI_USAGE_BM_Clear  STemWin526_CM3_OS_Keil.lib(guidev_usagebm.o)
    0x08010ff2   0x08010ff2   0x00000002   PAD
    0x08010ff4   0x08010ff4   0x0000005c   Code   RO         2471    i.GUI_USAGE_BM_Create  STemWin526_CM3_OS_Keil.lib(guidev_usagebm.o)
    0x08011050   0x08011050   0x0000009a   Code   RO         2472    i.GUI_USAGE_BM_GetNextDirty  STemWin526_CM3_OS_Keil.lib(guidev_usagebm.o)
    0x080110ea   0x080110ea   0x0000002c   Code   RO         1860    i.GUI_USAGE_DecUseCnt  STemWin526_CM3_OS_Keil.lib(guidev_usage.o)
    0x08011116   0x08011116   0x00000002   PAD
    0x08011118   0x08011118   0x00000014   Code   RO         1765    i.GUI_Unlock        STemWin526_CM3_OS_Keil.lib(gui_task.o)
    0x0801112c   0x0801112c   0x00000016   Code   RO         2204    i.GUI__AllocAlphaBuffer  STemWin526_CM3_OS_Keil.lib(gui__alpha.o)
    0x08011142   0x08011142   0x00000002   PAD
    0x08011144   0x08011144   0x00000024   Code   RO         2291    i.GUI__AlphaSuppressMixing  STemWin526_CM3_OS_Keil.lib(gui_setalpha.o)
    0x08011168   0x08011168   0x00000124   Code   RO         1993    i.GUI__CompactPixelIndices  STemWin526_CM3_OS_Keil.lib(gui__compactpixelindices.o)
    0x0801128c   0x0801128c   0x00000164   Code   RO         1994    i.GUI__CompactPixelIndicesEx  STemWin526_CM3_OS_Keil.lib(gui__compactpixelindices.o)
    0x080113f0   0x080113f0   0x00000038   Code   RO         1283    i.GUI__Config       STemWin526_CM3_OS_Keil.lib(gui_core.o)
    0x08011428   0x08011428   0x000000b0   Code   RO         1699    i.GUI__DispLine     STemWin526_CM3_OS_Keil.lib(gui_charline.o)
    0x080114d8   0x080114d8   0x00000144   Code   RO         1335    i.GUI__DispStringInRect  STemWin526_CM3_OS_Keil.lib(gui_dispstringinrect.o)
    0x0801161c   0x0801161c   0x000001d0   Code   RO         2205    i.GUI__DoAlphaBlending  STemWin526_CM3_OS_Keil.lib(gui__alpha.o)
    0x080117ec   0x080117ec   0x00000142   Code   RO         2539    i.GUI__ExpandPixelIndicesEx  STemWin526_CM3_OS_Keil.lib(gui__expandpixelindices.o)
    0x0801192e   0x0801192e   0x00000002   PAD
    0x08011930   0x08011930   0x0000009c   Code   RO         2206    i.GUI__GetAlphaBuffer  STemWin526_CM3_OS_Keil.lib(gui__alpha.o)
    0x080119cc   0x080119cc   0x00000054   Code   RO         1700    i.GUI__GetLineDistX  STemWin526_CM3_OS_Keil.lib(gui_charline.o)
    0x08011a20   0x08011a20   0x00000038   Code   RO         1701    i.GUI__GetLineNumChars  STemWin526_CM3_OS_Keil.lib(gui_charline.o)
    0x08011a58   0x08011a58   0x0000001c   Code   RO         2259    i.GUI__GetOrg       STemWin526_CM3_OS_Keil.lib(gui_getorg.o)
    0x08011a74   0x08011a74   0x00000018   Code   RO         1702    i.GUI__GetOverlap   STemWin526_CM3_OS_Keil.lib(gui_charline.o)
    0x08011a8c   0x08011a8c   0x00000018   Code   RO         1679    i.GUI__HandleEOLine  STemWin526_CM3_OS_Keil.lib(gui__handleeoline.o)
    0x08011aa4   0x08011aa4   0x0000003a   Code   RO         1997    i.GUI__IntersectRect  STemWin526_CM3_OS_Keil.lib(gui__intersectrect.o)
    0x08011ade   0x08011ade   0x00000052   Code   RO         1681    i.GUI__IntersectRects  STemWin526_CM3_OS_Keil.lib(gui__intersectrects.o)
    0x08011b30   0x08011b30   0x00000010   Code   RO         2000    i.GUI__ManageCache  STemWin526_CM3_OS_Keil.lib(gui__managecache.o)
    0x08011b40   0x08011b40   0x000000c8   Code   RO         2001    i.GUI__ManageCacheEx  STemWin526_CM3_OS_Keil.lib(gui__managecache.o)
    0x08011c08   0x08011c08   0x00000060   Code   RO         2207    i.GUI__MixColors    STemWin526_CM3_OS_Keil.lib(gui__alpha.o)
    0x08011c68   0x08011c68   0x0000004e   Code   RO         2208    i.GUI__MixColorsBulk  STemWin526_CM3_OS_Keil.lib(gui__alpha.o)
    0x08011cb6   0x08011cb6   0x00000002   PAD
    0x08011cb8   0x08011cb8   0x00000010   Code   RO         1284    i.GUI__RegisterExit  STemWin526_CM3_OS_Keil.lib(gui_core.o)
    0x08011cc8   0x08011cc8   0x0000004c   Code   RO         1683    i.GUI__memset       STemWin526_CM3_OS_Keil.lib(gui__memset.o)
    0x08011d14   0x08011d14   0x0000003c   Code   RO         1685    i.GUI__memset16     STemWin526_CM3_OS_Keil.lib(gui__memset16.o)
    0x08011d50   0x08011d50   0x00000010   Code   RO         2641    i.LCD_AA_SetAndMask  STemWin526_CM3_OS_Keil.lib(lcd_aa.o)
    0x08011d60   0x08011d60   0x0000001c   Code   RO         1805    i.LCD_Color2Index   STemWin526_CM3_OS_Keil.lib(lcd.o)
    0x08011d7c   0x08011d7c   0x00000204   Code   RO         1806    i.LCD_DrawBitmap    STemWin526_CM3_OS_Keil.lib(lcd.o)
    0x08011f80   0x08011f80   0x00000058   Code   RO         1807    i.LCD_DrawHLine     STemWin526_CM3_OS_Keil.lib(lcd.o)
    0x08011fd8   0x08011fd8   0x00000068   Code   RO         1808    i.LCD_DrawPixel     STemWin526_CM3_OS_Keil.lib(lcd.o)
    0x08012040   0x08012040   0x00000054   Code   RO         1809    i.LCD_DrawVLine     STemWin526_CM3_OS_Keil.lib(lcd.o)
    0x08012094   0x08012094   0x00000058   Code   RO         1810    i.LCD_FillRect      STemWin526_CM3_OS_Keil.lib(lcd.o)
    0x080120ec   0x080120ec   0x00000006   Code   RO         1399    i.LCD_GetBitsPerPixelEx  STemWin526_CM3_OS_Keil.lib(lcd_getex.o)
    0x080120f2   0x080120f2   0x00000002   PAD
    0x080120f4   0x080120f4   0x00000010   Code   RO         2094    i.LCD_GetBkColorIndex  STemWin526_CM3_OS_Keil.lib(lcd_getcolorindex.o)
    0x08012104   0x08012104   0x00000010   Code   RO         2095    i.LCD_GetColorIndex  STemWin526_CM3_OS_Keil.lib(lcd_getcolorindex.o)
    0x08012114   0x08012114   0x00000010   Code   RO         1406    i.LCD_GetNumColors  STemWin526_CM3_OS_Keil.lib(lcd_getex.o)
    0x08012124   0x08012124   0x00000006   Code   RO         1407    i.LCD_GetNumColorsEx  STemWin526_CM3_OS_Keil.lib(lcd_getex.o)
    0x0801212a   0x0801212a   0x0000001a   Code   RO         2098    i.LCD_GetNumLayers  STemWin526_CM3_OS_Keil.lib(lcd_getnumdisplays.o)
    0x08012144   0x08012144   0x00000010   Code   RO         1408    i.LCD_GetPalette    STemWin526_CM3_OS_Keil.lib(lcd_getex.o)
    0x08012154   0x08012154   0x00000018   Code   RO         1409    i.LCD_GetPaletteEx  STemWin526_CM3_OS_Keil.lib(lcd_getex.o)
    0x0801216c   0x0801216c   0x0000002c   Code   RO         1474    i.LCD_GetPosEx      STemWin526_CM3_OS_Keil.lib(lcd_set.o)
    0x08012198   0x08012198   0x00000006   Code   RO         1413    i.LCD_GetVXSizeEx   STemWin526_CM3_OS_Keil.lib(lcd_getex.o)
    0x0801219e   0x0801219e   0x00000006   Code   RO         1414    i.LCD_GetVXSizeMax  STemWin526_CM3_OS_Keil.lib(lcd_getex.o)
    0x080121a4   0x080121a4   0x00000006   Code   RO         1416    i.LCD_GetVYSizeEx   STemWin526_CM3_OS_Keil.lib(lcd_getex.o)
    0x080121aa   0x080121aa   0x00000002   PAD
    0x080121ac   0x080121ac   0x00000010   Code   RO         1420    i.LCD_GetXSize      STemWin526_CM3_OS_Keil.lib(lcd_getex.o)
    0x080121bc   0x080121bc   0x00000006   Code   RO         1421    i.LCD_GetXSizeEx    STemWin526_CM3_OS_Keil.lib(lcd_getex.o)
    0x080121c2   0x080121c2   0x00000002   PAD
    0x080121c4   0x080121c4   0x00000010   Code   RO         1425    i.LCD_GetYSize      STemWin526_CM3_OS_Keil.lib(lcd_getex.o)
    0x080121d4   0x080121d4   0x00000006   Code   RO         1426    i.LCD_GetYSizeEx    STemWin526_CM3_OS_Keil.lib(lcd_getex.o)
    0x080121da   0x080121da   0x00000004   Code   RO         1844    i.LCD_GetpPalConvTableBM  STemWin526_CM3_OS_Keil.lib(lcd_color.o)
    0x080121de   0x080121de   0x00000002   PAD
    0x080121e0   0x080121e0   0x00000048   Code   RO         1845    i.LCD_GetpPalConvTableUncached  STemWin526_CM3_OS_Keil.lib(lcd_color.o)
    0x08012228   0x08012228   0x0000001c   Code   RO         1811    i.LCD_Index2Color   STemWin526_CM3_OS_Keil.lib(lcd.o)
    0x08012244   0x08012244   0x00000002   Code   RO         2635    i.LCD_Index2Color_888  STemWin526_CM3_OS_Keil.lib(guicc_888_index2color.o)
    0x08012246   0x08012246   0x00000002   Code   RO         2637    i.LCD_Index2Color_8888  STemWin526_CM3_OS_Keil.lib(guicc_8888_index2color.o)
    0x08012248   0x08012248   0x0000002c   Code   RO         1382    i.LCD_Index2Color_M565  STemWin526_CM3_OS_Keil.lib(guicc_m565.o)
    0x08012274   0x08012274   0x00000034   Code   RO         1846    i.LCD_InitColors    STemWin526_CM3_OS_Keil.lib(lcd_color.o)
    0x080122a8   0x080122a8   0x00000070   Code   RO         1847    i.LCD_InitLUT       STemWin526_CM3_OS_Keil.lib(lcd_color.o)
    0x08012318   0x08012318   0x00000198   Code   RO         2659    i.LCD_ReadRectEx    STemWin526_CM3_OS_Keil.lib(lcd_readrect.o)
    0x080124b0   0x080124b0   0x00000040   Code   RO         2666    i.LCD_SelectLCD     STemWin526_CM3_OS_Keil.lib(lcd_selectlcd.o)
    0x080124f0   0x080124f0   0x0000000c   Code   RO         1812    i.LCD_SetBkColor    STemWin526_CM3_OS_Keil.lib(lcd.o)
    0x080124fc   0x080124fc   0x00000018   Code   RO         1813    i.LCD_SetBkColorIndex  STemWin526_CM3_OS_Keil.lib(lcd.o)
    0x08012514   0x08012514   0x00000030   Code   RO         2100    i.LCD_SetClipRectEx  STemWin526_CM3_OS_Keil.lib(lcd_setcliprectex.o)
    0x08012544   0x08012544   0x0000001c   Code   RO         1814    i.LCD_SetClipRectMax  STemWin526_CM3_OS_Keil.lib(lcd.o)
    0x08012560   0x08012560   0x0000000c   Code   RO         1815    i.LCD_SetColor      STemWin526_CM3_OS_Keil.lib(lcd.o)
    0x0801256c   0x0801256c   0x00000018   Code   RO         1816    i.LCD_SetColorIndex  STemWin526_CM3_OS_Keil.lib(lcd.o)
    0x08012584   0x08012584   0x0000000c   Code   RO         1817    i.LCD_SetDrawMode   STemWin526_CM3_OS_Keil.lib(lcd.o)
    0x08012590   0x08012590   0x0000002c   Code   RO         1487    i.LCD_SetLUTEntryEx  STemWin526_CM3_OS_Keil.lib(lcd_set.o)
    0x080125bc   0x080125bc   0x0000002c   Code   RO         1489    i.LCD_SetPosEx      STemWin526_CM3_OS_Keil.lib(lcd_set.o)
    0x080125e8   0x080125e8   0x0000002c   Code   RO         1491    i.LCD_SetSizeEx     STemWin526_CM3_OS_Keil.lib(lcd_set.o)
    0x08012614   0x08012614   0x0000002c   Code   RO         1495    i.LCD_SetVSizeEx    STemWin526_CM3_OS_Keil.lib(lcd_set.o)
    0x08012640   0x08012640   0x00000024   Code   RO         2413    i.LCD_UpdateColorIndices  STemWin526_CM3_OS_Keil.lib(lcd_updatecolorindices.o)
    0x08012664   0x08012664   0x000001b4   Code   RO         1818    i.LCD__DrawBitmap_1bpp  STemWin526_CM3_OS_Keil.lib(lcd.o)
    0x08012818   0x08012818   0x0000005c   Code   RO         1430    i.LCD__GetBPP       STemWin526_CM3_OS_Keil.lib(lcd_getex.o)
    0x08012874   0x08012874   0x00000032   Code   RO         1431    i.LCD__GetBPPDevice  STemWin526_CM3_OS_Keil.lib(lcd_getex.o)
    0x080128a6   0x080128a6   0x00000002   PAD
    0x080128a8   0x080128a8   0x00000010   Code   RO         1876    i.WM_Activate       STemWin526_CM3_OS_Keil.lib(wm.o)
    0x080128b8   0x080128b8   0x00000088   Code   RO         2153    i.WM_BringToBottom  STemWin526_CM3_OS_Keil.lib(wm_bringtobottom.o)
    0x08012940   0x08012940   0x00000150   Code   RO         1878    i.WM_CreateWindowAsChild  STemWin526_CM3_OS_Keil.lib(wm.o)
    0x08012a90   0x08012a90   0x00000020   Code   RO         1879    i.WM_Deactivate     STemWin526_CM3_OS_Keil.lib(wm.o)
    0x08012ab0   0x08012ab0   0x00000046   Code   RO         1880    i.WM_DefaultProc    STemWin526_CM3_OS_Keil.lib(wm.o)
    0x08012af6   0x08012af6   0x0000002a   Code   RO         2174    i.WM_DeleteTimer    STemWin526_CM3_OS_Keil.lib(wm_timer.o)
    0x08012b20   0x08012b20   0x000000d0   Code   RO         1881    i.WM_DeleteWindow   STemWin526_CM3_OS_Keil.lib(wm.o)
    0x08012bf0   0x08012bf0   0x00000090   Code   RO         1882    i.WM_Exec           STemWin526_CM3_OS_Keil.lib(wm.o)
    0x08012c80   0x08012c80   0x0000002c   Code   RO         2159    i.WM_GetClientRect  STemWin526_CM3_OS_Keil.lib(wm_getclientrect.o)
    0x08012cac   0x08012cac   0x0000001a   Code   RO         2160    i.WM_GetClientRectEx  STemWin526_CM3_OS_Keil.lib(wm_getclientrect.o)
    0x08012cc6   0x08012cc6   0x00000002   PAD
    0x08012cc8   0x08012cc8   0x00000018   Code   RO         1989    i.WM_GetDesktopWindow  STemWin526_CM3_OS_Keil.lib(wm_getdesktopwindow.o)
    0x08012ce0   0x08012ce0   0x00000014   Code   RO         2672    i.WM_GetDesktopWindowEx  STemWin526_CM3_OS_Keil.lib(wm_getdesktopwindowex.o)
    0x08012cf4   0x08012cf4   0x0000001a   Code   RO         2165    i.WM_GetFirstChild  STemWin526_CM3_OS_Keil.lib(wm_getfirstchild.o)
    0x08012d0e   0x08012d0e   0x0000001a   Code   RO         2505    i.WM_GetParent      STemWin526_CM3_OS_Keil.lib(wm_getparent.o)
    0x08012d28   0x08012d28   0x00000020   Code   RO         2499    i.WM_GetWindowOrgX  STemWin526_CM3_OS_Keil.lib(wm_getorg.o)
    0x08012d48   0x08012d48   0x00000378   Code   RO         2185    i.WM_HandlePID      STemWin526_CM3_OS_Keil.lib(wm_touch.o)
    0x080130c0   0x080130c0   0x000000d4   Code   RO         1884    i.WM_Init           STemWin526_CM3_OS_Keil.lib(wm.o)
    0x08013194   0x08013194   0x00000080   Code   RO         1885    i.WM_InvalidateRect  STemWin526_CM3_OS_Keil.lib(wm.o)
    0x08013214   0x08013214   0x00000006   Code   RO         1886    i.WM_InvalidateWindow  STemWin526_CM3_OS_Keil.lib(wm.o)
    0x0801321a   0x0801321a   0x0000005e   Code   RO         1887    i.WM_InvalidateWindowAndDescsEx  STemWin526_CM3_OS_Keil.lib(wm.o)
    0x08013278   0x08013278   0x00000018   Code   RO         2511    i.WM_IsWindow       STemWin526_CM3_OS_Keil.lib(wm_iswindow.o)
    0x08013290   0x08013290   0x0000001e   Code   RO         2692    i.WM_MoveWindow     STemWin526_CM3_OS_Keil.lib(wm_move.o)
    0x080132ae   0x080132ae   0x00000010   Code   RO         2167    i.WM_NotifyParent   STemWin526_CM3_OS_Keil.lib(wm_notifyparent.o)
    0x080132be   0x080132be   0x00000002   PAD
    0x080132c0   0x080132c0   0x00000040   Code   RO         2513    i.WM_OnKey          STemWin526_CM3_OS_Keil.lib(wm_onkey.o)
    0x08013300   0x08013300   0x00000018   Code   RO         2516    i.WM_PID__SetPrevState  STemWin526_CM3_OS_Keil.lib(wm_pid__getprevstate.o)
    0x08013318   0x08013318   0x00000012   Code   RO         2530    i.WM_ReleaseCapture  STemWin526_CM3_OS_Keil.lib(wm_setcapture.o)
    0x0801332a   0x0801332a   0x000000f4   Code   RO         2674    i.WM_ResizeWindow   STemWin526_CM3_OS_Keil.lib(wm_resizewindow.o)
    0x0801341e   0x0801341e   0x0000001e   Code   RO         2520    i.WM_Screen2hWin    STemWin526_CM3_OS_Keil.lib(wm_screen2win.o)
    0x0801343c   0x0801343c   0x00000044   Code   RO         1888    i.WM_SelectWindow   STemWin526_CM3_OS_Keil.lib(wm.o)
    0x08013480   0x08013480   0x0000001a   Code   RO         2169    i.WM_SendMessageNoPara  STemWin526_CM3_OS_Keil.lib(wm_sendmessagenopara.o)
    0x0801349a   0x0801349a   0x00000026   Code   RO         2171    i.WM_SendToParent   STemWin526_CM3_OS_Keil.lib(wm_sendtoparent.o)
    0x080134c0   0x080134c0   0x00000014   Code   RO         1890    i.WM_SetDefault     STemWin526_CM3_OS_Keil.lib(wm.o)
    0x080134d4   0x080134d4   0x00000048   Code   RO         2536    i.WM_SetSize        STemWin526_CM3_OS_Keil.lib(wm_setsize.o)
    0x0801351c   0x0801351c   0x00000020   Code   RO         1991    i.WM_SetUserClipRect  STemWin526_CM3_OS_Keil.lib(wm_setusercliprect.o)
    0x0801353c   0x0801353c   0x00000048   Code   RO         1891    i.WM__ActivateClipRect  STemWin526_CM3_OS_Keil.lib(wm.o)
    0x08013584   0x08013584   0x00000010   Code   RO         2155    i.WM__AddCriticalHandle  STemWin526_CM3_OS_Keil.lib(wm_criticalhandle.o)
    0x08013594   0x08013594   0x00000010   Code   RO         1892    i.WM__Client2Screen  STemWin526_CM3_OS_Keil.lib(wm.o)
    0x080135a4   0x080135a4   0x0000004e   Code   RO         1893    i.WM__ClipAtParentBorders  STemWin526_CM3_OS_Keil.lib(wm.o)
    0x080135f2   0x080135f2   0x00000052   Code   RO         2177    i.WM__DeleteAssocTimer  STemWin526_CM3_OS_Keil.lib(wm_timer.o)
    0x08013644   0x08013644   0x00000028   Code   RO         1895    i.WM__DetachWindow  STemWin526_CM3_OS_Keil.lib(wm.o)
    0x0801366c   0x0801366c   0x00000020   Code   RO         2161    i.WM__GetClientRectEx  STemWin526_CM3_OS_Keil.lib(wm_getclientrect.o)
    0x0801368c   0x0801368c   0x00000018   Code   RO         1896    i.WM__GetClientRectWin  STemWin526_CM3_OS_Keil.lib(wm.o)
    0x080136a4   0x080136a4   0x00000012   Code   RO         2670    i.WM__GetFirstSibling  STemWin526_CM3_OS_Keil.lib(wm__getfirstsibling.o)
    0x080136b6   0x080136b6   0x00000002   PAD
    0x080136b8   0x080136b8   0x00000040   Code   RO         1897    i.WM__GetNextIVR    STemWin526_CM3_OS_Keil.lib(wm.o)
    0x080136f8   0x080136f8   0x00000024   Code   RO         2485    i.WM__GetPrevSibling  STemWin526_CM3_OS_Keil.lib(wm__getprevsibling.o)
    0x0801371c   0x0801371c   0x00000018   Code   RO         1898    i.WM__GetTopLevelLayer  STemWin526_CM3_OS_Keil.lib(wm.o)
    0x08013734   0x08013734   0x000000f0   Code   RO         1899    i.WM__InitIVRSearch  STemWin526_CM3_OS_Keil.lib(wm.o)
    0x08013824   0x08013824   0x000000a4   Code   RO         1900    i.WM__InsertWindowIntoList  STemWin526_CM3_OS_Keil.lib(wm.o)
    0x080138c8   0x080138c8   0x00000006   Code   RO         1901    i.WM__Invalidate1Abs  STemWin526_CM3_OS_Keil.lib(wm.o)
    0x080138ce   0x080138ce   0x00000002   PAD
    0x080138d0   0x080138d0   0x00000054   Code   RO         1902    i.WM__InvalidateDrawAndDescs  STemWin526_CM3_OS_Keil.lib(wm.o)
    0x08013924   0x08013924   0x0000002a   Code   RO         1903    i.WM__InvalidateParent  STemWin526_CM3_OS_Keil.lib(wm.o)
    0x0801394e   0x0801394e   0x00000076   Code   RO         1904    i.WM__InvalidateRect  STemWin526_CM3_OS_Keil.lib(wm.o)
    0x080139c4   0x080139c4   0x00000006   Code   RO         1905    i.WM__InvalidateRectEx  STemWin526_CM3_OS_Keil.lib(wm.o)
    0x080139ca   0x080139ca   0x00000002   PAD
    0x080139cc   0x080139cc   0x00000022   Code   RO         2487    i.WM__IsAncestor    STemWin526_CM3_OS_Keil.lib(wm__isancestor.o)
    0x080139ee   0x080139ee   0x00000016   Code   RO         2491    i.WM__IsEnabled     STemWin526_CM3_OS_Keil.lib(wm__isenabled.o)
    0x08013a04   0x08013a04   0x00000068   Code   RO         2186    i.WM__IsInModalArea  STemWin526_CM3_OS_Keil.lib(wm_touch.o)
    0x08013a6c   0x08013a6c   0x00000030   Code   RO         2522    i.WM__IsInWindow    STemWin526_CM3_OS_Keil.lib(wm_screen2win.o)
    0x08013a9c   0x08013a9c   0x00000024   Code   RO         1906    i.WM__IsWindow      STemWin526_CM3_OS_Keil.lib(wm.o)
    0x08013ac0   0x08013ac0   0x0000009a   Code   RO         2694    i.WM__MoveWindow    STemWin526_CM3_OS_Keil.lib(wm_move.o)
    0x08013b5a   0x08013b5a   0x00000002   PAD
    0x08013b5c   0x08013b5c   0x000000a0   Code   RO         1907    i.WM__Paint         STemWin526_CM3_OS_Keil.lib(wm.o)
    0x08013bfc   0x08013bfc   0x0000008c   Code   RO         1908    i.WM__Paint1        STemWin526_CM3_OS_Keil.lib(wm.o)
    0x08013c88   0x08013c88   0x00000078   Code   RO         1909    i.WM__PaintWinAndOverlays  STemWin526_CM3_OS_Keil.lib(wm.o)
    0x08013d00   0x08013d00   0x00000020   Code   RO         1910    i.WM__RectIsNZ      STemWin526_CM3_OS_Keil.lib(wm.o)
    0x08013d20   0x08013d20   0x0000002c   Code   RO         2532    i.WM__ReleaseCapture  STemWin526_CM3_OS_Keil.lib(wm_setcapture.o)
    0x08013d4c   0x08013d4c   0x0000002c   Code   RO         2156    i.WM__RemoveCriticalHandle  STemWin526_CM3_OS_Keil.lib(wm_criticalhandle.o)
    0x08013d78   0x08013d78   0x00000030   Code   RO         1911    i.WM__RemoveFromLinList  STemWin526_CM3_OS_Keil.lib(wm.o)
    0x08013da8   0x08013da8   0x00000040   Code   RO         1912    i.WM__RemoveWindowFromList  STemWin526_CM3_OS_Keil.lib(wm.o)
    0x08013de8   0x08013de8   0x00000014   Code   RO         1913    i.WM__SelectTopLevelLayer  STemWin526_CM3_OS_Keil.lib(wm.o)
    0x08013dfc   0x08013dfc   0x0000003c   Code   RO         2150    i.WM__SendMessage   STemWin526_CM3_OS_Keil.lib(wm__sendmessage.o)
    0x08013e38   0x08013e38   0x0000001c   Code   RO         2493    i.WM__SendMessageIfEnabled  STemWin526_CM3_OS_Keil.lib(wm__sendmessageifenabled.o)
    0x08013e54   0x08013e54   0x00000026   Code   RO         2495    i.WM__SendMessageNoPara  STemWin526_CM3_OS_Keil.lib(wm__sendmessagenopara.o)
    0x08013e7a   0x08013e7a   0x0000000e   Code   RO         1914    i.WM__SendMsgNoData  STemWin526_CM3_OS_Keil.lib(wm.o)
    0x08013e88   0x08013e88   0x0000003e   Code   RO         2187    i.WM__SendPIDMessage  STemWin526_CM3_OS_Keil.lib(wm_touch.o)
    0x08013ec6   0x08013ec6   0x00000036   Code   RO         2188    i.WM__SendTouchMessage  STemWin526_CM3_OS_Keil.lib(wm_touch.o)
    0x08013efc   0x08013efc   0x000000dc   Code   RO         2685    i.WM__UpdateChildPositions  STemWin526_CM3_OS_Keil.lib(wm__updatechildpositions.o)
    0x08013fd8   0x08013fd8   0x00000078   Code   RO         1229    i._AddFreeMemory    STemWin526_CM3_OS_Keil.lib(gui_alloc.o)
    0x08014050   0x08014050   0x000000bc   Code   RO         1230    i._Alloc            STemWin526_CM3_OS_Keil.lib(gui_alloc.o)
    0x0801410c   0x0801410c   0x00000004   Code   RO         1795    i._CalcSizeOfChar   STemWin526_CM3_OS_Keil.lib(gui_uc_encodenone.o)
    0x08014110   0x08014110   0x00000048   Code   RO         1383    i._Color2IndexBulk  STemWin526_CM3_OS_Keil.lib(guicc_m565.o)
    0x08014158   0x08014158   0x0000000e   Code   RO         2404    i._Color2IndexBulk  STemWin526_CM3_OS_Keil.lib(guicc_8888.o)
    0x08014166   0x08014166   0x00000002   PAD
    0x08014168   0x08014168   0x00000054   Code   RO         2085    i._Color2Index_0    STemWin526_CM3_OS_Keil.lib(guicc_0.o)
    0x080141bc   0x080141bc   0x00000002   Code   RO         2405    i._Color2Index_8888  STemWin526_CM3_OS_Keil.lib(guicc_8888.o)
    0x080141be   0x080141be   0x00000002   PAD
    0x080141c0   0x080141c0   0x00000028   Code   RO         1384    i._Color2Index_M565  STemWin526_CM3_OS_Keil.lib(guicc_m565.o)
    0x080141e8   0x080141e8   0x0000003e   Code   RO         1866    i._Convert16        STemWin526_CM3_OS_Keil.lib(guidev_writetoactiveopaque.o)
    0x08014226   0x08014226   0x0000003e   Code   RO         1867    i._Convert8         STemWin526_CM3_OS_Keil.lib(guidev_writetoactiveopaque.o)
    0x08014264   0x08014264   0x0000009a   Code   RO         2562    i._CreateBuffer     STemWin526_CM3_OS_Keil.lib(gui_sprite.o)
    0x080142fe   0x080142fe   0x00000002   PAD
    0x08014300   0x08014300   0x00000148   Code   RO         2138    i._CreateStaticDevice  STemWin526_CM3_OS_Keil.lib(guidev_staticdevices.o)
    0x08014448   0x08014448   0x00000014   Code   RO         2275    i._DecPointer       STemWin526_CM3_OS_Keil.lib(gui_pid.o)
    0x0801445c   0x0801445c   0x00000012   Code   RO         1915    i._DeleteAllChildren  STemWin526_CM3_OS_Keil.lib(wm.o)
    0x0801446e   0x0801446e   0x00000002   PAD
    0x08014470   0x08014470   0x00000020   Code   RO         1916    i._DesktopHandle2Index  STemWin526_CM3_OS_Keil.lib(wm.o)
    0x08014490   0x08014490   0x00000074   Code   RO         1703    i._DispLine         STemWin526_CM3_OS_Keil.lib(gui_charline.o)
    0x08014504   0x08014504   0x00000148   Code   RO         1640    i._DrawBitLine1BPP  STemWin526_CM3_OS_Keil.lib(guidev_16.o)
    0x0801464c   0x0801464c   0x0000011c   Code   RO         2415    i._DrawBitLine1BPP  STemWin526_CM3_OS_Keil.lib(guidev_32.o)
    0x08014768   0x08014768   0x000000e0   Code   RO         1641    i._DrawBitLine2BPP  STemWin526_CM3_OS_Keil.lib(guidev_16.o)
    0x08014848   0x08014848   0x000000e0   Code   RO         2416    i._DrawBitLine2BPP  STemWin526_CM3_OS_Keil.lib(guidev_32.o)
    0x08014928   0x08014928   0x00000094   Code   RO         2417    i._DrawBitLine32BPP_DDB  STemWin526_CM3_OS_Keil.lib(guidev_32.o)
    0x080149bc   0x080149bc   0x00000160   Code   RO         1642    i._DrawBitLine4BPP  STemWin526_CM3_OS_Keil.lib(guidev_16.o)
    0x08014b1c   0x08014b1c   0x00000158   Code   RO         2418    i._DrawBitLine4BPP  STemWin526_CM3_OS_Keil.lib(guidev_32.o)
    0x08014c74   0x08014c74   0x000002d8   Code   RO         1643    i._DrawBitmap       STemWin526_CM3_OS_Keil.lib(guidev_16.o)
    0x08014f4c   0x08014f4c   0x000002a4   Code   RO         2419    i._DrawBitmap       STemWin526_CM3_OS_Keil.lib(guidev_32.o)
    0x080151f0   0x080151f0   0x0000017e   Code   RO         1341    i._DrawGradient     STemWin526_CM3_OS_Keil.lib(gui_drawgradient.o)
    0x0801536e   0x0801536e   0x0000000a   Code   RO         1644    i._DrawHLine        STemWin526_CM3_OS_Keil.lib(guidev_16.o)
    0x08015378   0x08015378   0x0000000a   Code   RO         2420    i._DrawHLine        STemWin526_CM3_OS_Keil.lib(guidev_32.o)
    0x08015382   0x08015382   0x00000002   PAD
    0x08015384   0x08015384   0x0000005c   Code   RO         1917    i._DrawNext         STemWin526_CM3_OS_Keil.lib(wm.o)
    0x080153e0   0x080153e0   0x000000b8   Code   RO         1645    i._DrawVLine        STemWin526_CM3_OS_Keil.lib(guidev_16.o)
    0x08015498   0x08015498   0x000000ac   Code   RO         2421    i._DrawVLine        STemWin526_CM3_OS_Keil.lib(guidev_32.o)
    0x08015544   0x08015544   0x00000006   Code   RO         1796    i._Encode           STemWin526_CM3_OS_Keil.lib(gui_uc_encodenone.o)
    0x0801554a   0x0801554a   0x00000002   PAD
    0x0801554c   0x0801554c   0x00000098   Code   RO         1231    i._EnlargeBlocks    STemWin526_CM3_OS_Keil.lib(gui_alloc.o)
    0x080155e4   0x080155e4   0x00000078   Code   RO         1918    i._Exec1Input       STemWin526_CM3_OS_Keil.lib(wm.o)
    0x0801565c   0x0801565c   0x000000ac   Code   RO         1646    i._FillRect         STemWin526_CM3_OS_Keil.lib(guidev_16.o)
    0x08015708   0x08015708   0x000000a4   Code   RO         2422    i._FillRect         STemWin526_CM3_OS_Keil.lib(guidev_32.o)
    0x080157ac   0x080157ac   0x00000148   Code   RO         1919    i._FindNext_IVR     STemWin526_CM3_OS_Keil.lib(wm.o)
    0x080158f4   0x080158f4   0x0000007c   Code   RO         1920    i._Findx0           STemWin526_CM3_OS_Keil.lib(wm.o)
    0x08015970   0x08015970   0x00000072   Code   RO         1921    i._Findx1           STemWin526_CM3_OS_Keil.lib(wm.o)
    0x080159e2   0x080159e2   0x000000a6   Code   RO         1922    i._Findy1           STemWin526_CM3_OS_Keil.lib(wm.o)
    0x08015a88   0x08015a88   0x00000074   Code   RO         2568    i._FlushBuffer      STemWin526_CM3_OS_Keil.lib(gui_sprite.o)
    0x08015afc   0x08015afc   0x00000004   Code   RO         2473    i._GUI_USAGE_BM_Delete  STemWin526_CM3_OS_Keil.lib(guidev_usagebm.o)
    0x08015b00   0x08015b00   0x0000006c   Code   RO         2569    i._GetBkPixel       STemWin526_CM3_OS_Keil.lib(gui_sprite.o)
    0x08015b6c   0x08015b6c   0x00000004   Code   RO         1797    i._GetCharCode      STemWin526_CM3_OS_Keil.lib(gui_uc_encodenone.o)
    0x08015b70   0x08015b70   0x00000004   Code   RO         1798    i._GetCharSize      STemWin526_CM3_OS_Keil.lib(gui_uc_encodenone.o)
    0x08015b74   0x08015b74   0x00000010   Code   RO         1647    i._GetDevData       STemWin526_CM3_OS_Keil.lib(guidev_16.o)
    0x08015b84   0x08015b84   0x00000010   Code   RO         2423    i._GetDevData       STemWin526_CM3_OS_Keil.lib(guidev_32.o)
    0x08015b94   0x08015b94   0x00000010   Code   RO         1648    i._GetDevFunc       STemWin526_CM3_OS_Keil.lib(guidev_16.o)
    0x08015ba4   0x08015ba4   0x00000010   Code   RO         2424    i._GetDevFunc       STemWin526_CM3_OS_Keil.lib(guidev_32.o)
    0x08015bb4   0x08015bb4   0x0000001e   Code   RO         1432    i._GetDevProp       STemWin526_CM3_OS_Keil.lib(lcd_getex.o)
    0x08015bd2   0x08015bd2   0x00000008   Code   RO         1649    i._GetDevProp       STemWin526_CM3_OS_Keil.lib(guidev_16.o)
    0x08015bda   0x08015bda   0x0000000c   Code   RO         2425    i._GetDevProp       STemWin526_CM3_OS_Keil.lib(guidev_32.o)
    0x08015be6   0x08015be6   0x00000002   PAD
    0x08015be8   0x08015be8   0x00000040   Code   RO         2575    i._GetDeviceRect    STemWin526_CM3_OS_Keil.lib(gui_sprite.o)
    0x08015c28   0x08015c28   0x00000052   Code   RO         2086    i._GetIndexMask_0   STemWin526_CM3_OS_Keil.lib(guicc_0.o)
    0x08015c7a   0x08015c7a   0x00000006   Code   RO         2406    i._GetIndexMask_8888  STemWin526_CM3_OS_Keil.lib(guicc_8888.o)
    0x08015c80   0x08015c80   0x00000006   Code   RO         1385    i._GetIndexMask_M565  STemWin526_CM3_OS_Keil.lib(guicc_m565.o)
    0x08015c86   0x08015c86   0x0000001e   Code   RO         1433    i._GetMaxValue      STemWin526_CM3_OS_Keil.lib(lcd_getex.o)
    0x08015ca4   0x08015ca4   0x0000001c   Code   RO         1232    i._GetMinIndex      STemWin526_CM3_OS_Keil.lib(gui_alloc.o)
    0x08015cc0   0x08015cc0   0x0000000e   Code   RO         1650    i._GetPixelIndex    STemWin526_CM3_OS_Keil.lib(guidev_16.o)
    0x08015cce   0x08015cce   0x0000000e   Code   RO         2426    i._GetPixelIndex    STemWin526_CM3_OS_Keil.lib(guidev_32.o)
    0x08015cdc   0x08015cdc   0x00000030   Code   RO         1651    i._GetRect          STemWin526_CM3_OS_Keil.lib(guidev_16.o)
    0x08015d0c   0x08015d0c   0x00000030   Code   RO         2427    i._GetRect          STemWin526_CM3_OS_Keil.lib(guidev_32.o)
    0x08015d3c   0x08015d3c   0x00000010   Code   RO         1749    i._GotoX            STemWin526_CM3_OS_Keil.lib(gui_goto.o)
    0x08015d4c   0x08015d4c   0x00000010   Code   RO         1750    i._GotoY            STemWin526_CM3_OS_Keil.lib(gui_goto.o)
    0x08015d5c   0x08015d5c   0x0000001c   Code   RO         2023    i._IncPointer       STemWin526_CM3_OS_Keil.lib(gui_onkey.o)
    0x08015d78   0x08015d78   0x00000014   Code   RO         2276    i._IncPointer       STemWin526_CM3_OS_Keil.lib(gui_pid.o)
    0x08015d8c   0x08015d8c   0x00000006   Code   RO         2024    i._IncReadPointer   STemWin526_CM3_OS_Keil.lib(gui_onkey.o)
    0x08015d92   0x08015d92   0x00000002   PAD
    0x08015d94   0x08015d94   0x00000058   Code   RO         1386    i._Index2ColorBulk  STemWin526_CM3_OS_Keil.lib(guicc_m565.o)
    0x08015dec   0x08015dec   0x0000000e   Code   RO         2407    i._Index2ColorBulk  STemWin526_CM3_OS_Keil.lib(guicc_8888.o)
    0x08015dfa   0x08015dfa   0x00000020   Code   RO         2087    i._Index2Color_0    STemWin526_CM3_OS_Keil.lib(guicc_0.o)
    0x08015e1a   0x08015e1a   0x00000002   PAD
    0x08015e1c   0x08015e1c   0x00000070   Code   RO         1285    i._InitContext      STemWin526_CM3_OS_Keil.lib(gui_core.o)
    0x08015e8c   0x08015e8c   0x000000a8   Code   RO         1233    i._InitOnce         STemWin526_CM3_OS_Keil.lib(gui_alloc.o)
    0x08015f34   0x08015f34   0x00000080   Code   RO         1923    i._Invalidate1Abs   STemWin526_CM3_OS_Keil.lib(wm.o)
    0x08015fb4   0x08015fb4   0x00000014   Code   RO         1365    i._Log2Phys         STemWin526_CM3_OS_Keil.lib(gui_touch_driveranalog.o)
    0x08015fc8   0x08015fc8   0x00000002   Code   RO         1704    i._Log2VisBuffered  STemWin526_CM3_OS_Keil.lib(gui_charline.o)
    0x08015fca   0x08015fca   0x00000008   Code   RO         2124    i._Min              STemWin526_CM3_OS_Keil.lib(guidev_banding.o)
    0x08015fd2   0x08015fd2   0x0000006e   Code   RO         2695    i._MoveDescendents  STemWin526_CM3_OS_Keil.lib(wm_move.o)
    0x08016040   0x08016040   0x00000034   Code   RO         1234    i._OnExit           STemWin526_CM3_OS_Keil.lib(gui_alloc.o)
    0x08016074   0x08016074   0x0000002c   Code   RO         1286    i._OnExit           STemWin526_CM3_OS_Keil.lib(gui_core.o)
    0x080160a0   0x080160a0   0x00000014   Code   RO         1766    i._OnExit           STemWin526_CM3_OS_Keil.lib(gui_task.o)
    0x080160b4   0x080160b4   0x00000014   Code   RO         1849    i._OnExit           STemWin526_CM3_OS_Keil.lib(lcd_color.o)
    0x080160c8   0x080160c8   0x00000034   Code   RO         1924    i._OnExit           STemWin526_CM3_OS_Keil.lib(wm.o)
    0x080160fc   0x080160fc   0x00000028   Code   RO         2210    i._OnExit           STemWin526_CM3_OS_Keil.lib(gui__alpha.o)
    0x08016124   0x08016124   0x00000024   Code   RO         1925    i._Paint1           STemWin526_CM3_OS_Keil.lib(wm.o)
    0x08016148   0x08016148   0x0000008c   Code   RO         1926    i._Paint1Trans      STemWin526_CM3_OS_Keil.lib(wm.o)
    0x080161d4   0x080161d4   0x0000009a   Code   RO         1927    i._PaintTransChildren  STemWin526_CM3_OS_Keil.lib(wm.o)
    0x0801626e   0x0801626e   0x00000002   PAD
    0x08016270   0x08016270   0x00000040   Code   RO         1235    i._PopFreeBlock     STemWin526_CM3_OS_Keil.lib(gui_alloc.o)
    0x080162b0   0x080162b0   0x00000028   Code   RO         1236    i._PushFreeBlock    STemWin526_CM3_OS_Keil.lib(gui_alloc.o)
    0x080162d8   0x080162d8   0x0000001c   Code   RO         2580    i._ReleaseBuffer    STemWin526_CM3_OS_Keil.lib(gui_sprite.o)
    0x080162f4   0x080162f4   0x00000034   Code   RO         1237    i._RemoveFreeBlock  STemWin526_CM3_OS_Keil.lib(gui_alloc.o)
    0x08016328   0x08016328   0x0000005c   Code   RO         2378    i._RemoveFromLinList  STemWin526_CM3_OS_Keil.lib(gui_timer.o)
    0x08016384   0x08016384   0x000000a0   Code   RO         1238    i._RemoveHoles      STemWin526_CM3_OS_Keil.lib(gui_alloc.o)
    0x08016424   0x08016424   0x0000005a   Code   RO         2523    i._Screen2hWin      STemWin526_CM3_OS_Keil.lib(wm_screen2win.o)
    0x0801647e   0x0801647e   0x00000002   PAD
    0x08016480   0x08016480   0x00000024   Code   RO         2524    i._Screen2hWinStop  STemWin526_CM3_OS_Keil.lib(wm_screen2win.o)
    0x080164a4   0x080164a4   0x00000020   Code   RO         1819    i._SetBkColor       STemWin526_CM3_OS_Keil.lib(lcd.o)
    0x080164c4   0x080164c4   0x0000004c   Code   RO         1928    i._SetClipRectUserIntersect  STemWin526_CM3_OS_Keil.lib(wm.o)
    0x08016510   0x08016510   0x00000020   Code   RO         1820    i._SetColor         STemWin526_CM3_OS_Keil.lib(lcd.o)
    0x08016530   0x08016530   0x0000002c   Code   RO         1821    i._SetDrawMode      STemWin526_CM3_OS_Keil.lib(lcd.o)
    0x0801655c   0x0801655c   0x00000034   Code   RO         1366    i._SetMinMax        STemWin526_CM3_OS_Keil.lib(gui_touch_driveranalog.o)
    0x08016590   0x08016590   0x00000008   Code   RO         1652    i._SetOrg           STemWin526_CM3_OS_Keil.lib(guidev_16.o)
    0x08016598   0x08016598   0x00000008   Code   RO         2428    i._SetOrg           STemWin526_CM3_OS_Keil.lib(guidev_32.o)
    0x080165a0   0x080165a0   0x00000048   Code   RO         1653    i._SetPixelIndex    STemWin526_CM3_OS_Keil.lib(guidev_16.o)
    0x080165e8   0x080165e8   0x00000048   Code   RO         2429    i._SetPixelIndex    STemWin526_CM3_OS_Keil.lib(guidev_32.o)
    0x08016630   0x08016630   0x0000029c   Code   RO         2585    i._SetPosition      STemWin526_CM3_OS_Keil.lib(gui_sprite.o)
    0x080168cc   0x080168cc   0x0000004a   Code   RO         2586    i._SetSpriteBkPixel  STemWin526_CM3_OS_Keil.lib(gui_sprite.o)
    0x08016916   0x08016916   0x00000002   PAD
    0x08016918   0x08016918   0x00000058   Code   RO         2277    i._StoreState       STemWin526_CM3_OS_Keil.lib(gui_pid.o)
    0x08016970   0x08016970   0x00000030   Code   RO         1367    i._StoreUnstable    STemWin526_CM3_OS_Keil.lib(gui_touch_driveranalog.o)
    0x080169a0   0x080169a0   0x000000ea   Code   RO         1239    i._TestRAM          STemWin526_CM3_OS_Keil.lib(gui_alloc.o)
    0x08016a8a   0x08016a8a   0x00000002   PAD
    0x08016a8c   0x08016a8c   0x00000050   Code   RO         2379    i._Unlink           STemWin526_CM3_OS_Keil.lib(gui_timer.o)
    0x08016adc   0x08016adc   0x00000030   Code   RO         1319    i._UnlinkDevice     STemWin526_CM3_OS_Keil.lib(gui_device.o)
    0x08016b0c   0x08016b0c   0x0000000e   Code   RO         1240    i._WriteTagData     STemWin526_CM3_OS_Keil.lib(gui_alloc.o)
    0x08016b1a   0x08016b1a   0x00000002   PAD
    0x08016b1c   0x08016b1c   0x00000340   Code   RO         1868    i._WriteToActiveOpaque_8  STemWin526_CM3_OS_Keil.lib(guidev_writetoactiveopaque.o)
    0x08016e5c   0x08016e5c   0x00000354   Code   RO         1869    i._WriteToActiveOpaque_HT  STemWin526_CM3_OS_Keil.lib(guidev_writetoactiveopaque.o)
    0x080171b0   0x080171b0   0x0000003c   Code   RO         1654    i._XY2PTR           STemWin526_CM3_OS_Keil.lib(guidev_16.o)
    0x080171ec   0x080171ec   0x0000003c   Code   RO         2430    i._XY2PTR           STemWin526_CM3_OS_Keil.lib(guidev_32.o)
    0x08017228   0x08017228   0x00000054   Code   RO         1655    i._XorPixel         STemWin526_CM3_OS_Keil.lib(guidev_16.o)
    0x0801727c   0x0801727c   0x00000058   Code   RO         2431    i._XorPixel         STemWin526_CM3_OS_Keil.lib(guidev_32.o)
    0x080172d4   0x080172d4   0x00000044   Code   RO         1929    i._cbPaintMemDev    STemWin526_CM3_OS_Keil.lib(wm.o)
    0x08017318   0x08017318   0x00000050   Code   RO         1930    i.cbBackWin         STemWin526_CM3_OS_Keil.lib(wm.o)
    0x08017368   0x08017368   0x0000008a   Code   RO         1822    i.emWin_LCD_Init    STemWin526_CM3_OS_Keil.lib(lcd.o)
    0x080173f2   0x080173f2   0x00000002   PAD
    0x080173f4   0x080173f4   0x000000c4   Code   RO         2770    x$fpl$fadd          fz_ws.l(faddsub_clz.o)
    0x080174b8   0x080174b8   0x00000184   Code   RO         2777    x$fpl$fdiv          fz_ws.l(fdiv.o)
    0x0801763c   0x0801763c   0x00000036   Code   RO         2780    x$fpl$ffix          fz_ws.l(ffix.o)
    0x08017672   0x08017672   0x00000002   PAD
    0x08017674   0x08017674   0x0000003e   Code   RO         2784    x$fpl$ffixu         fz_ws.l(ffixu.o)
    0x080176b2   0x080176b2   0x00000002   PAD
    0x080176b4   0x080176b4   0x00000030   Code   RO         2789    x$fpl$fflt          fz_ws.l(fflt_clz.o)
    0x080176e4   0x080176e4   0x00000026   Code   RO         2788    x$fpl$ffltu         fz_ws.l(fflt_clz.o)
    0x0801770a   0x0801770a   0x00000002   PAD
    0x0801770c   0x0801770c   0x00000102   Code   RO         2794    x$fpl$fmul          fz_ws.l(fmul.o)
    0x0801780e   0x0801780e   0x0000008c   Code   RO         2810    x$fpl$fnaninf       fz_ws.l(fnaninf.o)
    0x0801789a   0x0801789a   0x0000000a   Code   RO         2812    x$fpl$fretinf       fz_ws.l(fretinf.o)
    0x080178a4   0x080178a4   0x000000ea   Code   RO         2772    x$fpl$fsub          fz_ws.l(faddsub_clz.o)
    0x0801798e   0x0801798e   0x00000000   Code   RO         2814    x$fpl$usenofp       fz_ws.l(usenofp.o)
    0x0801798e   0x0801798e   0x00001be6   Data   RO          526    .constdata          tftlcd.o
    0x08019574   0x08019574   0x00000018   Data   RO          656    .constdata          malloc.o
    0x0801958c   0x0801958c   0x00000094   Data   RO          742    .constdata          lib_str.o
    0x08019620   0x08019620   0x00000104   Data   RO          763    .constdata          cpu_core.o
    0x08019724   0x08019724   0x000000a4   Data   RO          804    .constdata          os_cfg_app.o
    0x080197c8   0x080197c8   0x0000016c   Data   RO          838    .constdata          os_dbg.o
    0x08019934   0x08019934   0x00000034   Data   RO         1100    .constdata          guidrv_template.o
    0x08019968   0x08019968   0x0000005c   Data   RO         1190    .constdata          color_demo.o
    0x080199c4   0x080199c4   0x00000008   Data   RO         1288    .constdata          STemWin526_CM3_OS_Keil.lib(gui_core.o)
    0x080199cc   0x080199cc   0x00000008   Data   RO         1320    .constdata          STemWin526_CM3_OS_Keil.lib(gui_device.o)
    0x080199d4   0x080199d4   0x00000018   Data   RO         1387    .constdata          STemWin526_CM3_OS_Keil.lib(guicc_m565.o)
    0x080199ec   0x080199ec   0x00000518   Data   RO         1523    .constdata          STemWin526_CM3_OS_Keil.lib(f6x8.o)
    0x08019f04   0x08019f04   0x000001c0   Data   RO         1524    .constdata          STemWin526_CM3_OS_Keil.lib(f6x8.o)
    0x0801a0c4   0x0801a0c4   0x00000008   Data   RO         1525    .constdata          STemWin526_CM3_OS_Keil.lib(f6x8.o)
    0x0801a0cc   0x0801a0cc   0x00000014   Data   RO         1526    .constdata          STemWin526_CM3_OS_Keil.lib(f6x8.o)
    0x0801a0e0   0x0801a0e0   0x00000024   Data   RO         1527    .constdata          STemWin526_CM3_OS_Keil.lib(f6x8.o)
    0x0801a104   0x0801a104   0x00000a30   Data   RO         1529    .constdata          STemWin526_CM3_OS_Keil.lib(f8x16.o)
    0x0801ab34   0x0801ab34   0x000001c0   Data   RO         1530    .constdata          STemWin526_CM3_OS_Keil.lib(f8x16.o)
    0x0801acf4   0x0801acf4   0x00000008   Data   RO         1531    .constdata          STemWin526_CM3_OS_Keil.lib(f8x16.o)
    0x0801acfc   0x0801acfc   0x00000014   Data   RO         1532    .constdata          STemWin526_CM3_OS_Keil.lib(f8x16.o)
    0x0801ad10   0x0801ad10   0x00000024   Data   RO         1533    .constdata          STemWin526_CM3_OS_Keil.lib(f8x16.o)
    0x0801ad34   0x0801ad34   0x00000018   Data   RO         1541    .constdata          STemWin526_CM3_OS_Keil.lib(f24_ascii.o)
    0x0801ad4c   0x0801ad4c   0x00000018   Data   RO         1542    .constdata          STemWin526_CM3_OS_Keil.lib(f24_ascii.o)
    0x0801ad64   0x0801ad64   0x00000018   Data   RO         1543    .constdata          STemWin526_CM3_OS_Keil.lib(f24_ascii.o)
    0x0801ad7c   0x0801ad7c   0x00000030   Data   RO         1544    .constdata          STemWin526_CM3_OS_Keil.lib(f24_ascii.o)
    0x0801adac   0x0801adac   0x00000030   Data   RO         1545    .constdata          STemWin526_CM3_OS_Keil.lib(f24_ascii.o)
    0x0801addc   0x0801addc   0x00000048   Data   RO         1546    .constdata          STemWin526_CM3_OS_Keil.lib(f24_ascii.o)
    0x0801ae24   0x0801ae24   0x00000030   Data   RO         1547    .constdata          STemWin526_CM3_OS_Keil.lib(f24_ascii.o)
    0x0801ae54   0x0801ae54   0x00000018   Data   RO         1548    .constdata          STemWin526_CM3_OS_Keil.lib(f24_ascii.o)
    0x0801ae6c   0x0801ae6c   0x00000018   Data   RO         1549    .constdata          STemWin526_CM3_OS_Keil.lib(f24_ascii.o)
    0x0801ae84   0x0801ae84   0x00000018   Data   RO         1550    .constdata          STemWin526_CM3_OS_Keil.lib(f24_ascii.o)
    0x0801ae9c   0x0801ae9c   0x00000018   Data   RO         1551    .constdata          STemWin526_CM3_OS_Keil.lib(f24_ascii.o)
    0x0801aeb4   0x0801aeb4   0x00000030   Data   RO         1552    .constdata          STemWin526_CM3_OS_Keil.lib(f24_ascii.o)
    0x0801aee4   0x0801aee4   0x00000018   Data   RO         1553    .constdata          STemWin526_CM3_OS_Keil.lib(f24_ascii.o)
    0x0801aefc   0x0801aefc   0x00000018   Data   RO         1554    .constdata          STemWin526_CM3_OS_Keil.lib(f24_ascii.o)
    0x0801af14   0x0801af14   0x00000018   Data   RO         1555    .constdata          STemWin526_CM3_OS_Keil.lib(f24_ascii.o)
    0x0801af2c   0x0801af2c   0x00000018   Data   RO         1556    .constdata          STemWin526_CM3_OS_Keil.lib(f24_ascii.o)
    0x0801af44   0x0801af44   0x00000030   Data   RO         1557    .constdata          STemWin526_CM3_OS_Keil.lib(f24_ascii.o)
    0x0801af74   0x0801af74   0x00000030   Data   RO         1558    .constdata          STemWin526_CM3_OS_Keil.lib(f24_ascii.o)
    0x0801afa4   0x0801afa4   0x00000030   Data   RO         1559    .constdata          STemWin526_CM3_OS_Keil.lib(f24_ascii.o)
    0x0801afd4   0x0801afd4   0x00000030   Data   RO         1560    .constdata          STemWin526_CM3_OS_Keil.lib(f24_ascii.o)
    0x0801b004   0x0801b004   0x00000030   Data   RO         1561    .constdata          STemWin526_CM3_OS_Keil.lib(f24_ascii.o)
    0x0801b034   0x0801b034   0x00000030   Data   RO         1562    .constdata          STemWin526_CM3_OS_Keil.lib(f24_ascii.o)
    0x0801b064   0x0801b064   0x00000030   Data   RO         1563    .constdata          STemWin526_CM3_OS_Keil.lib(f24_ascii.o)
    0x0801b094   0x0801b094   0x00000030   Data   RO         1564    .constdata          STemWin526_CM3_OS_Keil.lib(f24_ascii.o)
    0x0801b0c4   0x0801b0c4   0x00000030   Data   RO         1565    .constdata          STemWin526_CM3_OS_Keil.lib(f24_ascii.o)
    0x0801b0f4   0x0801b0f4   0x00000030   Data   RO         1566    .constdata          STemWin526_CM3_OS_Keil.lib(f24_ascii.o)
    0x0801b124   0x0801b124   0x00000018   Data   RO         1567    .constdata          STemWin526_CM3_OS_Keil.lib(f24_ascii.o)
    0x0801b13c   0x0801b13c   0x00000018   Data   RO         1568    .constdata          STemWin526_CM3_OS_Keil.lib(f24_ascii.o)
    0x0801b154   0x0801b154   0x00000030   Data   RO         1569    .constdata          STemWin526_CM3_OS_Keil.lib(f24_ascii.o)
    0x0801b184   0x0801b184   0x00000030   Data   RO         1570    .constdata          STemWin526_CM3_OS_Keil.lib(f24_ascii.o)
    0x0801b1b4   0x0801b1b4   0x00000030   Data   RO         1571    .constdata          STemWin526_CM3_OS_Keil.lib(f24_ascii.o)
    0x0801b1e4   0x0801b1e4   0x00000030   Data   RO         1572    .constdata          STemWin526_CM3_OS_Keil.lib(f24_ascii.o)
    0x0801b214   0x0801b214   0x00000048   Data   RO         1573    .constdata          STemWin526_CM3_OS_Keil.lib(f24_ascii.o)
    0x0801b25c   0x0801b25c   0x00000030   Data   RO         1574    .constdata          STemWin526_CM3_OS_Keil.lib(f24_ascii.o)
    0x0801b28c   0x0801b28c   0x00000030   Data   RO         1575    .constdata          STemWin526_CM3_OS_Keil.lib(f24_ascii.o)
    0x0801b2bc   0x0801b2bc   0x00000030   Data   RO         1576    .constdata          STemWin526_CM3_OS_Keil.lib(f24_ascii.o)
    0x0801b2ec   0x0801b2ec   0x00000030   Data   RO         1577    .constdata          STemWin526_CM3_OS_Keil.lib(f24_ascii.o)
    0x0801b31c   0x0801b31c   0x00000030   Data   RO         1578    .constdata          STemWin526_CM3_OS_Keil.lib(f24_ascii.o)
    0x0801b34c   0x0801b34c   0x00000030   Data   RO         1579    .constdata          STemWin526_CM3_OS_Keil.lib(f24_ascii.o)
    0x0801b37c   0x0801b37c   0x00000030   Data   RO         1580    .constdata          STemWin526_CM3_OS_Keil.lib(f24_ascii.o)
    0x0801b3ac   0x0801b3ac   0x00000030   Data   RO         1581    .constdata          STemWin526_CM3_OS_Keil.lib(f24_ascii.o)
    0x0801b3dc   0x0801b3dc   0x00000018   Data   RO         1582    .constdata          STemWin526_CM3_OS_Keil.lib(f24_ascii.o)
    0x0801b3f4   0x0801b3f4   0x00000030   Data   RO         1583    .constdata          STemWin526_CM3_OS_Keil.lib(f24_ascii.o)
    0x0801b424   0x0801b424   0x00000030   Data   RO         1584    .constdata          STemWin526_CM3_OS_Keil.lib(f24_ascii.o)
    0x0801b454   0x0801b454   0x00000030   Data   RO         1585    .constdata          STemWin526_CM3_OS_Keil.lib(f24_ascii.o)
    0x0801b484   0x0801b484   0x00000048   Data   RO         1586    .constdata          STemWin526_CM3_OS_Keil.lib(f24_ascii.o)
    0x0801b4cc   0x0801b4cc   0x00000030   Data   RO         1587    .constdata          STemWin526_CM3_OS_Keil.lib(f24_ascii.o)
    0x0801b4fc   0x0801b4fc   0x00000030   Data   RO         1588    .constdata          STemWin526_CM3_OS_Keil.lib(f24_ascii.o)
    0x0801b52c   0x0801b52c   0x00000030   Data   RO         1589    .constdata          STemWin526_CM3_OS_Keil.lib(f24_ascii.o)
    0x0801b55c   0x0801b55c   0x00000030   Data   RO         1590    .constdata          STemWin526_CM3_OS_Keil.lib(f24_ascii.o)
    0x0801b58c   0x0801b58c   0x00000030   Data   RO         1591    .constdata          STemWin526_CM3_OS_Keil.lib(f24_ascii.o)
    0x0801b5bc   0x0801b5bc   0x00000030   Data   RO         1592    .constdata          STemWin526_CM3_OS_Keil.lib(f24_ascii.o)
    0x0801b5ec   0x0801b5ec   0x00000030   Data   RO         1593    .constdata          STemWin526_CM3_OS_Keil.lib(f24_ascii.o)
    0x0801b61c   0x0801b61c   0x00000030   Data   RO         1594    .constdata          STemWin526_CM3_OS_Keil.lib(f24_ascii.o)
    0x0801b64c   0x0801b64c   0x00000030   Data   RO         1595    .constdata          STemWin526_CM3_OS_Keil.lib(f24_ascii.o)
    0x0801b67c   0x0801b67c   0x00000048   Data   RO         1596    .constdata          STemWin526_CM3_OS_Keil.lib(f24_ascii.o)
    0x0801b6c4   0x0801b6c4   0x00000030   Data   RO         1597    .constdata          STemWin526_CM3_OS_Keil.lib(f24_ascii.o)
    0x0801b6f4   0x0801b6f4   0x00000030   Data   RO         1598    .constdata          STemWin526_CM3_OS_Keil.lib(f24_ascii.o)
    0x0801b724   0x0801b724   0x00000030   Data   RO         1599    .constdata          STemWin526_CM3_OS_Keil.lib(f24_ascii.o)
    0x0801b754   0x0801b754   0x00000018   Data   RO         1600    .constdata          STemWin526_CM3_OS_Keil.lib(f24_ascii.o)
    0x0801b76c   0x0801b76c   0x00000018   Data   RO         1601    .constdata          STemWin526_CM3_OS_Keil.lib(f24_ascii.o)
    0x0801b784   0x0801b784   0x00000018   Data   RO         1602    .constdata          STemWin526_CM3_OS_Keil.lib(f24_ascii.o)
    0x0801b79c   0x0801b79c   0x00000018   Data   RO         1603    .constdata          STemWin526_CM3_OS_Keil.lib(f24_ascii.o)
    0x0801b7b4   0x0801b7b4   0x00000030   Data   RO         1604    .constdata          STemWin526_CM3_OS_Keil.lib(f24_ascii.o)
    0x0801b7e4   0x0801b7e4   0x00000018   Data   RO         1605    .constdata          STemWin526_CM3_OS_Keil.lib(f24_ascii.o)
    0x0801b7fc   0x0801b7fc   0x00000030   Data   RO         1606    .constdata          STemWin526_CM3_OS_Keil.lib(f24_ascii.o)
    0x0801b82c   0x0801b82c   0x00000030   Data   RO         1607    .constdata          STemWin526_CM3_OS_Keil.lib(f24_ascii.o)
    0x0801b85c   0x0801b85c   0x00000030   Data   RO         1608    .constdata          STemWin526_CM3_OS_Keil.lib(f24_ascii.o)
    0x0801b88c   0x0801b88c   0x00000030   Data   RO         1609    .constdata          STemWin526_CM3_OS_Keil.lib(f24_ascii.o)
    0x0801b8bc   0x0801b8bc   0x00000030   Data   RO         1610    .constdata          STemWin526_CM3_OS_Keil.lib(f24_ascii.o)
    0x0801b8ec   0x0801b8ec   0x00000018   Data   RO         1611    .constdata          STemWin526_CM3_OS_Keil.lib(f24_ascii.o)
    0x0801b904   0x0801b904   0x00000030   Data   RO         1612    .constdata          STemWin526_CM3_OS_Keil.lib(f24_ascii.o)
    0x0801b934   0x0801b934   0x00000030   Data   RO         1613    .constdata          STemWin526_CM3_OS_Keil.lib(f24_ascii.o)
    0x0801b964   0x0801b964   0x00000018   Data   RO         1614    .constdata          STemWin526_CM3_OS_Keil.lib(f24_ascii.o)
    0x0801b97c   0x0801b97c   0x00000018   Data   RO         1615    .constdata          STemWin526_CM3_OS_Keil.lib(f24_ascii.o)
    0x0801b994   0x0801b994   0x00000030   Data   RO         1616    .constdata          STemWin526_CM3_OS_Keil.lib(f24_ascii.o)
    0x0801b9c4   0x0801b9c4   0x00000018   Data   RO         1617    .constdata          STemWin526_CM3_OS_Keil.lib(f24_ascii.o)
    0x0801b9dc   0x0801b9dc   0x00000030   Data   RO         1618    .constdata          STemWin526_CM3_OS_Keil.lib(f24_ascii.o)
    0x0801ba0c   0x0801ba0c   0x00000030   Data   RO         1619    .constdata          STemWin526_CM3_OS_Keil.lib(f24_ascii.o)
    0x0801ba3c   0x0801ba3c   0x00000030   Data   RO         1620    .constdata          STemWin526_CM3_OS_Keil.lib(f24_ascii.o)
    0x0801ba6c   0x0801ba6c   0x00000030   Data   RO         1621    .constdata          STemWin526_CM3_OS_Keil.lib(f24_ascii.o)
    0x0801ba9c   0x0801ba9c   0x00000030   Data   RO         1622    .constdata          STemWin526_CM3_OS_Keil.lib(f24_ascii.o)
    0x0801bacc   0x0801bacc   0x00000018   Data   RO         1623    .constdata          STemWin526_CM3_OS_Keil.lib(f24_ascii.o)
    0x0801bae4   0x0801bae4   0x00000030   Data   RO         1624    .constdata          STemWin526_CM3_OS_Keil.lib(f24_ascii.o)
    0x0801bb14   0x0801bb14   0x00000018   Data   RO         1625    .constdata          STemWin526_CM3_OS_Keil.lib(f24_ascii.o)
    0x0801bb2c   0x0801bb2c   0x00000030   Data   RO         1626    .constdata          STemWin526_CM3_OS_Keil.lib(f24_ascii.o)
    0x0801bb5c   0x0801bb5c   0x00000030   Data   RO         1627    .constdata          STemWin526_CM3_OS_Keil.lib(f24_ascii.o)
    0x0801bb8c   0x0801bb8c   0x00000030   Data   RO         1628    .constdata          STemWin526_CM3_OS_Keil.lib(f24_ascii.o)
    0x0801bbbc   0x0801bbbc   0x00000030   Data   RO         1629    .constdata          STemWin526_CM3_OS_Keil.lib(f24_ascii.o)
    0x0801bbec   0x0801bbec   0x00000030   Data   RO         1630    .constdata          STemWin526_CM3_OS_Keil.lib(f24_ascii.o)
    0x0801bc1c   0x0801bc1c   0x00000030   Data   RO         1631    .constdata          STemWin526_CM3_OS_Keil.lib(f24_ascii.o)
    0x0801bc4c   0x0801bc4c   0x00000018   Data   RO         1632    .constdata          STemWin526_CM3_OS_Keil.lib(f24_ascii.o)
    0x0801bc64   0x0801bc64   0x00000018   Data   RO         1633    .constdata          STemWin526_CM3_OS_Keil.lib(f24_ascii.o)
    0x0801bc7c   0x0801bc7c   0x00000018   Data   RO         1634    .constdata          STemWin526_CM3_OS_Keil.lib(f24_ascii.o)
    0x0801bc94   0x0801bc94   0x00000030   Data   RO         1635    .constdata          STemWin526_CM3_OS_Keil.lib(f24_ascii.o)
    0x0801bcc4   0x0801bcc4   0x000002f8   Data   RO         1636    .constdata          STemWin526_CM3_OS_Keil.lib(f24_ascii.o)
    0x0801bfbc   0x0801bfbc   0x0000000c   Data   RO         1637    .constdata          STemWin526_CM3_OS_Keil.lib(f24_ascii.o)
    0x0801bfc8   0x0801bfc8   0x00000024   Data   RO         1638    .constdata          STemWin526_CM3_OS_Keil.lib(f24_ascii.o)
    0x0801bfec   0x0801bfec   0x00000074   Data   RO         1656    .constdata          STemWin526_CM3_OS_Keil.lib(guidev_16.o)
    0x0801c060   0x0801c060   0x00000020   Data   RO         1675    .constdata          STemWin526_CM3_OS_Keil.lib(gui__divtbl_31_255.o)
    0x0801c080   0x0801c080   0x00000040   Data   RO         1676    .constdata          STemWin526_CM3_OS_Keil.lib(gui__divtbl_63_255.o)
    0x0801c0c0   0x0801c0c0   0x00000100   Data   RO         1677    .constdata          STemWin526_CM3_OS_Keil.lib(gui__divtbl_255_31.o)
    0x0801c1c0   0x0801c1c0   0x00000100   Data   RO         1678    .constdata          STemWin526_CM3_OS_Keil.lib(gui__divtbl_255_63.o)
    0x0801c2c0   0x0801c2c0   0x00000010   Data   RO         1799    .constdata          STemWin526_CM3_OS_Keil.lib(gui_uc_encodenone.o)
    0x0801c2d0   0x0801c2d0   0x0000000c   Data   RO         1823    .constdata          STemWin526_CM3_OS_Keil.lib(lcd.o)
    0x0801c2dc   0x0801c2dc   0x00000100   Data   RO         1858    .constdata          STemWin526_CM3_OS_Keil.lib(lcd_mirror.o)
    0x0801c3dc   0x0801c3dc   0x00000008   Data   RO         1870    .constdata          STemWin526_CM3_OS_Keil.lib(guidev_writetoactiveopaque.o)
    0x0801c3e4   0x0801c3e4   0x00000018   Data   RO         2088    .constdata          STemWin526_CM3_OS_Keil.lib(guicc_0.o)
    0x0801c3fc   0x0801c3fc   0x00000018   Data   RO         2408    .constdata          STemWin526_CM3_OS_Keil.lib(guicc_8888.o)
    0x0801c414   0x0801c414   0x00000074   Data   RO         2432    .constdata          STemWin526_CM3_OS_Keil.lib(guidev_32.o)
    0x0801c488   0x0801c488   0x00000018   Data   RO         2474    .constdata          STemWin526_CM3_OS_Keil.lib(guidev_usagebm.o)
    0x0801c4a0   0x0801c4a0   0x00000028   Data   RO         2715    .constdata          c_w.l(_printf_hex_int.o)
    0x0801c4c8   0x0801c4c8   0x00000033   Data   RO         1191    .conststring        color_demo.o
    0x0801c4fb   0x0801c4fb   0x00000001   PAD
    0x0801c4fc   0x0801c4fc   0x00000020   Data   RO         2978    Region$$Table       anon$$obj.o


    Execution Region ER_RW (Exec base: 0x20000000, Load base: 0x0801c51c, Size: 0x00000334, Max: 0xffffffff, ABSOLUTE, COMPRESSED[0x00000080])

    Exec Addr    Load Addr    Size         Type   Attr      Idx    E Section Name        Object

    0x20000000   COMPRESSED   0x00000014   Data   RW          292    .data               system_stm32f10x.o
    0x20000014   COMPRESSED   0x00000014   Data   RW          363    .data               stm32f10x_rcc.o
    0x20000028   COMPRESSED   0x0000000c   Data   RW          527    .data               tftlcd.o
    0x20000034   COMPRESSED   0x00000008   Data   RW          571    .data               touch.o
    0x2000003c   COMPRESSED   0x00000004   Data   RW          614    .data               systick.o
    0x20000040   COMPRESSED   0x00000004   Data   RW          631    .data               usart.o
    0x20000044   COMPRESSED   0x0000001c   Data   RW          657    .data               malloc.o
    0x20000060   COMPRESSED   0x00000004   Data   RW          724    .data               lib_mem.o
    0x20000064   COMPRESSED   0x00000004   Data   RW          764    .data               cpu_core.o
    0x20000068   COMPRESSED   0x00000008   Data   RW          919    .data               os_prio.o
    0x20000070   COMPRESSED   0x000000c8   Data   RW         1022    .data               os_var.o
    0x20000138   COMPRESSED   0x00000004   Data   RW         1039    .data               os_cpu_c.o
    0x2000013c   COMPRESSED   0x00000011   Data   RW         1176    .data               gui_x_ucosiii.o
    0x2000014d   COMPRESSED   0x00000003   PAD
    0x20000150   COMPRESSED   0x00000008   Data   RW         1242    .data               STemWin526_CM3_OS_Keil.lib(gui_alloc.o)
    0x20000158   COMPRESSED   0x0000002c   Data   RW         1289    .data               STemWin526_CM3_OS_Keil.lib(gui_core.o)
    0x20000184   COMPRESSED   0x00000004   Data   RW         1290    .data               STemWin526_CM3_OS_Keil.lib(gui_core.o)
    0x20000188   COMPRESSED   0x00000004   Data   RW         1291    .data               STemWin526_CM3_OS_Keil.lib(gui_core.o)
    0x2000018c   COMPRESSED   0x00000004   Data   RW         1292    .data               STemWin526_CM3_OS_Keil.lib(gui_core.o)
    0x20000190   COMPRESSED   0x00000004   Data   RW         1293    .data               STemWin526_CM3_OS_Keil.lib(gui_core.o)
    0x20000194   COMPRESSED   0x00000004   Data   RW         1294    .data               STemWin526_CM3_OS_Keil.lib(gui_core.o)
    0x20000198   COMPRESSED   0x00000002   Data   RW         1295    .data               STemWin526_CM3_OS_Keil.lib(gui_core.o)
    0x2000019a   COMPRESSED   0x00000002   PAD
    0x2000019c   COMPRESSED   0x00000004   Data   RW         1296    .data               STemWin526_CM3_OS_Keil.lib(gui_core.o)
    0x200001a0   COMPRESSED   0x00000002   Data   RW         1297    .data               STemWin526_CM3_OS_Keil.lib(gui_core.o)
    0x200001a2   COMPRESSED   0x00000002   Data   RW         1298    .data               STemWin526_CM3_OS_Keil.lib(gui_core.o)
    0x200001a4   COMPRESSED   0x00000030   Data   RW         1369    .data               STemWin526_CM3_OS_Keil.lib(gui_touch_driveranalog.o)
    0x200001d4   COMPRESSED   0x00000008   Data   RW         1388    .data               STemWin526_CM3_OS_Keil.lib(guicc_m565.o)
    0x200001dc   COMPRESSED   0x00000004   Data   RW         1657    .data               STemWin526_CM3_OS_Keil.lib(guidev_16.o)
    0x200001e0   COMPRESSED   0x00000004   Data   RW         1705    .data               STemWin526_CM3_OS_Keil.lib(gui_charline.o)
    0x200001e4   COMPRESSED   0x0000001c   Data   RW         1767    .data               STemWin526_CM3_OS_Keil.lib(gui_task.o)
    0x20000200   COMPRESSED   0x00000008   Data   RW         1777    .data               STemWin526_CM3_OS_Keil.lib(gui_touch_storeunstable.o)
    0x20000208   COMPRESSED   0x00000004   Data   RW         1824    .data               STemWin526_CM3_OS_Keil.lib(lcd.o)
    0x2000020c   COMPRESSED   0x00000010   Data   RW         1850    .data               STemWin526_CM3_OS_Keil.lib(lcd_color.o)
    0x2000021c   COMPRESSED   0x00000060   Data   RW         1932    .data               STemWin526_CM3_OS_Keil.lib(wm.o)
    0x2000027c   COMPRESSED   0x00000001   Data   RW         1933    .data               STemWin526_CM3_OS_Keil.lib(wm.o)
    0x2000027d   COMPRESSED   0x00000003   PAD
    0x20000280   COMPRESSED   0x00000014   Data   RW         2003    .data               STemWin526_CM3_OS_Keil.lib(gui__managecache.o)
    0x20000294   COMPRESSED   0x0000000c   Data   RW         2026    .data               STemWin526_CM3_OS_Keil.lib(gui_onkey.o)
    0x200002a0   COMPRESSED   0x00000008   Data   RW         2051    .data               STemWin526_CM3_OS_Keil.lib(gui_selectlayer.o)
    0x200002a8   COMPRESSED   0x0000000c   Data   RW         2076    .data               STemWin526_CM3_OS_Keil.lib(gui_waitevent.o)
    0x200002b4   COMPRESSED   0x00000004   Data   RW         2125    .data               STemWin526_CM3_OS_Keil.lib(guidev_banding.o)
    0x200002b8   COMPRESSED   0x00000001   Data   RW         2140    .data               STemWin526_CM3_OS_Keil.lib(guidev_staticdevices.o)
    0x200002b9   COMPRESSED   0x00000003   PAD
    0x200002bc   COMPRESSED   0x00000004   Data   RW         2151    .data               STemWin526_CM3_OS_Keil.lib(wm__sendmessage.o)
    0x200002c0   COMPRESSED   0x0000000c   Data   RW         2193    .data               STemWin526_CM3_OS_Keil.lib(wm_touch.o)
    0x200002cc   COMPRESSED   0x00000028   Data   RW         2211    .data               STemWin526_CM3_OS_Keil.lib(gui__alpha.o)
    0x200002f4   COMPRESSED   0x00000008   Data   RW         2279    .data               STemWin526_CM3_OS_Keil.lib(gui_pid.o)
    0x200002fc   COMPRESSED   0x00000020   Data   RW         2324    .data               STemWin526_CM3_OS_Keil.lib(gui_setalpha.o)
    0x2000031c   COMPRESSED   0x00000014   Data   RW         2380    .data               STemWin526_CM3_OS_Keil.lib(gui_timer.o)
    0x20000330   COMPRESSED   0x00000004   Data   RW         2647    .data               STemWin526_CM3_OS_Keil.lib(lcd_aa.o)


    Execution Region ER_ZI (Exec base: 0x20000334, Load base: 0x0801c59c, Size: 0x00008e74, Max: 0xffffffff, ABSOLUTE)

    Exec Addr    Load Addr    Size         Type   Attr      Idx    E Section Name        Object

    0x20000334        -       0x00003710   Zero   RW            2    .bss                main.o
    0x20003a44        -       0x00000010   Zero   RW          570    .bss                touch.o
    0x20003a54   0x0801c59c   0x0000000c   PAD
    0x20003a60        -       0x00002a80   Zero   RW          655    .bss                malloc.o
    0x200064e0        -       0x00000448   Zero   RW          723    .bss                lib_mem.o
    0x20006928        -       0x00000010   Zero   RW          762    .bss                cpu_core.o
    0x20006938        -       0x00001490   Zero   RW          803    .bss                os_cfg_app.o
    0x20007dc8        -       0x000006e0   Zero   RW         1021    .bss                os_var.o
    0x200084a8        -       0x000000c8   Zero   RW         1241    .bss                STemWin526_CM3_OS_Keil.lib(gui_alloc.o)
    0x20008570        -       0x00000070   Zero   RW         1287    .bss                STemWin526_CM3_OS_Keil.lib(gui_core.o)
    0x200085e0        -       0x00000010   Zero   RW         1368    .bss                STemWin526_CM3_OS_Keil.lib(gui_touch_driveranalog.o)
    0x200085f0        -       0x00000018   Zero   RW         1931    .bss                STemWin526_CM3_OS_Keil.lib(wm.o)
    0x20008608        -       0x00000058   Zero   RW         2025    .bss                STemWin526_CM3_OS_Keil.lib(gui_onkey.o)
    0x20008660        -       0x0000000c   Zero   RW         2067    .bss                STemWin526_CM3_OS_Keil.lib(gui_touch_storestate.o)
    0x2000866c        -       0x00000048   Zero   RW         2192    .bss                STemWin526_CM3_OS_Keil.lib(wm_touch.o)
    0x200086b4        -       0x00000028   Zero   RW         2240    .bss                STemWin526_CM3_OS_Keil.lib(gui_curs1.o)
    0x200086dc        -       0x00000048   Zero   RW         2278    .bss                STemWin526_CM3_OS_Keil.lib(gui_pid.o)
    0x20008724        -       0x0000000c   Zero   RW         2401    .bss                STemWin526_CM3_OS_Keil.lib(gui_touch.o)
    0x20008730        -       0x00000018   Zero   RW         2517    .bss                STemWin526_CM3_OS_Keil.lib(wm_pid__getprevstate.o)
    0x20008748        -       0x00000060   Zero   RW         2855    .bss                c_w.l(libspace.o)
    0x200087a8        -       0x00000200   Zero   RW          284    HEAP                startup_stm32f10x_hd.o
    0x200089a8        -       0x00000800   Zero   RW          283    STACK               startup_stm32f10x_hd.o



  Load Region LR$$.ARM.__AT_0x68000000 (Base: 0x68000000, Size: 0x00000000, Max: 0x000c8000, ABSOLUTE)

    Execution Region ER$$.ARM.__AT_0x68000000 (Exec base: 0x68000000, Load base: 0x68000000, Size: 0x000c8000, Max: 0x000c8000, ABSOLUTE, UNINIT)

    Exec Addr    Load Addr    Size         Type   Attr      Idx    E Section Name        Object

    0x68000000        -       0x000c8000   Zero   RW          653    .ARM.__AT_0x68000000  malloc.o



  Load Region LR$$.ARM.__AT_0x680C8000 (Base: 0x680c8000, Size: 0x00000000, Max: 0x0000c800, ABSOLUTE)

    Execution Region ER$$.ARM.__AT_0x680C8000 (Exec base: 0x680c8000, Load base: 0x680c8000, Size: 0x0000c800, Max: 0x0000c800, ABSOLUTE, UNINIT)

    Exec Addr    Load Addr    Size         Type   Attr      Idx    E Section Name        Object

    0x680c8000        -       0x0000c800   Zero   RW          654    .ARM.__AT_0x680C8000  malloc.o


==============================================================================

Image component sizes


      Code (inc. data)   RO Data    RW Data    ZI Data      Debug   Object Name

       378          0          0          0          0       2682   24cxx.o
       132         12          0          0          0       1167   bsp.o
       360         40        143          0          0       1855   color_demo.o
        52          0          0          0          0        352   cpu_a.o
       680         14        260          4         16      14439   cpu_core.o
        24          0          0          0          0        976   gui_x_touch_analog.o
       360         62          0         17          0       3159   gui_x_ucosiii.o
        44          6          0          0          0        599   guiconf.o
      2204         70         52          0          0      58085   guidrv_template.o
       568         12          0          0          0       2147   iic.o
       172         12          0          0          0        939   lcdconf_flexcolor_template.o
        52          6          0          0          0        503   led.o
       598          0          0          0          0       3728   lib_ascii.o
      2502         32          0          4       1096      21876   lib_mem.o
       544          0          0          0          0        496   lib_mem_a.o
      2348          6        148          0          0      13158   lib_str.o
       760         96          0          0      14096     359081   main.o
       556         18         24         28     881280       4656   malloc.o
       220         22          0          0          0       1961   misc.o
       252        166        164          0       5264      21034   os_cfg_app.o
      3588        294          0          0          0      12097   os_core.o
       152         32          0          0          0        408   os_cpu_a.o
       620         66          0          4          0       3885   os_cpu_c.o
       432        286        364          0          0       4849   os_dbg.o
      3624        110          0          0          0       7759   os_flag.o
      1092        146          0          0          0       2332   os_int.o
       568         20          0          0          0       2732   os_mem.o
       556         12          0          0          0       2791   os_msg.o
      2772        114          0          0          0       5450   os_mutex.o
       124          4          0          8          0       1844   os_prio.o
      2264         76          0          0          0       6128   os_q.o
      2096         70          0          0          0       6144   os_sem.o
      1592        180          0          0          0       2833   os_stat.o
      7092        270          0          0          0      13506   os_task.o
      1276         90          0          0          0       3289   os_tick.o
      1380         46          0          0          0       3229   os_time.o
      2072        140          0          0          0       6330   os_tmr.o
         0          0          0        200       1760      19425   os_var.o
       448         18          0          0          0       1680   spi.o
       288         16          0          0          0       1536   sram.o
        64         26        304          0       2560        944   startup_stm32f10x_hd.o
      1548         18          0          0          0       5511   stm32f10x_fsmc.o
       860         38          0          0          0       5809   stm32f10x_gpio.o
        30          0          0          0          0       1441   stm32f10x_it.o
       932         36          0         20          0       9036   stm32f10x_rcc.o
       780         14          0          0          0       6690   stm32f10x_spi.o
      3610         88          0          0          0      22296   stm32f10x_tim.o
      1032         22          0          0          0       8532   stm32f10x_usart.o
       480         38          0         20          0       2123   system_stm32f10x.o
       332         26          0          4          0       1875   systick.o
      3344         74       7142         12          0      12084   tftlcd.o
       372         16          0          0          0       1628   time.o
      1188         42          0          8         16       4338   touch.o
       260          8          0          4          0       3078   usart.o

    ----------------------------------------------------------------------
     59680       3010       8634        336     906100     706525   Object Totals
         0          0         32          0          0          0   (incl. Generated)
         6          0          1          3         12          0   (incl. Padding)

    ----------------------------------------------------------------------

      Code (inc. data)   RO Data    RW Data    ZI Data      Debug   Library Member Name

         0          0       4792          0          0          0   f24_ascii.o
         0          0       1816          0          0          0   f6x8.o
         0          0       3120          0          0          0   f8x16.o
       856         38          0         40          0        512   gui__alpha.o
       648          0          0          0          0        160   gui__compactpixelindices.o
         0          0        256          0          0          0   gui__divtbl_255_31.o
         0          0        256          0          0          0   gui__divtbl_255_63.o
         0          0         32          0          0          0   gui__divtbl_31_255.o
         0          0         64          0          0          0   gui__divtbl_63_255.o
       322          0          0          0          0        108   gui__expandpixelindices.o
        24          0          0          0          0         68   gui__handleeoline.o
        58          0          0          0          0         68   gui__intersectrect.o
        82          0          0          0          0         80   gui__intersectrects.o
       216          8          0         20          0        156   gui__managecache.o
        76          0          0          0          0         76   gui__memset.o
        60          0          0          0          0         76   gui__memset16.o
      1854        120          0          8        200       1908   gui_alloc.o
        46          0          0          0          0         80   gui_alloc_alloczero.o
        60          0          0          0          0         76   gui_calccolordist.o
       164         20          0          0          0        308   gui_char.o
       458         36          0          4          0        472   gui_charline.o
       394         10          0          0          0        300   gui_charm.o
       308         10          0          0          0        384   gui_charp.o
       476         78          8         74        112        620   gui_core.o
       120          6          0          0         40         88   gui_curs1.o
       434         34          8          0          0        676   gui_device.o
       264          4          0          0          0         88   gui_dispstring.o
        40          6          0          0          0         88   gui_dispstringat.o
        52          4          0          0          0         92   gui_dispstringhcenter.o
       408          4          0          0          0        252   gui_dispstringinrect.o
       502          8          0          0          0        204   gui_drawgradient.o
        52          4          0          0          0        152   gui_exec.o
       160          0          0          0          0        152   gui_getbitmappixelindex.o
        10          0          0          0          0         68   gui_getclientrect.o
        48          0          0          0          0        152   gui_getcolor.o
        54         10          0          0          0        156   gui_getorg.o
        66         12          0          0          0        216   gui_goto.o
        88          0          0          0          0         76   gui_mergerect.o
        30          0          0          0          0         68   gui_moverect.o
       102         12          0         12         88        284   gui_onkey.o
        28          4          0          0          0         80   gui_pen.o
       248         36          0          8         72        444   gui_pid.o
        56          0          0          0          0         68   gui_rectsintersect.o
        32         10          0          0          0        136   gui_savecontext.o
       138         14          0          8          0        316   gui_selectlayer.o
        26          0          0          0          0         80   gui_selectlcd.o
        36          4          0         32          0         76   gui_setalpha.o
        44          0          0          0          0        160   gui_setcolor.o
        64          6          0          0          0         80   gui_setdefault.o
        24          0          0          0          0         76   gui_setdrawmode.o
        32          6          0          0          0         80   gui_setfont.o
        28          4          0          0          0         80   gui_setlinestyle.o
        64         16          0          0          0         88   gui_setorg.o
        32          6          0          0          0         80   gui_settextalign.o
        32          6          0          0          0         80   gui_settextmode.o
      1246         10          0          0          0        716   gui_sprite.o
       324         32          0         28          0        392   gui_task.o
       104          6          0          0          0         84   gui_time.o
       354         16          0         20          0        484   gui_timer.o
        44          6          0          0         12         84   gui_touch.o
       632         46          0         48         16        472   gui_touch_driveranalog.o
        36          6          0          0         12         68   gui_touch_storestate.o
        44          4          0          8          0         88   gui_touch_storeunstable.o
        84         10          0          0          0        168   gui_uc.o
        18          0         16          0          0        272   gui_uc_encodenone.o
        16          4          0         12          0         68   gui_waitevent.o
       198          0         24          0          0        244   guicc_0.o
        36          0         24          0          0        288   guicc_8888.o
         2          0          0          0          0         68   guicc_8888_index2color.o
         2          0          0          0          0         68   guicc_888_index2color.o
       250         42         24          8          0        412   guicc_m565.o
       794         38          0          0          0        680   guidev.o
      2324         66        116          4          0       1336   guidev_16.o
      2356         62        116          0          0       1440   guidev_32.o
       308         14          0          4          0        168   guidev_banding.o
        68          4          0          0          0         76   guidev_clear.o
        34          0          0          0          0         80   guidev_getdataptr.o
        52          6          0          0          0         80   guidev_getysize.o
        56          4          0          0          0         80   guidev_reduceysize.o
       100          4          0          0          0         80   guidev_setorg.o
       358         22          0          1          0        188   guidev_staticdevices.o
        84          0          0          0          0        164   guidev_usage.o
       424          4         24          0          0        460   guidev_usagebm.o
       116          4          0          0          0        148   guidev_write.o
       400         14          0          0          0         96   guidev_writetoactivealpha.o
      1868         16          8          0          0        492   guidev_writetoactiveopaque.o
      1730        118         12          4          0       1436   lcd.o
        16          6          0          4          0         68   lcd_aa.o
       260         26          0         16          0        388   lcd_color.o
        32         12          0          0          0        136   lcd_getcolorindex.o
       384         32          0          0          0       1340   lcd_getex.o
        26          0          0          0          0         80   lcd_getnumdisplays.o
         0          0        256          0          0          0   lcd_mirror.o
       504         18          0          0          0        184   lcd_readrect.o
        64         10          0          0          0         80   lcd_selectlcd.o
       220          0          0          0          0        420   lcd_set.o
        48         10          0          0          0         80   lcd_setcliprectex.o
        36          4          0          0          0         80   lcd_updatecolorindices.o
      4674        228          0         97         24       4132   wm.o
        18          0          0          0          0         76   wm__getfirstsibling.o
        36          0          0          0          0         80   wm__getprevsibling.o
        34          0          0          0          0         80   wm__isancestor.o
        22          0          0          0          0         76   wm__isenabled.o
        60          6          0          4          0         88   wm__sendmessage.o
        28          0          0          0          0         92   wm__sendmessageifenabled.o
        38          0          0          0          0         80   wm__sendmessagenopara.o
       220          0          0          0          0         96   wm__updatechildpositions.o
       136          0          0          0          0         92   wm_bringtobottom.o
        60         12          0          0          0        136   wm_criticalhandle.o
       102         10          0          0          0        248   wm_getclientrect.o
        24         10          0          0          0         68   wm_getdesktopwindow.o
        20          4          0          0          0         68   wm_getdesktopwindowex.o
        26          0          0          0          0         76   wm_getfirstchild.o
        32          0          0          0          0         80   wm_getorg.o
        26          0          0          0          0         76   wm_getparent.o
        24          0          0          0          0         76   wm_iswindow.o
       294          0          0          0          0        272   wm_move.o
        16          0          0          0          0         76   wm_notifyparent.o
        64          8          0          0          0         88   wm_onkey.o
        24          6          0          0         24         68   wm_pid__getprevstate.o
       244          0          0          0          0         88   wm_resizewindow.o
       204          6          0          0          0        324   wm_screen2win.o
        26          0          0          0          0         88   wm_sendmessagenopara.o
        38          0          0          0          0         92   wm_sendtoparent.o
        62          8          0          0          0        160   wm_setcapture.o
        72          0          0          0          0         84   wm_setsize.o
        32          4          0          0          0         80   wm_setusercliprect.o
       124          0          0          0          0        164   wm_timer.o
      1108         46          0         12         72        344   wm_touch.o
        90          0          0          0          0          0   __dczerorl2.o
         8          0          0          0          0         68   __main.o
       104          0          0          0          0         84   __printf.o
         0          0          0          0          0          0   __rtentry.o
        12          0          0          0          0          0   __rtentry2.o
         6          0          0          0          0          0   __rtentry4.o
        52          8          0          0          0          0   __scatter.o
        28          0          0          0          0          0   __scatter_zi.o
        48          6          0          0          0         96   _printf_char_common.o
        36          4          0          0          0         80   _printf_char_file.o
        88          4         40          0          0         88   _printf_hex_int.o
       178          0          0          0          0         88   _printf_intcommon.o
         0          0          0          0          0          0   _printf_percent.o
         4          0          0          0          0          0   _printf_percent_end.o
         6          0          0          0          0          0   _printf_x.o
        16          0          0          0          0         68   aeabi_memset.o
        12          0          0          0          0         72   exit.o
         8          0          0          0          0         68   ferror.o
         6          0          0          0          0        152   heapauxi.o
         2          0          0          0          0          0   libinit.o
         2          0          0          0          0          0   libinit2.o
         2          0          0          0          0          0   libshutdown.o
         2          0          0          0          0          0   libshutdown2.o
         8          4          0          0         96         68   libspace.o
       238          0          0          0          0        100   lludivv7m.o
        88          0          0          0          0         76   memcmp.o
        24          4          0          0          0         84   noretval__2printf.o
        68          0          0          0          0         68   rt_memclr.o
        78          0          0          0          0         80   rt_memclr_w.o
       138          0          0          0          0         68   rt_memcpy_v6.o
       100          0          0          0          0         80   rt_memcpy_w.o
       132          0          0          0          0         68   rt_memmove_v6.o
       122          0          0          0          0         80   rt_memmove_w.o
         2          0          0          0          0          0   rtexit.o
        10          0          0          0          0          0   rtexit2.o
        74          0          0          0          0         80   sys_stackheap_outer.o
       430          8          0          0          0        168   faddsub_clz.o
       388         76          0          0          0         96   fdiv.o
        54          4          0          0          0         84   ffix.o
        62          4          0          0          0         84   ffixu.o
        86          0          0          0          0        136   fflt_clz.o
       258          4          0          0          0         84   fmul.o
       140          4          0          0          0         84   fnaninf.o
        10          0          0          0          0         68   fretinf.o
         0          0          0          0          0          0   usenofp.o

    ----------------------------------------------------------------------
     36670       1690      11012        484        768      34192   Library Totals
        94          0          0          8          0          0   (incl. Padding)

    ----------------------------------------------------------------------

      Code (inc. data)   RO Data    RW Data    ZI Data      Debug   Library Name

     33356       1560      10972        476        672      31672   STemWin526_CM3_OS_Keil.lib
      1792         30         40          0         96       1716   c_w.l
      1428        100          0          0          0        804   fz_ws.l

    ----------------------------------------------------------------------
     36670       1690      11012        484        768      34192   Library Totals

    ----------------------------------------------------------------------

==============================================================================


      Code (inc. data)   RO Data    RW Data    ZI Data      Debug   

     96350       4700      19646        820     906868     714297   Grand Totals
     96350       4700      19646        128     906868     714297   ELF Image Totals (compressed)
     96350       4700      19646        128          0          0   ROM Totals

==============================================================================

    Total RO  Size (Code + RO Data)               115996 ( 113.28kB)
    Total RW  Size (RW Data + ZI Data)            907688 ( 886.41kB)
    Total ROM Size (Code + RO Data + RW Data)     116124 ( 113.40kB)

==============================================================================

